Archive member included because of file (symbol)

C:\Users\PC\AppData\Local\Temp\VMBuilds\slave\Arduino_STM32_genericSTM32F103C\Release/core.a(exc.S.o)
                              (__exc_hardfault)
C:\Users\PC\AppData\Local\Temp\VMBuilds\slave\Arduino_STM32_genericSTM32F103C\Release/core.a(isrs.S.o)
                              (__stm32reservedexception7)
C:\Users\PC\AppData\Local\Temp\VMBuilds\slave\Arduino_STM32_genericSTM32F103C\Release/core.a(vector_table.S.o)
                              (__stm32_vector_table)
C:\Users\PC\AppData\Local\Temp\VMBuilds\slave\Arduino_STM32_genericSTM32F103C\Release/core.a(adc.c.o)
                              C:\Users\PC\AppData\Local\Temp\VMBuilds\slave\Arduino_STM32_genericSTM32F103C\Release\variant\boards.cpp.o (adc_set_sample_rate)
C:\Users\PC\AppData\Local\Temp\VMBuilds\slave\Arduino_STM32_genericSTM32F103C\Release/core.a(adc_f1.c.o)
                              C:\Users\PC\AppData\Local\Temp\VMBuilds\slave\Arduino_STM32_genericSTM32F103C\Release\variant\boards.cpp.o (adc_set_prescaler)
C:\Users\PC\AppData\Local\Temp\VMBuilds\slave\Arduino_STM32_genericSTM32F103C\Release/core.a(flash.c.o)
                              C:\Users\PC\AppData\Local\Temp\VMBuilds\slave\Arduino_STM32_genericSTM32F103C\Release\variant\boards.cpp.o (flash_set_latency)
C:\Users\PC\AppData\Local\Temp\VMBuilds\slave\Arduino_STM32_genericSTM32F103C\Release/core.a(gpio_f1.c.o)
                              C:\Users\PC\AppData\Local\Temp\VMBuilds\slave\Arduino_STM32_genericSTM32F103C\Release\variant\boards_setup.cpp.o (gpio_init_all)
C:\Users\PC\AppData\Local\Temp\VMBuilds\slave\Arduino_STM32_genericSTM32F103C\Release/core.a(nvic.c.o)
                              C:\Users\PC\AppData\Local\Temp\VMBuilds\slave\Arduino_STM32_genericSTM32F103C\Release\variant\boards.cpp.o (nvic_init)
C:\Users\PC\AppData\Local\Temp\VMBuilds\slave\Arduino_STM32_genericSTM32F103C\Release/core.a(rcc.c.o)
                              C:\Users\PC\AppData\Local\Temp\VMBuilds\slave\Arduino_STM32_genericSTM32F103C\Release\variant\boards.cpp.o (rcc_switch_sysclk)
C:\Users\PC\AppData\Local\Temp\VMBuilds\slave\Arduino_STM32_genericSTM32F103C\Release/core.a(rcc_f1.c.o)
                              C:\Users\PC\AppData\Local\Temp\VMBuilds\slave\Arduino_STM32_genericSTM32F103C\Release\variant\boards.cpp.o (rcc_configure_pll)
C:\Users\PC\AppData\Local\Temp\VMBuilds\slave\Arduino_STM32_genericSTM32F103C\Release/core.a(systick.c.o)
                              C:\Users\PC\AppData\Local\Temp\VMBuilds\slave\Arduino_STM32_genericSTM32F103C\Release\variant\boards.cpp.o (systick_init)
C:\Users\PC\AppData\Local\Temp\VMBuilds\slave\Arduino_STM32_genericSTM32F103C\Release/core.a(timer.c.o)
                              C:\Users\PC\AppData\Local\Temp\VMBuilds\slave\Arduino_STM32_genericSTM32F103C\Release\variant\boards.cpp.o (timer_foreach)
C:\Users\PC\AppData\Local\Temp\VMBuilds\slave\Arduino_STM32_genericSTM32F103C\Release/core.a(usart_f1.c.o)
                              C:\Users\PC\AppData\Local\Temp\VMBuilds\slave\Arduino_STM32_genericSTM32F103C\Release\variant\board.cpp.o (USART3)
C:\Users\PC\AppData\Local\Temp\VMBuilds\slave\Arduino_STM32_genericSTM32F103C\Release/core.a(usart_private.c.o)
                              C:\Users\PC\AppData\Local\Temp\VMBuilds\slave\Arduino_STM32_genericSTM32F103C\Release/core.a(usart_f1.c.o) (_usart_clock_freq)
C:\Users\PC\AppData\Local\Temp\VMBuilds\slave\Arduino_STM32_genericSTM32F103C\Release/core.a(util.c.o)
                              C:\Users\PC\AppData\Local\Temp\VMBuilds\slave\Arduino_STM32_genericSTM32F103C\Release/core.a(exc.S.o) (__error)
C:\Users\PC\AppData\Local\Temp\VMBuilds\slave\Arduino_STM32_genericSTM32F103C\Release/core.a(HardwareSerial.cpp.o)
                              C:\Users\PC\AppData\Local\Temp\VMBuilds\slave\Arduino_STM32_genericSTM32F103C\Release\slave.cpp.o (HardwareSerial::read())
C:\Users\PC\AppData\Local\Temp\VMBuilds\slave\Arduino_STM32_genericSTM32F103C\Release/core.a(main.cpp.o)
                              (main)
C:\Users\PC\AppData\Local\Temp\VMBuilds\slave\Arduino_STM32_genericSTM32F103C\Release/core.a(new.cpp.o)
                              C:\Users\PC\AppData\Local\Temp\VMBuilds\slave\Arduino_STM32_genericSTM32F103C\Release\DataGroup.cpp.o (operator new[](unsigned int))
C:\Users\PC\AppData\Local\Temp\VMBuilds\slave\Arduino_STM32_genericSTM32F103C\Release/core.a(Print.cpp.o)
                              C:\Users\PC\AppData\Local\Temp\VMBuilds\slave\Arduino_STM32_genericSTM32F103C\Release/core.a(HardwareSerial.cpp.o) (Print::write(char const*))
C:\Users\PC\AppData\Local\Temp\VMBuilds\slave\Arduino_STM32_genericSTM32F103C\Release/core.a(usb_serial.cpp.o)
                              C:\Users\PC\AppData\Local\Temp\VMBuilds\slave\Arduino_STM32_genericSTM32F103C\Release\variant\boards_setup.cpp.o (USBSerial::begin())
C:\Users\PC\AppData\Local\Temp\VMBuilds\slave\Arduino_STM32_genericSTM32F103C\Release/core.a(wirish_analog.cpp.o)
[...]
Memory Configuration

Name             Origin             Length             Attributes
ram              0x20000000         0x00005000         xrw
rom              0x08002000         0x0001e000         xr
*default*        0x00000000         0xffffffff

Linker script and memory map

LOAD c:/users/pc/appdata/local/arduino15/packages/arduino/tools/arm-none-eabi-gcc/4.8.3-2014q1/bin/../lib/gcc/arm-none-eabi/4.8.3/armv7-m/crti.o
LOAD c:/users/pc/appdata/local/arduino15/packages/arduino/tools/arm-none-eabi-gcc/4.8.3-2014q1/bin/../lib/gcc/arm-none-eabi/4.8.3/armv7-m/crtbegin.o
LOAD c:/users/pc/appdata/local/arduino15/packages/arduino/tools/arm-none-eabi-gcc/4.8.3-2014q1/bin/../lib/gcc/arm-none-eabi/4.8.3/../../../../arm-none-eabi/lib/armv7-m/crt0.o
LOAD c:/users/pc/appdata/local/arduino15/packages/arduino/tools/arm-none-eabi-gcc/4.8.3-2014q1/bin/../lib/gcc/arm-none-eabi/4.8.3/armv7-m\libgcc.a
START GROUP
LOAD C:\Users\PC\AppData\Local\Temp\VMBuilds\slave\Arduino_STM32_genericSTM32F103C\Release\slave.cpp.o
LOAD C:\Users\PC\AppData\Local\Temp\VMBuilds\slave\Arduino_STM32_genericSTM32F103C\Release\DataGroup.cpp.o
LOAD C:\Users\PC\AppData\Local\Temp\VMBuilds\slave\Arduino_STM32_genericSTM32F103C\Release\variant\board.cpp.o
LOAD C:\Users\PC\AppData\Local\Temp\VMBuilds\slave\Arduino_STM32_genericSTM32F103C\Release\variant\boards.cpp.o
LOAD C:\Users\PC\AppData\Local\Temp\VMBuilds\slave\Arduino_STM32_genericSTM32F103C\Release\variant\boards_setup.cpp.o
LOAD C:\Users\PC\AppData\Local\Temp\VMBuilds\slave\Arduino_STM32_genericSTM32F103C\Release\variant\start.S.o
LOAD C:\Users\PC\AppData\Local\Temp\VMBuilds\slave\Arduino_STM32_genericSTM32F103C\Release\variant\start_c.c.o
LOAD C:\Users\PC\AppData\Local\Temp\VMBuilds\slave\Arduino_STM32_genericSTM32F103C\Release\variant\syscalls.c.o
LOAD C:\Users\PC\AppData\Local\Temp\VMBuilds\slave\Arduino_STM32_genericSTM32F103C\Release/core.a
END GROUP
LOAD c:/users/pc/appdata/local/arduino15/packages/arduino/tools/arm-none-eabi-gcc/4.8.3-2014q1/bin/../lib/gcc/arm-none-eabi/4.8.3/../../../../arm-none-eabi/lib/armv7-m\libstdc++.a
LOAD c:/users/pc/appdata/local/arduino15/packages/arduino/tools/arm-none-eabi-gcc/4.8.3-2014q1/bin/../lib/gcc/arm-none-eabi/4.8.3/../../../../arm-none-eabi/lib/armv7-m\libm.a
START GROUP
LOAD c:/users/pc/appdata/local/arduino15/packages/arduino/tools/arm-none-eabi-gcc/4.8.3-2014q1/bin/../lib/gcc/arm-none-eabi/4.8.3/armv7-m\libgcc.a
LOAD c:/users/pc/appdata/local/arduino15/packages/arduino/tools/arm-none-eabi-gcc/4.8.3-2014q1/bin/../lib/gcc/arm-none-eabi/4.8.3/../../../../arm-none-eabi/lib/armv7-m\libc.a
END GROUP
LOAD c:/users/pc/appdata/local/arduino15/packages/arduino/tools/arm-none-eabi-gcc/4.8.3-2014q1/bin/../lib/gcc/arm-none-eabi/4.8.3/armv7-m/crtend.o
LOAD c:/users/pc/appdata/local/arduino15/packages/arduino/tools/arm-none-eabi-gcc/4.8.3-2014q1/bin/../lib/gcc/arm-none-eabi/4.8.3/armv7-m/crtn.o
START GROUP
LOAD c:/users/pc/appdata/local/arduino15/packages/arduino/tools/arm-none-eabi-gcc/4.8.3-2014q1/bin/../lib/gcc/arm-none-eabi/4.8.3/armv7-m\libgcc.a
LOAD c:/users/pc/appdata/local/arduino15/packages/arduino/tools/arm-none-eabi-gcc/4.8.3-2014q1/bin/../lib/gcc/arm-none-eabi/4.8.3/../../../../arm-none-eabi/lib/armv7-m\libc.a
LOAD c:/users/pc/appdata/local/arduino15/packages/arduino/tools/arm-none-eabi-gcc/4.8.3-2014q1/bin/../lib/gcc/arm-none-eabi/4.8.3/../../../../arm-none-eabi/lib/armv7-m\libm.a
END GROUP
START GROUP
LOAD c:/users/pc/appdata/local/arduino15/packages/arduino/tools/arm-none-eabi-gcc/4.8.3-2014q1/bin/../lib/gcc/arm-none-eabi/4.8.3/../../../../arm-none-eabi/lib/armv7-m\libnosys.a
END GROUP
                0x20005000                PROVIDE (__msp_init, (ORIGIN (ram) + 0x5000))
                0x08002738                PROVIDE (__exc_reset, __start__)

.text           0x08002000     0x3614
                0x08002000                __text_start__ = .
 *(.stm32.interrupt_vector)
 .stm32.interrupt_vector
                0x08002000       0xec C:\Users\PC\AppData\Local\Temp\VMBuilds\slave\Arduino_STM32_genericSTM32F103C\Release/core.a(vector_table.S.o)
                0x08002000                __stm32_vector_table
 *(.text .text.* .gnu.linkonce.t.*)
 .text          0x080020ec       0x54 c:/users/pc/appdata/local/arduino15/packages/arduino/tools/arm-none-eabi-gcc/4.8.3-2014q1/bin/../lib/gcc/arm-none-eabi/4.8.3/armv7-m/crtbegin.o
 .text._ZL6microsv
                0x08002140       0x34 C:\Users\PC\AppData\Local\Temp\VMBuilds\slave\Arduino_STM32_genericSTM32F103C\Release\slave.cpp.o
 .text._Z5setupv
                0x08002174       0xc8 C:\Users\PC\AppData\Local\Temp\VMBuilds\slave\Arduino_STM32_genericSTM32F103C\Release\slave.cpp.o
                0x08002174                setup()
 .text._Z11readSensorsv
                0x0800223c       0x90 C:\Users\PC\AppData\Local\Temp\VMBuilds\slave\Arduino_STM32_genericSTM32F103C\Release\slave.cpp.o
                0x0800223c                readSensors()
 .text._Z8waitBytev
                0x080022cc       0x24 C:\Users\PC\AppData\Local\Temp\VMBuilds\slave\Arduino_STM32_genericSTM32F103C\Release\slave.cpp.o
                0x080022cc                waitByte()
 .text._Z11waitCommandv
                0x080022f0      0x114 C:\Users\PC\AppData\Local\Temp\VMBuilds\slave\Arduino_STM32_genericSTM32F103C\Release\slave.cpp.o
                0x080022f0                waitCommand()
 .text._Z4loopv
                0x08002404        0xe C:\Users\PC\AppData\Local\Temp\VMBuilds\slave\Arduino_STM32_genericSTM32F103C\Release\slave.cpp.o
                0x08002404                loop()
 .text._ZN14DataGroupClass8GetBytesEv
                0x08002412        0x4 C:\Users\PC\AppData\Local\Temp\VMBuilds\slave\Arduino_STM32_genericSTM32F103C\Release\DataGroup.cpp.o
                0x08002412                DataGroupClass::GetBytes()
 *fill*         0x08002416        0x2 
 .text._ZN14DataGroupClassC2Ev
                0x08002418       0x20 C:\Users\PC\AppData\Local\Temp\VMBuilds\slave\Arduino_STM32_genericSTM32F103C\Release\DataGroup.cpp.o
                0x08002418                DataGroupClass::DataGroupClass()
                0x08002418                DataGroupClass::DataGroupClass()
 .text._ZN14DataGroupClassaSERKS_
                0x08002438       0x40 C:\Users\PC\AppData\Local\Temp\VMBuilds\slave\Arduino_STM32_genericSTM32F103C\Release\DataGroup.cpp.o
                0x08002438                DataGroupClass::operator=(DataGroupClass const&)
 .text._ZN18DataContainerClass8AddGroupEv
                0x08002478       0x5c C:\Users\PC\AppData\Local\Temp\VMBuilds\slave\Arduino_STM32_genericSTM32F103C\Release\DataGroup.cpp.o
                0x08002478                DataContainerClass::AddGroup()
 .text._ZN18DataContainerClass12GetDataGroupEh
                0x080024d4       0x12 C:\Users\PC\AppData\Local\Temp\VMBuilds\slave\Arduino_STM32_genericSTM32F103C\Release\DataGroup.cpp.o
                0x080024d4                DataContainerClass::GetDataGroup(unsigned char)
 .text._Z9boardInitv
                0x080024e6        0x4 C:\Users\PC\AppData\Local\Temp\VMBuilds\slave\Arduino_STM32_genericSTM32F103C\Release\variant\board.cpp.o
                0x080024e6                boardInit()
 *fill*         0x080024ea        0x2 
 .text.startup._GLOBAL__sub_I__Z9boardInitv
                0x080024ec       0x48 C:\Users\PC\AppData\Local\Temp\VMBuilds\slave\Arduino_STM32_genericSTM32F103C\Release\variant\board.cpp.o
 .text._ZL18adc_default_configP7adc_dev
                0x08002534       0x1c C:\Users\PC\AppData\Local\Temp\VMBuilds\slave\Arduino_STM32_genericSTM32F103C\Release\variant\boards.cpp.o
 .text._ZL20timer_default_configP9timer_dev
                0x08002550       0x9e C:\Users\PC\AppData\Local\Temp\VMBuilds\slave\Arduino_STM32_genericSTM32F103C\Release\variant\boards.cpp.o
 *fill*         0x080025ee        0x2 
 .text._Z4initv
                0x080025f0       0xbc C:\Users\PC\AppData\Local\Temp\VMBuilds\slave\Arduino_STM32_genericSTM32F103C\Release\variant\boards.cpp.o
                0x080025f0                init()
 .text._ZN6wirish4priv15board_reset_pllEv
                0x080026ac        0x2 C:\Users\PC\AppData\Local\Temp\VMBuilds\slave\Arduino_STM32_genericSTM32F103C\Release\variant\boards_setup.cpp.o
                0x080026ac                wirish::priv::board_reset_pll()
 .text._ZN6wirish4priv28board_setup_clock_prescalersEv
                0x080026ae       0x2e C:\Users\PC\AppData\Local\Temp\VMBuilds\slave\Arduino_STM32_genericSTM32F103C\Release\variant\boards_setup.cpp.o
                0x080026ae                wirish::priv::board_setup_clock_prescalers()
 .text._ZN6wirish4priv16board_setup_gpioEv
                0x080026dc        0x4 C:\Users\PC\AppData\Local\Temp\VMBuilds\slave\Arduino_STM32_genericSTM32F103C\Release\variant\boards_setup.cpp.o
                0x080026dc                wirish::priv::board_setup_gpio()
 .text._ZN6wirish4priv15board_setup_usbEv
                0x080026e0       0x54 C:\Users\PC\AppData\Local\Temp\VMBuilds\slave\Arduino_STM32_genericSTM32F103C\Release\variant\boards_setup.cpp.o
                0x080026e0                wirish::priv::board_setup_usb()
 .text._ZN6wirish4priv11series_initEv
                0x08002734        0x4 C:\Users\PC\AppData\Local\Temp\VMBuilds\slave\Arduino_STM32_genericSTM32F103C\Release\variant\boards_setup.cpp.o
                0x08002734                wirish::priv::series_init()
 .text          0x08002738       0x10 C:\Users\PC\AppData\Local\Temp\VMBuilds\slave\Arduino_STM32_genericSTM32F103C\Release\variant\start.S.o
                0x08002738                __start__
 .text.start_c  0x08002748       0x64 C:\Users\PC\AppData\Local\Temp\VMBuilds\slave\Arduino_STM32_genericSTM32F103C\Release\variant\start_c.c.o
                0x08002748                start_c
 .text._sbrk    0x080027ac       0x44 C:\Users\PC\AppData\Local\Temp\VMBuilds\slave\Arduino_STM32_genericSTM32F103C\Release\variant\syscalls.c.o
                0x080027ac                _sbrk
 .text._exit    0x080027f0        0x2 C:\Users\PC\AppData\Local\Temp\VMBuilds\slave\Arduino_STM32_genericSTM32F103C\Release\variant\syscalls.c.o
                0x080027f0                _exit
 *fill*         0x080027f2        0xe 
 .text          0x08002800       0x60 C:\Users\PC\AppData\Local\Temp\VMBuilds\slave\Arduino_STM32_genericSTM32F103C\Release/core.a(exc.S.o)
                0x08002800                __exc_nmi
                0x08002804                __exc_hardfault
                0x08002808                __exc_memmanage
                0x0800280c                __exc_busfault
                0x08002810                __exc_usagefault
 .text          0x08002860        0x2 C:\Users\PC\AppData\Local\Temp\VMBuilds\slave\Arduino_STM32_genericSTM32F103C\Release/core.a(isrs.S.o)
                0x08002860                __stm32reservedexception9
                0x08002860                __irq_dma1_channel3
                0x08002860                __irq_i2c2_er
                0x08002860                __irq_i2c1_er
                0x08002860                __irq_dma1_channel6
                0x08002860                __exc_debug_monitor
                0x08002860                __irq_dma1_channel1
                0x08002860                __exc_svc
                0x08002860                __irq_dma1_channel4
                0x08002860                __irq_dma1_channel7
                0x08002860                __irq_exti0
                0x08002860                __irq_can_rx1
                0x08002860                __irq_spi2
                0x08002860                __irq_can_sce
                0x08002860                __irq_exti2
                0x08002860                __irq_exti3
                0x08002860                __irq_exti9_5
                0x08002860                __irq_pvd
                0x08002860                __irq_tamper
                0x08002860                __default_handler
                0x08002860                __irq_wwdg
                0x08002860                __stm32reservedexception10
                0x08002860                __irq_flash
                0x08002860                __irq_i2c2_ev
                0x08002860                __irq_dma1_channel2
                0x08002860                __irq_dma1_channel5
                0x08002860                __stm32reservedexception13
                0x08002860                __irq_rtc
                0x08002860                __irq_spi1
                0x08002860                __stm32reservedexception7
                0x08002860                __irq_usb_hp_can_tx
                0x08002860                __irq_exti15_10
                0x08002860                __irq_exti4
                0x08002860                __irq_rtcalarm
                0x08002860                __stm32reservedexception8
                0x08002860                __exc_pendsv
                0x08002860                __irq_i2c1_ev
                0x08002860                __irq_usbwakeup
                0x08002860                __irq_exti1
                0x08002860                __irq_rcc
 .text.adc_init
                0x08002862       0x14 C:\Users\PC\AppData\Local\Temp\VMBuilds\slave\Arduino_STM32_genericSTM32F103C\Release/core.a(adc.c.o)
                0x08002862                adc_init
 .text.adc_set_extsel
                0x08002876       0x12 C:\Users\PC\AppData\Local\Temp\VMBuilds\slave\Arduino_STM32_genericSTM32F103C\Release/core.a(adc.c.o)
                0x08002876                adc_set_extsel
 .text.adc_set_sample_rate
                0x08002888       0x30 C:\Users\PC\AppData\Local\Temp\VMBuilds\slave\Arduino_STM32_genericSTM32F103C\Release/core.a(adc.c.o)
                0x08002888                adc_set_sample_rate
 .text.adc_read
                0x080028b8       0x20 C:\Users\PC\AppData\Local\Temp\VMBuilds\slave\Arduino_STM32_genericSTM32F103C\Release/core.a(adc.c.o)
                0x080028b8                adc_read
 .text.__irq_adc
                0x080028d8       0x50 C:\Users\PC\AppData\Local\Temp\VMBuilds\slave\Arduino_STM32_genericSTM32F103C\Release/core.a(adc_f1.c.o)
                0x080028d8                __irq_adc
 .text.adc_calibrate
                0x08002928       0x24 C:\Users\PC\AppData\Local\Temp\VMBuilds\slave\Arduino_STM32_genericSTM32F103C\Release/core.a(adc_f1.c.o)
                0x08002928                adc_calibrate
 .text.adc_set_prescaler
                0x0800294c        0x8 C:\Users\PC\AppData\Local\Temp\VMBuilds\slave\Arduino_STM32_genericSTM32F103C\Release/core.a(adc_f1.c.o)
                0x0800294c                adc_set_prescaler
 .text.adc_foreach
                0x08002954       0x1c C:\Users\PC\AppData\Local\Temp\VMBuilds\slave\Arduino_STM32_genericSTM32F103C\Release/core.a(adc_f1.c.o)
                0x08002954                adc_foreach
 .text.adc_enable_single_swstart
                0x08002970       0x36 C:\Users\PC\AppData\Local\Temp\VMBuilds\slave\Arduino_STM32_genericSTM32F103C\Release/core.a(adc_f1.c.o)
                0x08002970                adc_enable_single_swstart
 *fill*         0x080029a6        0x2 
 .text.flash_set_latency
                0x080029a8       0x14 C:\Users\PC\AppData\Local\Temp\VMBuilds\slave\Arduino_STM32_genericSTM32F103C\Release/core.a(flash.c.o)
                0x080029a8                flash_set_latency
 .text.gpio_init_all
                0x080029bc       0x30 C:\Users\PC\AppData\Local\Temp\VMBuilds\slave\Arduino_STM32_genericSTM32F103C\Release/core.a(gpio_f1.c.o)
                0x080029bc                gpio_init_all
 .text.gpio_set_mode
                0x080029ec       0x50 C:\Users\PC\AppData\Local\Temp\VMBuilds\slave\Arduino_STM32_genericSTM32F103C\Release/core.a(gpio_f1.c.o)
                0x080029ec                gpio_set_mode
 .text.afio_init
                0x08002a3c       0x12 C:\Users\PC\AppData\Local\Temp\VMBuilds\slave\Arduino_STM32_genericSTM32F103C\Release/core.a(gpio_f1.c.o)
                0x08002a3c                afio_init
 *fill*         0x08002a4e        0x2 
 .text.nvic_irq_set_priority
                0x08002a50       0x28 C:\Users\PC\AppData\Local\Temp\VMBuilds\slave\Arduino_STM32_genericSTM32F103C\Release/core.a(nvic.c.o)
                0x08002a50                nvic_irq_set_priority
 .text.nvic_init
                0x08002a78       0x30 C:\Users\PC\AppData\Local\Temp\VMBuilds\slave\Arduino_STM32_genericSTM32F103C\Release/core.a(nvic.c.o)
                0x08002a78                nvic_init
 .text.nvic_sys_reset
                0x08002aa8       0x1c C:\Users\PC\AppData\Local\Temp\VMBuilds\slave\Arduino_STM32_genericSTM32F103C\Release/core.a(nvic.c.o)
                0x08002aa8                nvic_sys_reset
 .text.rcc_dev_clk
                0x08002ac4        0xc C:\Users\PC\AppData\Local\Temp\VMBuilds\slave\Arduino_STM32_genericSTM32F103C\Release/core.a(rcc.c.o)
                0x08002ac4                rcc_dev_clk
 .text.rcc_switch_sysclk
                0x08002ad0       0x20 C:\Users\PC\AppData\Local\Temp\VMBuilds\slave\Arduino_STM32_genericSTM32F103C\Release/core.a(rcc.c.o)
                0x08002ad0                rcc_switch_sysclk
 .text.rcc_turn_on_clk
                0x08002af0       0x1a C:\Users\PC\AppData\Local\Temp\VMBuilds\slave\Arduino_STM32_genericSTM32F103C\Release/core.a(rcc.c.o)
                0x08002af0                rcc_turn_on_clk
 .text.rcc_turn_off_clk
                0x08002b0a       0x1c C:\Users\PC\AppData\Local\Temp\VMBuilds\slave\Arduino_STM32_genericSTM32F103C\Release/core.a(rcc.c.o)
                0x08002b0a                rcc_turn_off_clk
 .text.rcc_is_clk_ready
                0x08002b26       0x18 C:\Users\PC\AppData\Local\Temp\VMBuilds\slave\Arduino_STM32_genericSTM32F103C\Release/core.a(rcc.c.o)
                0x08002b26                rcc_is_clk_ready
 *fill*         0x08002b3e        0x2 
 .text.rcc_configure_pll
                0x08002b40       0x18 C:\Users\PC\AppData\Local\Temp\VMBuilds\slave\Arduino_STM32_genericSTM32F103C\Release/core.a(rcc_f1.c.o)
                0x08002b40                rcc_configure_pll
 .text.rcc_clk_enable
                0x08002b58       0x30 C:\Users\PC\AppData\Local\Temp\VMBuilds\slave\Arduino_STM32_genericSTM32F103C\Release/core.a(rcc_f1.c.o)
                0x08002b58                rcc_clk_enable
 .text.rcc_reset_dev
                0x08002b88       0x34 C:\Users\PC\AppData\Local\Temp\VMBuilds\slave\Arduino_STM32_genericSTM32F103C\Release/core.a(rcc_f1.c.o)
                0x08002b88                rcc_reset_dev
 .text.rcc_set_prescaler
                0x08002bbc       0x20 C:\Users\PC\AppData\Local\Temp\VMBuilds\slave\Arduino_STM32_genericSTM32F103C\Release/core.a(rcc_f1.c.o)
                0x08002bbc                rcc_set_prescaler
 .text.rcc_clk_disable
                0x08002bdc       0x30 C:\Users\PC\AppData\Local\Temp\VMBuilds\slave\Arduino_STM32_genericSTM32F103C\Release/core.a(rcc_f1.c.o)
                0x08002bdc                rcc_clk_disable
 .text.systick_init
                0x08002c0c       0x10 C:\Users\PC\AppData\Local\Temp\VMBuilds\slave\Arduino_STM32_genericSTM32F103C\Release/core.a(systick.c.o)
                0x08002c0c                systick_init
 .text.__exc_systick
                0x08002c1c       0x1c C:\Users\PC\AppData\Local\Temp\VMBuilds\slave\Arduino_STM32_genericSTM32F103C\Release/core.a(systick.c.o)
                0x08002c1c                __exc_systick
 .text.timer_oc_set_mode
                0x08002c38       0x3a C:\Users\PC\AppData\Local\Temp\VMBuilds\slave\Arduino_STM32_genericSTM32F103C\Release/core.a(timer.c.o)
 .text.timer_cc_enable
                0x08002c72       0x1c C:\Users\PC\AppData\Local\Temp\VMBuilds\slave\Arduino_STM32_genericSTM32F103C\Release/core.a(timer.c.o)
 *fill*         0x08002c8e        0x2 
 .text.timer_foreach
                0x08002c90       0x28 C:\Users\PC\AppData\Local\Temp\VMBuilds\slave\Arduino_STM32_genericSTM32F103C\Release/core.a(timer.c.o)
                0x08002c90                timer_foreach
 .text.timer_init
                0x08002cb8       0x14 C:\Users\PC\AppData\Local\Temp\VMBuilds\slave\Arduino_STM32_genericSTM32F103C\Release/core.a(timer.c.o)
                0x08002cb8                timer_init
 .text.timer_has_cc_channel
                0x08002ccc       0x30 C:\Users\PC\AppData\Local\Temp\VMBuilds\slave\Arduino_STM32_genericSTM32F103C\Release/core.a(timer.c.o)
                0x08002ccc                timer_has_cc_channel
 .text.timer_detach_interrupt
                0x08002cfc       0x1e C:\Users\PC\AppData\Local\Temp\VMBuilds\slave\Arduino_STM32_genericSTM32F103C\Release/core.a(timer.c.o)
                0x08002cfc                timer_detach_interrupt
 .text.input_capture_mode
                0x08002d1a       0x1a C:\Users\PC\AppData\Local\Temp\VMBuilds\slave\Arduino_STM32_genericSTM32F103C\Release/core.a(timer.c.o)
                0x08002d1a                input_capture_mode
 .text.timer_set_mode
                0x08002d34       0x8c C:\Users\PC\AppData\Local\Temp\VMBuilds\slave\Arduino_STM32_genericSTM32F103C\Release/core.a(timer.c.o)
                0x08002d34                timer_set_mode
 .text.__irq_tim1_brk
                0x08002dc0       0x24 C:\Users\PC\AppData\Local\Temp\VMBuilds\slave\Arduino_STM32_genericSTM32F103C\Release/core.a(timer.c.o)
                0x08002dc0                __irq_tim1_brk
 .text.__irq_tim1_up
                0x08002de4       0x24 C:\Users\PC\AppData\Local\Temp\VMBuilds\slave\Arduino_STM32_genericSTM32F103C\Release/core.a(timer.c.o)
                0x08002de4                __irq_tim1_up
 .text.__irq_tim1_trg_com
                0x08002e08       0x38 C:\Users\PC\AppData\Local\Temp\VMBuilds\slave\Arduino_STM32_genericSTM32F103C\Release/core.a(timer.c.o)
                0x08002e08                __irq_tim1_trg_com
 .text.__irq_tim1_cc
                0x08002e40       0x54 C:\Users\PC\AppData\Local\Temp\VMBuilds\slave\Arduino_STM32_genericSTM32F103C\Release/core.a(timer.c.o)
                0x08002e40                __irq_tim1_cc
 .text.__irq_tim2
                0x08002e94       0x70 C:\Users\PC\AppData\Local\Temp\VMBuilds\slave\Arduino_STM32_genericSTM32F103C\Release/core.a(timer.c.o)
                0x08002e94                __irq_tim2
 .text.__irq_tim3
                0x08002f04       0x70 C:\Users\PC\AppData\Local\Temp\VMBuilds\slave\Arduino_STM32_genericSTM32F103C\Release/core.a(timer.c.o)
                0x08002f04                __irq_tim3
 .text.__irq_tim4
                0x08002f74       0x70 C:\Users\PC\AppData\Local\Temp\VMBuilds\slave\Arduino_STM32_genericSTM32F103C\Release/core.a(timer.c.o)
                0x08002f74                __irq_tim4
 .text.rb_remove
                0x08002fe4       0x24 C:\Users\PC\AppData\Local\Temp\VMBuilds\slave\Arduino_STM32_genericSTM32F103C\Release/core.a(usart_f1.c.o)
 .text.rb_push_insert
                0x08003008       0x52 C:\Users\PC\AppData\Local\Temp\VMBuilds\slave\Arduino_STM32_genericSTM32F103C\Release/core.a(usart_f1.c.o)
 .text.usart_config_gpios_async
                0x0800305a       0x4a C:\Users\PC\AppData\Local\Temp\VMBuilds\slave\Arduino_STM32_genericSTM32F103C\Release/core.a(usart_f1.c.o)
                0x0800305a                usart_config_gpios_async
 .text.usart_set_baud_rate
                0x080030a4       0x3c C:\Users\PC\AppData\Local\Temp\VMBuilds\slave\Arduino_STM32_genericSTM32F103C\Release/core.a(usart_f1.c.o)
                0x080030a4                usart_set_baud_rate
 .text.__irq_usart1
                0x080030e0       0x54 C:\Users\PC\AppData\Local\Temp\VMBuilds\slave\Arduino_STM32_genericSTM32F103C\Release/core.a(usart_f1.c.o)
                0x080030e0                __irq_usart1
 .text.__irq_usart2
                0x08003134       0x54 C:\Users\PC\AppData\Local\Temp\VMBuilds\slave\Arduino_STM32_genericSTM32F103C\Release/core.a(usart_f1.c.o)
                0x08003134                __irq_usart2
 .text.__irq_usart3
                0x08003188       0x54 C:\Users\PC\AppData\Local\Temp\VMBuilds\slave\Arduino_STM32_genericSTM32F103C\Release/core.a(usart_f1.c.o)
                0x08003188                __irq_usart3
 .text._usart_clock_freq
                0x080031dc       0x24 C:\Users\PC\AppData\Local\Temp\VMBuilds\slave\Arduino_STM32_genericSTM32F103C\Release/core.a(usart_private.c.o)
                0x080031dc                _usart_clock_freq
 .text.throb    0x08003200       0x4c C:\Users\PC\AppData\Local\Temp\VMBuilds\slave\Arduino_STM32_genericSTM32F103C\Release/core.a(util.c.o)
                0x08003200                throb
 .text.__error  0x0800324c       0x14 C:\Users\PC\AppData\Local\Temp\VMBuilds\slave\Arduino_STM32_genericSTM32F103C\Release/core.a(util.c.o)
                0x0800324c                __error
 .text._ZN14HardwareSerial4readEv
                0x08003260       0x4e C:\Users\PC\AppData\Local\Temp\VMBuilds\slave\Arduino_STM32_genericSTM32F103C\Release/core.a(HardwareSerial.cpp.o)
                0x08003260                HardwareSerial::read()
 .text._ZN14HardwareSerial4peekEv
                0x080032ae       0x22 C:\Users\PC\AppData\Local\Temp\VMBuilds\slave\Arduino_STM32_genericSTM32F103C\Release/core.a(HardwareSerial.cpp.o)
                0x080032ae                HardwareSerial::peek()
 .text._ZN14HardwareSerial5flushEv
                0x080032d0       0x1a C:\Users\PC\AppData\Local\Temp\VMBuilds\slave\Arduino_STM32_genericSTM32F103C\Release/core.a(HardwareSerial.cpp.o)
                0x080032d0                HardwareSerial::flush()
 .text._ZN14HardwareSerial5writeEh
                0x080032ea       0x1e C:\Users\PC\AppData\Local\Temp\VMBuilds\slave\Arduino_STM32_genericSTM32F103C\Release/core.a(HardwareSerial.cpp.o)
                0x080032ea                HardwareSerial::write(unsigned char)
 .text._ZN14HardwareSerial9availableEv
                0x08003308       0x26 C:\Users\PC\AppData\Local\Temp\VMBuilds\slave\Arduino_STM32_genericSTM32F103C\Release/core.a(HardwareSerial.cpp.o)
                0x08003308                HardwareSerial::available()
 *fill*         0x0800332e        0x2 
 .text._ZN14HardwareSerialC2EP9usart_devhh
                0x08003330       0x1c C:\Users\PC\AppData\Local\Temp\VMBuilds\slave\Arduino_STM32_genericSTM32F103C\Release/core.a(HardwareSerial.cpp.o)
                0x08003330                HardwareSerial::HardwareSerial(usart_dev*, unsigned char, unsigned char)
                0x08003330                HardwareSerial::HardwareSerial(usart_dev*, unsigned char, unsigned char)
 .text._ZN14HardwareSerial5beginEmh
                0x0800334c       0x78 C:\Users\PC\AppData\Local\Temp\VMBuilds\slave\Arduino_STM32_genericSTM32F103C\Release/core.a(HardwareSerial.cpp.o)
                0x0800334c                HardwareSerial::begin(unsigned long, unsigned char)
 .text._ZN14HardwareSerial5beginEm
                0x080033c4        0x6 C:\Users\PC\AppData\Local\Temp\VMBuilds\slave\Arduino_STM32_genericSTM32F103C\Release/core.a(HardwareSerial.cpp.o)
                0x080033c4                HardwareSerial::begin(unsigned long)
 .text.startup._Z7premainv
                0x080033ca        0x4 C:\Users\PC\AppData\Local\Temp\VMBuilds\slave\Arduino_STM32_genericSTM32F103C\Release/core.a(main.cpp.o)
                0x080033ca                premain()
 .text.startup.main
                0x080033ce        0xc C:\Users\PC\AppData\Local\Temp\VMBuilds\slave\Arduino_STM32_genericSTM32F103C\Release/core.a(main.cpp.o)
                0x080033ce                main
 .text._Znaj    0x080033da        0x4 C:\Users\PC\AppData\Local\Temp\VMBuilds\slave\Arduino_STM32_genericSTM32F103C\Release/core.a(new.cpp.o)
                0x080033da                operator new[](unsigned int)
 .text._ZdaPv   0x080033de        0x4 C:\Users\PC\AppData\Local\Temp\VMBuilds\slave\Arduino_STM32_genericSTM32F103C\Release/core.a(new.cpp.o)
                0x080033de                operator delete[](void*)
 .text._ZN5Print5writeEPKc
                0x080033e2       0x1c C:\Users\PC\AppData\Local\Temp\VMBuilds\slave\Arduino_STM32_genericSTM32F103C\Release/core.a(Print.cpp.o)
                0x080033e2                Print::write(char const*)
 .text._ZN5Print5writeEPKvm
                0x080033fe       0x20 C:\Users\PC\AppData\Local\Temp\VMBuilds\slave\Arduino_STM32_genericSTM32F103C\Release/core.a(Print.cpp.o)
                0x080033fe                Print::write(void const*, unsigned long)
 .text._ZN5Print5printEc
                0x0800341e        0xa C:\Users\PC\AppData\Local\Temp\VMBuilds\slave\Arduino_STM32_genericSTM32F103C\Release/core.a(Print.cpp.o)
                0x0800341e                Print::print(char)
 .text._ZN5Print5printEPKc
                0x08003428        0xa C:\Users\PC\AppData\Local\Temp\VMBuilds\slave\Arduino_STM32_genericSTM32F103C\Release/core.a(Print.cpp.o)
                0x08003428                Print::print(char const*)
 .text._ZN5Print7printlnEv
                0x08003432       0x18 C:\Users\PC\AppData\Local\Temp\VMBuilds\slave\Arduino_STM32_genericSTM32F103C\Release/core.a(Print.cpp.o)
                0x08003432                Print::println()
 .text._ZN5Print7printlnEPKc
                0x0800344a       0x14 C:\Users\PC\AppData\Local\Temp\VMBuilds\slave\Arduino_STM32_genericSTM32F103C\Release/core.a(Print.cpp.o)
                0x0800344a                Print::println(char const*)
 .text._ZN9USBSerial9availableEv
                0x0800345e        0x4 C:\Users\PC\AppData\Local\Temp\VMBuilds\slave\Arduino_STM32_genericSTM32F103C\Release/core.a(usb_serial.cpp.o)
                0x0800345e                USBSerial::available()
 .text._ZN9USBSerial4peekEv
                0x08003462       0x1e C:\Users\PC\AppData\Local\Temp\VMBuilds\slave\Arduino_STM32_genericSTM32F103C\Release/core.a(usb_serial.cpp.o)
                0x08003462                USBSerial::peek()
 .text._ZN9USBSerial4readEv
                0x08003480       0x1e C:\Users\PC\AppData\Local\Temp\VMBuilds\slave\Arduino_STM32_genericSTM32F103C\Release/core.a(usb_serial.cpp.o)
                0x08003480                USBSerial::read()
 *fill*         0x0800349e        0x2 
 .text._ZL14ifaceSetupHookjPv
                0x080034a0       0x50 C:\Users\PC\AppData\Local\Temp\VMBuilds\slave\Arduino_STM32_genericSTM32F103C\Release/core.a(usb_serial.cpp.o)
 .text._ZL6rxHookjPv
                0x080034f0       0x84 C:\Users\PC\AppData\Local\Temp\VMBuilds\slave\Arduino_STM32_genericSTM32F103C\Release/core.a(usb_serial.cpp.o)
 .text._ZL10wait_resetv
                0x08003574       0x10 C:\Users\PC\AppData\Local\Temp\VMBuilds\slave\Arduino_STM32_genericSTM32F103C\Release/core.a(usb_serial.cpp.o)
 .text._ZN9USBSerialC2Ev
                0x08003584       0x14 C:\Users\PC\AppData\Local\Temp\VMBuilds\slave\Arduino_STM32_genericSTM32F103C\Release/core.a(usb_serial.cpp.o)
                0x08003584                USBSerial::USBSerial()
                0x08003584                USBSerial::USBSerial()
 .text._ZN9USBSerial5beginEv
                0x08003598       0x34 C:\Users\PC\AppData\Local\Temp\VMBuilds\slave\Arduino_STM32_genericSTM32F103C\Release/core.a(usb_serial.cpp.o)
                0x08003598                USBSerial::begin()
 .text._ZN9USBSerial5beginEm
                0x080035cc       0x10 C:\Users\PC\AppData\Local\Temp\VMBuilds\slave\Arduino_STM32_genericSTM32F103C\Release/core.a(usb_serial.cpp.o)
                0x080035cc                USBSerial::begin(unsigned long)
 .text._ZN9USBSerial4readEPhm
                0x080035dc       0x1c C:\Users\PC\AppData\Local\Temp\VMBuilds\slave\Arduino_STM32_genericSTM32F103C\Release/core.a(usb_serial.cpp.o)
                0x080035dc                USBSerial::read(unsigned char*, unsigned long)
 .text._ZN9USBSerial5flushEv
                0x080035f8       0x1c C:\Users\PC\AppData\Local\Temp\VMBuilds\slave\Arduino_STM32_genericSTM32F103C\Release/core.a(usb_serial.cpp.o)
                0x080035f8                USBSerial::flush()
 .text._ZN9USBSerialcvbEv
                0x08003614       0x20 C:\Users\PC\AppData\Local\Temp\VMBuilds\slave\Arduino_STM32_genericSTM32F103C\Release/core.a(usb_serial.cpp.o)
                0x08003614                USBSerial::operator bool()
 .text._ZN9USBSerial5writeEPKhm
                0x08003634       0x24 C:\Users\PC\AppData\Local\Temp\VMBuilds\slave\Arduino_STM32_genericSTM32F103C\Release/core.a(usb_serial.cpp.o)
                0x08003634                USBSerial::write(unsigned char const*, unsigned long)
 .text._ZN9USBSerial5writeEh
                0x08003658       0x18 C:\Users\PC\AppData\Local\Temp\VMBuilds\slave\Arduino_STM32_genericSTM32F103C\Release/core.a(usb_serial.cpp.o)
                0x08003658                USBSerial::write(unsigned char)
 .text._ZN9USBSerial5writeEPKc
                0x08003670       0x1a C:\Users\PC\AppData\Local\Temp\VMBuilds\slave\Arduino_STM32_genericSTM32F103C\Release/core.a(usb_serial.cpp.o)
                0x08003670                USBSerial::write(char const*)
 *fill*         0x0800368a        0x2 
 .text.startup._GLOBAL__sub_I__ZN9USBSerial9_hasBegunE
                0x0800368c        0xc C:\Users\PC\AppData\Local\Temp\VMBuilds\slave\Arduino_STM32_genericSTM32F103C\Release/core.a(usb_serial.cpp.o)
 .text._Z10analogReadh
                0x08003698       0x1c C:\Users\PC\AppData\Local\Temp\VMBuilds\slave\Arduino_STM32_genericSTM32F103C\Release/core.a(wirish_analog.cpp.o)
                0x08003698                analogRead(unsigned char)
 .text._Z11digitalReadh
                0x080036b4       0x2c C:\Users\PC\AppData\Local\Temp\VMBuilds\slave\Arduino_STM32_genericSTM32F103C\Release/core.a(wirish_digital.cpp.o)
                0x080036b4                digitalRead(unsigned char)
 .text._Z12digitalWritehh
                0x080036e0       0x2c C:\Users\PC\AppData\Local\Temp\VMBuilds\slave\Arduino_STM32_genericSTM32F103C\Release/core.a(wirish_digital.cpp.o)
                0x080036e0                digitalWrite(unsigned char, unsigned char)
 .text._Z17disableDebugPortsv
                0x0800370c       0x14 C:\Users\PC\AppData\Local\Temp\VMBuilds\slave\Arduino_STM32_genericSTM32F103C\Release/core.a(wirish_debug.cpp.o)
                0x0800370c                disableDebugPorts()
 .text._Z7pinModeh13WiringPinMode
                0x08003720       0x84 C:\Users\PC\AppData\Local\Temp\VMBuilds\slave\Arduino_STM32_genericSTM32F103C\Release/core.a(wirish_digital_f1.cpp.o)
                0x08003720                pinMode(unsigned char, WiringPinMode)
 .text.gpio_init
                0x080037a4       0x14 C:\Users\PC\AppData\Local\Temp\VMBuilds\slave\Arduino_STM32_genericSTM32F103C\Release/core.a(gpio.c.o)
                0x080037a4                gpio_init
 .text.iwdg_init
                0x080037b8       0x20 C:\Users\PC\AppData\Local\Temp\VMBuilds\slave\Arduino_STM32_genericSTM32F103C\Release/core.a(iwdg.c.o)
                0x080037b8                iwdg_init
 .text.usart_init
                0x080037d8       0x4c C:\Users\PC\AppData\Local\Temp\VMBuilds\slave\Arduino_STM32_genericSTM32F103C\Release/core.a(usart.c.o)
                0x080037d8                usart_init
 .text.usart_enable
                0x08003824       0x14 C:\Users\PC\AppData\Local\Temp\VMBuilds\slave\Arduino_STM32_genericSTM32F103C\Release/core.a(usart.c.o)
                0x08003824                usart_enable
 .text.usart_tx
                0x08003838       0x9c C:\Users\PC\AppData\Local\Temp\VMBuilds\slave\Arduino_STM32_genericSTM32F103C\Release/core.a(usart.c.o)
                0x08003838                usart_tx
 .text.usb_resume
                0x080038d4       0xb4 C:\Users\PC\AppData\Local\Temp\VMBuilds\slave\Arduino_STM32_genericSTM32F103C\Release/core.a(usb.c.o)
 .text.usb_init_usblib
                0x08003988       0x48 C:\Users\PC\AppData\Local\Temp\VMBuilds\slave\Arduino_STM32_genericSTM32F103C\Release/core.a(usb.c.o)
                0x08003988                usb_init_usblib
 .text.__irq_usb_lp_can_rx0
                0x080039d0      0x1c8 C:\Users\PC\AppData\Local\Temp\VMBuilds\slave\Arduino_STM32_genericSTM32F103C\Release/core.a(usb.c.o)
                0x080039d0                __irq_usb_lp_can_rx0
 .text.usb_set_ep_rx_stat
                0x08003b98       0x22 C:\Users\PC\AppData\Local\Temp\VMBuilds\slave\Arduino_STM32_genericSTM32F103C\Release/core.a(usb_cdcacm.c.o)
 *fill*         0x08003bba        0x2 
 .text.vcomGetSetLineCoding
                0x08003bbc       0x18 C:\Users\PC\AppData\Local\Temp\VMBuilds\slave\Arduino_STM32_genericSTM32F103C\Release/core.a(usb_cdcacm.c.o)
 .text.usbDataSetup
                0x08003bd4       0x54 C:\Users\PC\AppData\Local\Temp\VMBuilds\slave\Arduino_STM32_genericSTM32F103C\Release/core.a(usb_cdcacm.c.o)
 .text.usbNoDataSetup
                0x08003c28       0x50 C:\Users\PC\AppData\Local\Temp\VMBuilds\slave\Arduino_STM32_genericSTM32F103C\Release/core.a(usb_cdcacm.c.o)
 .text.usbGetInterfaceSetting
                0x08003c78       0x10 C:\Users\PC\AppData\Local\Temp\VMBuilds\slave\Arduino_STM32_genericSTM32F103C\Release/core.a(usb_cdcacm.c.o)
 .text.usbSetConfiguration
                0x08003c88       0x1c C:\Users\PC\AppData\Local\Temp\VMBuilds\slave\Arduino_STM32_genericSTM32F103C\Release/core.a(usb_cdcacm.c.o)
 .text.usbSetDeviceAddress
                0x08003ca4       0x10 C:\Users\PC\AppData\Local\Temp\VMBuilds\slave\Arduino_STM32_genericSTM32F103C\Release/core.a(usb_cdcacm.c.o)
 .text.usbGetStringDescriptor
                0x08003cb4       0x20 C:\Users\PC\AppData\Local\Temp\VMBuilds\slave\Arduino_STM32_genericSTM32F103C\Release/core.a(usb_cdcacm.c.o)
 .text.usbGetConfigDescriptor
                0x08003cd4        0xc C:\Users\PC\AppData\Local\Temp\VMBuilds\slave\Arduino_STM32_genericSTM32F103C\Release/core.a(usb_cdcacm.c.o)
 .text.usbGetDeviceDescriptor
                0x08003ce0        0xc C:\Users\PC\AppData\Local\Temp\VMBuilds\slave\Arduino_STM32_genericSTM32F103C\Release/core.a(usb_cdcacm.c.o)
 .text.usbInit  0x08003cec       0x44 C:\Users\PC\AppData\Local\Temp\VMBuilds\slave\Arduino_STM32_genericSTM32F103C\Release/core.a(usb_cdcacm.c.o)
 .text.vcomDataTxCb
                0x08003d30       0xa0 C:\Users\PC\AppData\Local\Temp\VMBuilds\slave\Arduino_STM32_genericSTM32F103C\Release/core.a(usb_cdcacm.c.o)
 .text.usbReset
                0x08003dd0      0x160 C:\Users\PC\AppData\Local\Temp\VMBuilds\slave\Arduino_STM32_genericSTM32F103C\Release/core.a(usb_cdcacm.c.o)
 .text.vcomDataRxCb
                0x08003f30       0x7c C:\Users\PC\AppData\Local\Temp\VMBuilds\slave\Arduino_STM32_genericSTM32F103C\Release/core.a(usb_cdcacm.c.o)
 .text.usb_cdcacm_set_hooks
                0x08003fac       0x1c C:\Users\PC\AppData\Local\Temp\VMBuilds\slave\Arduino_STM32_genericSTM32F103C\Release/core.a(usb_cdcacm.c.o)
                0x08003fac                usb_cdcacm_set_hooks
 .text.usb_cdcacm_enable
                0x08003fc8       0x38 C:\Users\PC\AppData\Local\Temp\VMBuilds\slave\Arduino_STM32_genericSTM32F103C\Release/core.a(usb_cdcacm.c.o)
                0x08003fc8                usb_cdcacm_enable
 .text.usb_cdcacm_tx
                0x08004000       0x60 C:\Users\PC\AppData\Local\Temp\VMBuilds\slave\Arduino_STM32_genericSTM32F103C\Release/core.a(usb_cdcacm.c.o)
                0x08004000                usb_cdcacm_tx
 .text.usb_cdcacm_data_available
                0x08004060       0x18 C:\Users\PC\AppData\Local\Temp\VMBuilds\slave\Arduino_STM32_genericSTM32F103C\Release/core.a(usb_cdcacm.c.o)
                0x08004060                usb_cdcacm_data_available
 .text.usb_cdcacm_peek
                0x08004078       0x38 C:\Users\PC\AppData\Local\Temp\VMBuilds\slave\Arduino_STM32_genericSTM32F103C\Release/core.a(usb_cdcacm.c.o)
                0x08004078                usb_cdcacm_peek
 .text.usb_cdcacm_rx
                0x080040b0       0x34 C:\Users\PC\AppData\Local\Temp\VMBuilds\slave\Arduino_STM32_genericSTM32F103C\Release/core.a(usb_cdcacm.c.o)
                0x080040b0                usb_cdcacm_rx
 .text.usb_cdcacm_peek_ex
                0x080040e4       0x40 C:\Users\PC\AppData\Local\Temp\VMBuilds\slave\Arduino_STM32_genericSTM32F103C\Release/core.a(usb_cdcacm.c.o)
                0x080040e4                usb_cdcacm_peek_ex
 .text.usb_cdcacm_get_dtr
                0x08004124       0x10 C:\Users\PC\AppData\Local\Temp\VMBuilds\slave\Arduino_STM32_genericSTM32F103C\Release/core.a(usb_cdcacm.c.o)
                0x08004124                usb_cdcacm_get_dtr
 .text.usb_cdcacm_get_baud
                0x08004134        0xc C:\Users\PC\AppData\Local\Temp\VMBuilds\slave\Arduino_STM32_genericSTM32F103C\Release/core.a(usb_cdcacm.c.o)
                0x08004134                usb_cdcacm_get_baud
 .text.usb_set_ep_rx_count
                0x08004140       0x40 C:\Users\PC\AppData\Local\Temp\VMBuilds\slave\Arduino_STM32_genericSTM32F103C\Release/core.a(usb_reg_map.c.o)
                0x08004140                usb_set_ep_rx_count
 .text.Standard_GetConfiguration
                0x08004180       0x24 C:\Users\PC\AppData\Local\Temp\VMBuilds\slave\Arduino_STM32_genericSTM32F103C\Release/core.a(usb_core.c.o)
                0x08004180                Standard_GetConfiguration
 .text.Standard_GetInterface
                0x080041a4       0x24 C:\Users\PC\AppData\Local\Temp\VMBuilds\slave\Arduino_STM32_genericSTM32F103C\Release/core.a(usb_core.c.o)
                0x080041a4                Standard_GetInterface
 .text.Standard_GetStatus
                0x080041c8       0x90 C:\Users\PC\AppData\Local\Temp\VMBuilds\slave\Arduino_STM32_genericSTM32F103C\Release/core.a(usb_core.c.o)
                0x080041c8                Standard_GetStatus
 .text.DataStageIn
                0x08004258       0xa8 C:\Users\PC\AppData\Local\Temp\VMBuilds\slave\Arduino_STM32_genericSTM32F103C\Release/core.a(usb_core.c.o)
 .text.Standard_SetConfiguration
                0x08004300       0x38 C:\Users\PC\AppData\Local\Temp\VMBuilds\slave\Arduino_STM32_genericSTM32F103C\Release/core.a(usb_core.c.o)
                0x08004300                Standard_SetConfiguration
 .text.Standard_SetInterface
                0x08004338       0x48 C:\Users\PC\AppData\Local\Temp\VMBuilds\slave\Arduino_STM32_genericSTM32F103C\Release/core.a(usb_core.c.o)
                0x08004338                Standard_SetInterface
 .text.Standard_ClearFeature
                0x08004380       0xd0 C:\Users\PC\AppData\Local\Temp\VMBuilds\slave\Arduino_STM32_genericSTM32F103C\Release/core.a(usb_core.c.o)
                0x08004380                Standard_ClearFeature
 .text.Standard_SetEndPointFeature
                0x08004450       0x84 C:\Users\PC\AppData\Local\Temp\VMBuilds\slave\Arduino_STM32_genericSTM32F103C\Release/core.a(usb_core.c.o)
                0x08004450                Standard_SetEndPointFeature
 .text.Standard_SetDeviceFeature
                0x080044d4       0x24 C:\Users\PC\AppData\Local\Temp\VMBuilds\slave\Arduino_STM32_genericSTM32F103C\Release/core.a(usb_core.c.o)
                0x080044d4                Standard_SetDeviceFeature
 .text.Standard_GetDescriptorData
                0x080044f8       0x1c C:\Users\PC\AppData\Local\Temp\VMBuilds\slave\Arduino_STM32_genericSTM32F103C\Release/core.a(usb_core.c.o)
                0x080044f8                Standard_GetDescriptorData
 .text.Post0_Process
                0x08004514       0x40 C:\Users\PC\AppData\Local\Temp\VMBuilds\slave\Arduino_STM32_genericSTM32F103C\Release/core.a(usb_core.c.o)
                0x08004514                Post0_Process
 .text.Setup0_Process
                0x08004554      0x2d0 C:\Users\PC\AppData\Local\Temp\VMBuilds\slave\Arduino_STM32_genericSTM32F103C\Release/core.a(usb_core.c.o)
                0x08004554                Setup0_Process
 .text.Out0_Process
                0x08004824       0xc8 C:\Users\PC\AppData\Local\Temp\VMBuilds\slave\Arduino_STM32_genericSTM32F103C\Release/core.a(usb_core.c.o)
                0x08004824                Out0_Process
 .text.SetDeviceAddress
                0x080048ec       0x38 C:\Users\PC\AppData\Local\Temp\VMBuilds\slave\Arduino_STM32_genericSTM32F103C\Release/core.a(usb_core.c.o)
                0x080048ec                SetDeviceAddress
 .text.In0_Process
                0x08004924       0x5c C:\Users\PC\AppData\Local\Temp\VMBuilds\slave\Arduino_STM32_genericSTM32F103C\Release/core.a(usb_core.c.o)
                0x08004924                In0_Process
 .text.NOP_Process
                0x08004980        0x2 C:\Users\PC\AppData\Local\Temp\VMBuilds\slave\Arduino_STM32_genericSTM32F103C\Release/core.a(usb_core.c.o)
                0x08004980                NOP_Process
 .text.UserToPMABufferCopy
                0x08004982       0x30 C:\Users\PC\AppData\Local\Temp\VMBuilds\slave\Arduino_STM32_genericSTM32F103C\Release/core.a(usb_mem.c.o)
                0x08004982                UserToPMABufferCopy
 .text.PMAToUserBufferCopy
                0x080049b2       0x24 C:\Users\PC\AppData\Local\Temp\VMBuilds\slave\Arduino_STM32_genericSTM32F103C\Release/core.a(usb_mem.c.o)
                0x080049b2                PMAToUserBufferCopy
 .text.SetEPTxStatus
                0x080049d6       0x2a C:\Users\PC\AppData\Local\Temp\VMBuilds\slave\Arduino_STM32_genericSTM32F103C\Release/core.a(usb_regs.c.o)
                0x080049d6                SetEPTxStatus
 .text.ClearDTOG_RX
                0x08004a00       0x20 C:\Users\PC\AppData\Local\Temp\VMBuilds\slave\Arduino_STM32_genericSTM32F103C\Release/core.a(usb_regs.c.o)
                0x08004a00                ClearDTOG_RX
 .text.ClearDTOG_TX
                0x08004a20       0x20 C:\Users\PC\AppData\Local\Temp\VMBuilds\slave\Arduino_STM32_genericSTM32F103C\Release/core.a(usb_regs.c.o)
                0x08004a20                ClearDTOG_TX
 .text.GetEPTxAddr
                0x08004a40       0x1c C:\Users\PC\AppData\Local\Temp\VMBuilds\slave\Arduino_STM32_genericSTM32F103C\Release/core.a(usb_regs.c.o)
                0x08004a40                GetEPTxAddr
 .text.GetEPRxAddr
                0x08004a5c       0x1c C:\Users\PC\AppData\Local\Temp\VMBuilds\slave\Arduino_STM32_genericSTM32F103C\Release/core.a(usb_regs.c.o)
                0x08004a5c                GetEPRxAddr
 .text.SetEPTxCount
                0x08004a78       0x1c C:\Users\PC\AppData\Local\Temp\VMBuilds\slave\Arduino_STM32_genericSTM32F103C\Release/core.a(usb_regs.c.o)
                0x08004a78                SetEPTxCount
 .text.SetEPRxCount
                0x08004a94       0x40 C:\Users\PC\AppData\Local\Temp\VMBuilds\slave\Arduino_STM32_genericSTM32F103C\Release/core.a(usb_regs.c.o)
                0x08004a94                SetEPRxCount
 .text.__errno  0x08004ad4        0xc c:/users/pc/appdata/local/arduino15/packages/arduino/tools/arm-none-eabi-gcc/4.8.3-2014q1/bin/../lib/gcc/arm-none-eabi/4.8.3/../../../../arm-none-eabi/lib/armv7-m\libc.a(lib_a-errno.o)
                0x08004ad4                __errno
 .text.exit     0x08004ae0       0x20 c:/users/pc/appdata/local/arduino15/packages/arduino/tools/arm-none-eabi-gcc/4.8.3-2014q1/bin/../lib/gcc/arm-none-eabi/4.8.3/../../../../arm-none-eabi/lib/armv7-m\libc.a(lib_a-exit.o)
                0x08004ae0                exit
 .text.__libc_init_array
                0x08004b00       0x50 c:/users/pc/appdata/local/arduino15/packages/arduino/tools/arm-none-eabi-gcc/4.8.3-2014q1/bin/../lib/gcc/arm-none-eabi/4.8.3/../../../../arm-none-eabi/lib/armv7-m\libc.a(lib_a-init.o)
                0x08004b00                __libc_init_array
 .text.malloc   0x08004b50       0x10 c:/users/pc/appdata/local/arduino15/packages/arduino/tools/arm-none-eabi-gcc/4.8.3-2014q1/bin/../lib/gcc/arm-none-eabi/4.8.3/../../../../arm-none-eabi/lib/armv7-m\libc.a(lib_a-malloc.o)
                0x08004b50                malloc
 .text.free     0x08004b60       0x10 c:/users/pc/appdata/local/arduino15/packages/arduino/tools/arm-none-eabi-gcc/4.8.3-2014q1/bin/../lib/gcc/arm-none-eabi/4.8.3/../../../../arm-none-eabi/lib/armv7-m\libc.a(lib_a-malloc.o)
                0x08004b60                free
 .text._malloc_r
                0x08004b70      0x538 c:/users/pc/appdata/local/arduino15/packages/arduino/tools/arm-none-eabi-gcc/4.8.3-2014q1/bin/../lib/gcc/arm-none-eabi/4.8.3/../../../../arm-none-eabi/lib/armv7-m\libc.a(lib_a-mallocr.o)
                0x08004b70                _malloc_r
 .text.memset   0x080050a8       0x94 c:/users/pc/appdata/local/arduino15/packages/arduino/tools/arm-none-eabi-gcc/4.8.3-2014q1/bin/../lib/gcc/arm-none-eabi/4.8.3/../../../../arm-none-eabi/lib/armv7-m\libc.a(lib_a-memset.o)
                0x080050a8                memset
 .text.__malloc_lock
                0x0800513c        0x4 c:/users/pc/appdata/local/arduino15/packages/arduino/tools/arm-none-eabi-gcc/4.8.3-2014q1/bin/../lib/gcc/arm-none-eabi/4.8.3/../../../../arm-none-eabi/lib/armv7-m\libc.a(lib_a-mlock.o)
                0x0800513c                __malloc_lock
 .text.__malloc_unlock
                0x08005140        0x4 c:/users/pc/appdata/local/arduino15/packages/arduino/tools/arm-none-eabi-gcc/4.8.3-2014q1/bin/../lib/gcc/arm-none-eabi/4.8.3/../../../../arm-none-eabi/lib/armv7-m\libc.a(lib_a-mlock.o)
                0x08005140                __malloc_unlock
 .text._sbrk_r  0x08005144       0x24 c:/users/pc/appdata/local/arduino15/packages/arduino/tools/arm-none-eabi-gcc/4.8.3-2014q1/bin/../lib/gcc/arm-none-eabi/4.8.3/../../../../arm-none-eabi/lib/armv7-m\libc.a(lib_a-sbrkr.o)
                0x08005144                _sbrk_r
 .text.strlen   0x08005168       0x60 c:/users/pc/appdata/local/arduino15/packages/arduino/tools/arm-none-eabi-gcc/4.8.3-2014q1/bin/../lib/gcc/arm-none-eabi/4.8.3/../../../../arm-none-eabi/lib/armv7-m\libc.a(lib_a-strlen.o)
                0x08005168                strlen
 .text.startup.register_fini
                0x080051c8       0x14 c:/users/pc/appdata/local/arduino15/packages/arduino/tools/arm-none-eabi-gcc/4.8.3-2014q1/bin/../lib/gcc/arm-none-eabi/4.8.3/../../../../arm-none-eabi/lib/armv7-m\libc.a(lib_a-__call_atexit.o)
 .text.__call_exitprocs
                0x080051dc       0xf0 c:/users/pc/appdata/local/arduino15/packages/arduino/tools/arm-none-eabi-gcc/4.8.3-2014q1/bin/../lib/gcc/arm-none-eabi/4.8.3/../../../../arm-none-eabi/lib/armv7-m\libc.a(lib_a-__call_atexit.o)
                0x080051dc                __call_exitprocs
 .text.atexit   0x080052cc        0xc c:/users/pc/appdata/local/arduino15/packages/arduino/tools/arm-none-eabi-gcc/4.8.3-2014q1/bin/../lib/gcc/arm-none-eabi/4.8.3/../../../../arm-none-eabi/lib/armv7-m\libc.a(lib_a-atexit.o)
                0x080052cc                atexit
 .text.__libc_fini_array
                0x080052d8       0x30 c:/users/pc/appdata/local/arduino15/packages/arduino/tools/arm-none-eabi-gcc/4.8.3-2014q1/bin/../lib/gcc/arm-none-eabi/4.8.3/../../../../arm-none-eabi/lib/armv7-m\libc.a(lib_a-fini.o)
                0x080052d8                __libc_fini_array
 .text._malloc_trim_r
                0x08005308       0x9c c:/users/pc/appdata/local/arduino15/packages/arduino/tools/arm-none-eabi-gcc/4.8.3-2014q1/bin/../lib/gcc/arm-none-eabi/4.8.3/../../../../arm-none-eabi/lib/armv7-m\libc.a(lib_a-freer.o)
                0x08005308                _malloc_trim_r
 .text._free_r  0x080053a4      0x198 c:/users/pc/appdata/local/arduino15/packages/arduino/tools/arm-none-eabi-gcc/4.8.3-2014q1/bin/../lib/gcc/arm-none-eabi/4.8.3/../../../../arm-none-eabi/lib/armv7-m\libc.a(lib_a-freer.o)
                0x080053a4                _free_r
 .text.__register_exitproc
                0x0800553c       0xa8 c:/users/pc/appdata/local/arduino15/packages/arduino/tools/arm-none-eabi-gcc/4.8.3-2014q1/bin/../lib/gcc/arm-none-eabi/4.8.3/../../../../arm-none-eabi/lib/armv7-m\libc.a(lib_a-__atexit.o)
                0x0800553c                __register_exitproc
 *(.plt)
 *(.gnu.warning)
 *(.glue_7t)
 .glue_7t       0x00000000        0x0 linker stubs
 *(.glue_7)
 .glue_7        0x00000000        0x0 linker stubs
 *(.vfp11_veneer)
 .vfp11_veneer  0x00000000        0x0 linker stubs
 *(.ARM.extab* .gnu.linkonce.armextab.*)
 *(.gcc_except_table)
 *(.eh_frame_hdr)
 *(.eh_frame)
 .eh_frame      0x080055e4        0x0 c:/users/pc/appdata/local/arduino15/packages/arduino/tools/arm-none-eabi-gcc/4.8.3-2014q1/bin/../lib/gcc/arm-none-eabi/4.8.3/armv7-m/crtbegin.o
                0x080055e4                . = ALIGN (0x4)
 *(.init)
 .init          0x080055e4        0x4 c:/users/pc/appdata/local/arduino15/packages/arduino/tools/arm-none-eabi-gcc/4.8.3-2014q1/bin/../lib/gcc/arm-none-eabi/4.8.3/armv7-m/crti.o
                0x080055e4                _init
 .init          0x080055e8        0x8 c:/users/pc/appdata/local/arduino15/packages/arduino/tools/arm-none-eabi-gcc/4.8.3-2014q1/bin/../lib/gcc/arm-none-eabi/4.8.3/armv7-m/crtn.o
                0x080055f0                . = ALIGN (0x4)
                0x080055f0                __preinit_array_start = .
 *(.preinit_array)
                0x080055f0                __preinit_array_end = .
                0x080055f0                . = ALIGN (0x4)
                0x080055f0                __init_array_start = .
 *(SORT(.init_array.*))
 .init_array.00000
                0x080055f0        0x4 c:/users/pc/appdata/local/arduino15/packages/arduino/tools/arm-none-eabi-gcc/4.8.3-2014q1/bin/../lib/gcc/arm-none-eabi/4.8.3/../../../../arm-none-eabi/lib/armv7-m\libc.a(lib_a-__call_atexit.o)
 .init_array.00101
                0x080055f4        0x4 C:\Users\PC\AppData\Local\Temp\VMBuilds\slave\Arduino_STM32_genericSTM32F103C\Release/core.a(main.cpp.o)
 *(.init_array)
 .init_array    0x080055f8        0x4 c:/users/pc/appdata/local/arduino15/packages/arduino/tools/arm-none-eabi-gcc/4.8.3-2014q1/bin/../lib/gcc/arm-none-eabi/4.8.3/armv7-m/crtbegin.o
 .init_array    0x080055fc        0x4 C:\Users\PC\AppData\Local\Temp\VMBuilds\slave\Arduino_STM32_genericSTM32F103C\Release\variant\board.cpp.o
 .init_array    0x08005600        0x4 C:\Users\PC\AppData\Local\Temp\VMBuilds\slave\Arduino_STM32_genericSTM32F103C\Release/core.a(usb_serial.cpp.o)
                0x08005604                __init_array_end = .
                0x08005604                . = ALIGN (0x4)
 *crtbegin.o(.ctors)
 *(EXCLUDE_FILE(*crtend.o) .ctors)
 *(SORT(.ctors.*))
 *crtend.o(.ctors)
                0x08005604                . = ALIGN (0x4)
 *(.fini)
 .fini          0x08005604        0x4 c:/users/pc/appdata/local/arduino15/packages/arduino/tools/arm-none-eabi-gcc/4.8.3-2014q1/bin/../lib/gcc/arm-none-eabi/4.8.3/armv7-m/crti.o
                0x08005604                _fini
 .fini          0x08005608        0x8 c:/users/pc/appdata/local/arduino15/packages/arduino/tools/arm-none-eabi-gcc/4.8.3-2014q1/bin/../lib/gcc/arm-none-eabi/4.8.3/armv7-m/crtn.o
                0x08005610                . = ALIGN (0x4)
                0x08005610                __fini_array_start = .
 *(.fini_array)
 .fini_array    0x08005610        0x4 c:/users/pc/appdata/local/arduino15/packages/arduino/tools/arm-none-eabi-gcc/4.8.3-2014q1/bin/../lib/gcc/arm-none-eabi/4.8.3/armv7-m/crtbegin.o
 *(SORT(.fini_array.*))
                0x08005614                __fini_array_end = .
 *crtbegin.o(.dtors)
 *(EXCLUDE_FILE(*crtend.o) .dtors)
 *(SORT(.dtors.*))
 *crtend.o(.dtors)

.v4_bx          0x08005614        0x0
 .v4_bx         0x00000000        0x0 linker stubs

.iplt           0x08005614        0x0
 .iplt          0x00000000        0x0 c:/users/pc/appdata/local/arduino15/packages/arduino/tools/arm-none-eabi-gcc/4.8.3-2014q1/bin/../lib/gcc/arm-none-eabi/4.8.3/armv7-m/crtbegin.o

.text.align     0x08005614        0x4
                0x08005618                . = ALIGN (0x8)
 *fill*         0x08005614        0x4 
                0x08005618                __text_end__ = .
                0x08005618                __exidx_start = .

.ARM.exidx      0x08005618        0x8
 *(.ARM.exidx* .gnu.linkonce.armexidx.*)
 .ARM.exidx     0x08005618        0x8 C:\Users\PC\AppData\Local\Temp\VMBuilds\slave\Arduino_STM32_genericSTM32F103C\Release\variant\start.S.o
                0x08005620                __exidx_end = .

.data           0x20000000      0xbf0 load address 0x08005620
                0x20000000                __data_start__ = .
                0x20000000        0x4 LONG 0x0
                0x20000008                . = ALIGN (0x8)
 *fill*         0x20000004        0x4 
 *(.got.plt)
 *(.got)
 *(.data .data.* .gnu.linkonce.d.*)
 .data._ZN6wirish4privL8pll_dataE
                0x20000008        0x4 C:\Users\PC\AppData\Local\Temp\VMBuilds\slave\Arduino_STM32_genericSTM32F103C\Release\variant\boards_setup.cpp.o
 .data._ZN6wirish4priv9w_adc_smpE
                0x2000000c        0x1 C:\Users\PC\AppData\Local\Temp\VMBuilds\slave\Arduino_STM32_genericSTM32F103C\Release\variant\boards_setup.cpp.o
                0x2000000c                wirish::priv::w_adc_smp
 *fill*         0x2000000d        0x1 
 .data._ZN6wirish4priv9w_adc_preE
                0x2000000e        0x2 C:\Users\PC\AppData\Local\Temp\VMBuilds\slave\Arduino_STM32_genericSTM32F103C\Release\variant\boards_setup.cpp.o
                0x2000000e                wirish::priv::w_adc_pre
 .data._ZN6wirish4priv15w_board_pll_cfgE
                0x20000010        0x8 C:\Users\PC\AppData\Local\Temp\VMBuilds\slave\Arduino_STM32_genericSTM32F103C\Release\variant\boards_setup.cpp.o
                0x20000010                wirish::priv::w_board_pll_cfg
 .data.adc2     0x20000018        0x8 C:\Users\PC\AppData\Local\Temp\VMBuilds\slave\Arduino_STM32_genericSTM32F103C\Release/core.a(adc_f1.c.o)
                0x20000018                adc2
 .data.adc1     0x20000020       0x18 C:\Users\PC\AppData\Local\Temp\VMBuilds\slave\Arduino_STM32_genericSTM32F103C\Release/core.a(adc_f1.c.o)
                0x20000020                adc1
 .data.ADC2     0x20000038        0x4 C:\Users\PC\AppData\Local\Temp\VMBuilds\slave\Arduino_STM32_genericSTM32F103C\Release/core.a(adc_f1.c.o)
                0x20000038                ADC2
 .data.ADC1     0x2000003c        0x4 C:\Users\PC\AppData\Local\Temp\VMBuilds\slave\Arduino_STM32_genericSTM32F103C\Release/core.a(adc_f1.c.o)
                0x2000003c                ADC1
 .data.gpioa    0x20000040        0x8 C:\Users\PC\AppData\Local\Temp\VMBuilds\slave\Arduino_STM32_genericSTM32F103C\Release/core.a(gpio_f1.c.o)
                0x20000040                gpioa
 .data.gpiob    0x20000048        0x8 C:\Users\PC\AppData\Local\Temp\VMBuilds\slave\Arduino_STM32_genericSTM32F103C\Release/core.a(gpio_f1.c.o)
                0x20000048                gpiob
 .data.gpioc    0x20000050        0x8 C:\Users\PC\AppData\Local\Temp\VMBuilds\slave\Arduino_STM32_genericSTM32F103C\Release/core.a(gpio_f1.c.o)
                0x20000050                gpioc
 .data.gpiod    0x20000058        0x8 C:\Users\PC\AppData\Local\Temp\VMBuilds\slave\Arduino_STM32_genericSTM32F103C\Release/core.a(gpio_f1.c.o)
                0x20000058                gpiod
 .data.enable_regs.4411
                0x20000060        0xc C:\Users\PC\AppData\Local\Temp\VMBuilds\slave\Arduino_STM32_genericSTM32F103C\Release/core.a(rcc_f1.c.o)
 .data.reset_regs.4415
                0x2000006c        0x8 C:\Users\PC\AppData\Local\Temp\VMBuilds\slave\Arduino_STM32_genericSTM32F103C\Release/core.a(rcc_f1.c.o)
 .data.enable_regs.4424
                0x20000074        0xc C:\Users\PC\AppData\Local\Temp\VMBuilds\slave\Arduino_STM32_genericSTM32F103C\Release/core.a(rcc_f1.c.o)
 .data.timer3   0x20000080       0x24 C:\Users\PC\AppData\Local\Temp\VMBuilds\slave\Arduino_STM32_genericSTM32F103C\Release/core.a(timer.c.o)
                0x20000080                timer3
 .data.timer4   0x200000a4       0x24 C:\Users\PC\AppData\Local\Temp\VMBuilds\slave\Arduino_STM32_genericSTM32F103C\Release/core.a(timer.c.o)
                0x200000a4                timer4
 .data.timer1   0x200000c8       0x28 C:\Users\PC\AppData\Local\Temp\VMBuilds\slave\Arduino_STM32_genericSTM32F103C\Release/core.a(timer.c.o)
                0x200000c8                timer1
 .data.timer2   0x200000f0       0x24 C:\Users\PC\AppData\Local\Temp\VMBuilds\slave\Arduino_STM32_genericSTM32F103C\Release/core.a(timer.c.o)
                0x200000f0                timer2
 .data.USART1   0x20000114        0x4 C:\Users\PC\AppData\Local\Temp\VMBuilds\slave\Arduino_STM32_genericSTM32F103C\Release/core.a(usart_f1.c.o)
                0x20000114                USART1
 .data.USART2   0x20000118        0x4 C:\Users\PC\AppData\Local\Temp\VMBuilds\slave\Arduino_STM32_genericSTM32F103C\Release/core.a(usart_f1.c.o)
                0x20000118                USART2
 .data.USART3   0x2000011c        0x4 C:\Users\PC\AppData\Local\Temp\VMBuilds\slave\Arduino_STM32_genericSTM32F103C\Release/core.a(usart_f1.c.o)
                0x2000011c                USART3
 .data.usart1   0x20000120       0x94 C:\Users\PC\AppData\Local\Temp\VMBuilds\slave\Arduino_STM32_genericSTM32F103C\Release/core.a(usart_f1.c.o)
 .data.usart2   0x200001b4       0x94 C:\Users\PC\AppData\Local\Temp\VMBuilds\slave\Arduino_STM32_genericSTM32F103C\Release/core.a(usart_f1.c.o)
 .data.usart3   0x20000248       0x94 C:\Users\PC\AppData\Local\Temp\VMBuilds\slave\Arduino_STM32_genericSTM32F103C\Release/core.a(usart_f1.c.o)
 .data.USBLIB   0x200002dc        0x4 C:\Users\PC\AppData\Local\Temp\VMBuilds\slave\Arduino_STM32_genericSTM32F103C\Release/core.a(usb.c.o)
                0x200002dc                USBLIB
 .data.usblib   0x200002e0       0x10 C:\Users\PC\AppData\Local\Temp\VMBuilds\slave\Arduino_STM32_genericSTM32F103C\Release/core.a(usb.c.o)
 .data.Config_Descriptor
                0x200002f0        0x8 C:\Users\PC\AppData\Local\Temp\VMBuilds\slave\Arduino_STM32_genericSTM32F103C\Release/core.a(usb_cdcacm.c.o)
 .data.Device_Property
                0x200002f8       0x30 C:\Users\PC\AppData\Local\Temp\VMBuilds\slave\Arduino_STM32_genericSTM32F103C\Release/core.a(usb_cdcacm.c.o)
                0x200002f8                Device_Property
 .data.ep_int_in
                0x20000328       0x1c C:\Users\PC\AppData\Local\Temp\VMBuilds\slave\Arduino_STM32_genericSTM32F103C\Release/core.a(usb_cdcacm.c.o)
 .data.String_Descriptor
                0x20000344       0x18 C:\Users\PC\AppData\Local\Temp\VMBuilds\slave\Arduino_STM32_genericSTM32F103C\Release/core.a(usb_cdcacm.c.o)
 .data.ep_int_out
                0x2000035c       0x1c C:\Users\PC\AppData\Local\Temp\VMBuilds\slave\Arduino_STM32_genericSTM32F103C\Release/core.a(usb_cdcacm.c.o)
 .data.line_coding
                0x20000378        0x7 C:\Users\PC\AppData\Local\Temp\VMBuilds\slave\Arduino_STM32_genericSTM32F103C\Release/core.a(usb_cdcacm.c.o)
 *fill*         0x2000037f        0x1 
 .data.User_Standard_Requests
                0x20000380       0x24 C:\Users\PC\AppData\Local\Temp\VMBuilds\slave\Arduino_STM32_genericSTM32F103C\Release/core.a(usb_cdcacm.c.o)
                0x20000380                User_Standard_Requests
 .data.Device_Descriptor
                0x200003a4        0x8 C:\Users\PC\AppData\Local\Temp\VMBuilds\slave\Arduino_STM32_genericSTM32F103C\Release/core.a(usb_cdcacm.c.o)
 .data.Device_Table
                0x200003ac        0x2 C:\Users\PC\AppData\Local\Temp\VMBuilds\slave\Arduino_STM32_genericSTM32F103C\Release/core.a(usb_cdcacm.c.o)
                0x200003ac                Device_Table
 *fill*         0x200003ae        0x2 
 .data.impure_data
                0x200003b0      0x428 c:/users/pc/appdata/local/arduino15/packages/arduino/tools/arm-none-eabi-gcc/4.8.3-2014q1/bin/../lib/gcc/arm-none-eabi/4.8.3/../../../../arm-none-eabi/lib/armv7-m\libc.a(lib_a-impure.o)
 .data._impure_ptr
                0x200007d8        0x4 c:/users/pc/appdata/local/arduino15/packages/arduino/tools/arm-none-eabi-gcc/4.8.3-2014q1/bin/../lib/gcc/arm-none-eabi/4.8.3/../../../../arm-none-eabi/lib/armv7-m\libc.a(lib_a-impure.o)
                0x200007d8                _impure_ptr
 .data.__malloc_av_
                0x200007dc      0x408 c:/users/pc/appdata/local/arduino15/packages/arduino/tools/arm-none-eabi-gcc/4.8.3-2014q1/bin/../lib/gcc/arm-none-eabi/4.8.3/../../../../arm-none-eabi/lib/armv7-m\libc.a(lib_a-mallocr.o)
                0x200007dc                __malloc_av_
 .data.__malloc_trim_threshold
                0x20000be4        0x4 c:/users/pc/appdata/local/arduino15/packages/arduino/tools/arm-none-eabi-gcc/4.8.3-2014q1/bin/../lib/gcc/arm-none-eabi/4.8.3/../../../../arm-none-eabi/lib/armv7-m\libc.a(lib_a-mallocr.o)
                0x20000be4                __malloc_trim_threshold
 .data.__malloc_sbrk_base
                0x20000be8        0x4 c:/users/pc/appdata/local/arduino15/packages/arduino/tools/arm-none-eabi-gcc/4.8.3-2014q1/bin/../lib/gcc/arm-none-eabi/4.8.3/../../../../arm-none-eabi/lib/armv7-m\libc.a(lib_a-mallocr.o)
                0x20000be8                __malloc_sbrk_base
                0x20000bf0                . = ALIGN (0x8)
 *fill*         0x20000bec        0x4 
                0x20000bf0                __data_end__ = .

.jcr            0x20000bf0        0x0 load address 0x08006210
 .jcr           0x20000bf0        0x0 c:/users/pc/appdata/local/arduino15/packages/arduino/tools/arm-none-eabi-gcc/4.8.3-2014q1/bin/../lib/gcc/arm-none-eabi/4.8.3/armv7-m/crtbegin.o

.igot.plt       0x20000bf0        0x0 load address 0x08006210
 .igot.plt      0x00000000        0x0 c:/users/pc/appdata/local/arduino15/packages/arduino/tools/arm-none-eabi-gcc/4.8.3-2014q1/bin/../lib/gcc/arm-none-eabi/4.8.3/armv7-m/crtbegin.o

.rodata         0x08006210      0x3bc
 *(.rodata .rodata.* .gnu.linkonce.r.*)
 .rodata._ZL8prox_pin
                0x08006210        0x6 C:\Users\PC\AppData\Local\Temp\VMBuilds\slave\Arduino_STM32_genericSTM32F103C\Release\slave.cpp.o
 .rodata.str1.1
                0x08006216       0x1e C:\Users\PC\AppData\Local\Temp\VMBuilds\slave\Arduino_STM32_genericSTM32F103C\Release\slave.cpp.o
                                 0x1f (size before relaxing)
 .rodata._ZL10analog_pin
                0x08006234        0x7 C:\Users\PC\AppData\Local\Temp\VMBuilds\slave\Arduino_STM32_genericSTM32F103C\Release\slave.cpp.o
 *fill*         0x0800623b        0x5 
 .rodata._ZTV14DataGroupClass
                0x08006240       0x10 C:\Users\PC\AppData\Local\Temp\VMBuilds\slave\Arduino_STM32_genericSTM32F103C\Release\DataGroup.cpp.o
                0x08006240                vtable for DataGroupClass
 .rodata.PIN_MAP
                0x08006250      0x230 C:\Users\PC\AppData\Local\Temp\VMBuilds\slave\Arduino_STM32_genericSTM32F103C\Release\variant\board.cpp.o
                0x08006250                PIN_MAP
 .rodata.GPIOC  0x08006480        0x4 C:\Users\PC\AppData\Local\Temp\VMBuilds\slave\Arduino_STM32_genericSTM32F103C\Release/core.a(gpio_f1.c.o)
                0x08006480                GPIOC
 .rodata.rcc_dev_table
                0x08006484       0x5c C:\Users\PC\AppData\Local\Temp\VMBuilds\slave\Arduino_STM32_genericSTM32F103C\Release/core.a(rcc_f1.c.o)
                0x08006484                rcc_dev_table
 .rodata.masks.4420
                0x080064e0       0x14 C:\Users\PC\AppData\Local\Temp\VMBuilds\slave\Arduino_STM32_genericSTM32F103C\Release/core.a(rcc_f1.c.o)
 *fill*         0x080064f4        0x4 
 .rodata._ZTV14HardwareSerial
                0x080064f8       0x28 C:\Users\PC\AppData\Local\Temp\VMBuilds\slave\Arduino_STM32_genericSTM32F103C\Release/core.a(HardwareSerial.cpp.o)
                0x080064f8                vtable for HardwareSerial
 .rodata._ZTV9USBSerial
                0x08006520       0x28 C:\Users\PC\AppData\Local\Temp\VMBuilds\slave\Arduino_STM32_genericSTM32F103C\Release/core.a(usb_serial.cpp.o)
                0x08006520                vtable for USBSerial
 .rodata.usbVcomDescriptor_iProduct
                0x08006548        0xc C:\Users\PC\AppData\Local\Temp\VMBuilds\slave\Arduino_STM32_genericSTM32F103C\Release/core.a(usb_cdcacm.c.o)
 .rodata.usbVcomDescriptor_iManufacturer
                0x08006554       0x12 C:\Users\PC\AppData\Local\Temp\VMBuilds\slave\Arduino_STM32_genericSTM32F103C\Release/core.a(usb_cdcacm.c.o)
 .rodata.usbVcomDescriptor_Device
                0x08006566       0x12 C:\Users\PC\AppData\Local\Temp\VMBuilds\slave\Arduino_STM32_genericSTM32F103C\Release/core.a(usb_cdcacm.c.o)
 .rodata.usbVcomDescriptor_Config
                0x08006578       0x43 C:\Users\PC\AppData\Local\Temp\VMBuilds\slave\Arduino_STM32_genericSTM32F103C\Release/core.a(usb_cdcacm.c.o)
 .rodata.usbVcomDescriptor_LangID
                0x080065bb        0x4 C:\Users\PC\AppData\Local\Temp\VMBuilds\slave\Arduino_STM32_genericSTM32F103C\Release/core.a(usb_cdcacm.c.o)
 *fill*         0x080065bf        0x1 
 .rodata.str1.4
                0x080065c0        0x4 c:/users/pc/appdata/local/arduino15/packages/arduino/tools/arm-none-eabi-gcc/4.8.3-2014q1/bin/../lib/gcc/arm-none-eabi/4.8.3/../../../../arm-none-eabi/lib/armv7-m\libc.a(lib_a-impure.o)
 .rodata._global_impure_ptr
                0x080065c4        0x4 c:/users/pc/appdata/local/arduino15/packages/arduino/tools/arm-none-eabi-gcc/4.8.3-2014q1/bin/../lib/gcc/arm-none-eabi/4.8.3/../../../../arm-none-eabi/lib/armv7-m\libc.a(lib_a-impure.o)
                0x080065c4                _global_impure_ptr
 *(.USER_FLASH)
                0x080065c8                . = ALIGN (0x4)
                0x080065c8                _lm_rom_img_cfgp = .
                0x080065c8        0x4 LONG 0x8005620 LOADADDR (.data)
                0x20000f78                _lm_heap_start = DEFINED (_lm_heap_start)?_lm_heap_start:_end
                0x20005000                _lm_heap_end = DEFINED (_lm_heap_end)?_lm_heap_end:__msp_init

.rel.dyn        0x080065cc        0x0
 .rel.iplt      0x00000000        0x0 c:/users/pc/appdata/local/arduino15/packages/arduino/tools/arm-none-eabi-gcc/4.8.3-2014q1/bin/../lib/gcc/arm-none-eabi/4.8.3/armv7-m/crtbegin.o

.bss            0x20000bf0      0x388
                0x20000bf0                . = ALIGN (0x8)
                0x20000bf0                __bss_start__ = .
 *(.bss .bss.* .gnu.linkonce.b.*)
 .bss           0x20000bf0       0x1c c:/users/pc/appdata/local/arduino15/packages/arduino/tools/arm-none-eabi-gcc/4.8.3-2014q1/bin/../lib/gcc/arm-none-eabi/4.8.3/armv7-m/crtbegin.o
 .bss._ZZ11waitCommandvE14blink_duration
                0x20000c0c        0x4 C:\Users\PC\AppData\Local\Temp\VMBuilds\slave\Arduino_STM32_genericSTM32F103C\Release\slave.cpp.o
 .bss.ms_analog_data_idx
                0x20000c10        0x7 C:\Users\PC\AppData\Local\Temp\VMBuilds\slave\Arduino_STM32_genericSTM32F103C\Release\slave.cpp.o
                0x20000c10                ms_analog_data_idx
 *fill*         0x20000c17        0x1 
 .bss._ZZ11waitCommandvE11timer_blink
                0x20000c18        0x4 C:\Users\PC\AppData\Local\Temp\VMBuilds\slave\Arduino_STM32_genericSTM32F103C\Release\slave.cpp.o
 .bss.ms_container
                0x20000c1c        0x8 C:\Users\PC\AppData\Local\Temp\VMBuilds\slave\Arduino_STM32_genericSTM32F103C\Release\slave.cpp.o
                0x20000c1c                ms_container
 .bss.ms_group_idx
                0x20000c24        0x1 C:\Users\PC\AppData\Local\Temp\VMBuilds\slave\Arduino_STM32_genericSTM32F103C\Release\slave.cpp.o
                0x20000c24                ms_group_idx
 .bss._ZZ11waitCommandvE16current_duration
                0x20000c25        0x1 C:\Users\PC\AppData\Local\Temp\VMBuilds\slave\Arduino_STM32_genericSTM32F103C\Release\slave.cpp.o
 .bss.ms_prox_data_idx
                0x20000c26        0x6 C:\Users\PC\AppData\Local\Temp\VMBuilds\slave\Arduino_STM32_genericSTM32F103C\Release\slave.cpp.o
                0x20000c26                ms_prox_data_idx
 .bss.Serial1   0x20000c2c       0x18 C:\Users\PC\AppData\Local\Temp\VMBuilds\slave\Arduino_STM32_genericSTM32F103C\Release\variant\board.cpp.o
                0x20000c2c                Serial1
 .bss.Serial2   0x20000c44       0x18 C:\Users\PC\AppData\Local\Temp\VMBuilds\slave\Arduino_STM32_genericSTM32F103C\Release\variant\board.cpp.o
                0x20000c44                Serial2
 .bss.Serial3   0x20000c5c       0x18 C:\Users\PC\AppData\Local\Temp\VMBuilds\slave\Arduino_STM32_genericSTM32F103C\Release\variant\board.cpp.o
                0x20000c5c                Serial3
 .bss.pbreak.4444
                0x20000c74        0x4 C:\Users\PC\AppData\Local\Temp\VMBuilds\slave\Arduino_STM32_genericSTM32F103C\Release\variant\syscalls.c.o
 .bss.systick_user_callback
                0x20000c78        0x4 C:\Users\PC\AppData\Local\Temp\VMBuilds\slave\Arduino_STM32_genericSTM32F103C\Release/core.a(systick.c.o)
 .bss.usart1_wb
                0x20000c7c        0xc C:\Users\PC\AppData\Local\Temp\VMBuilds\slave\Arduino_STM32_genericSTM32F103C\Release/core.a(usart_f1.c.o)
 .bss.usart1_rb
                0x20000c88        0xc C:\Users\PC\AppData\Local\Temp\VMBuilds\slave\Arduino_STM32_genericSTM32F103C\Release/core.a(usart_f1.c.o)
 .bss.usart2_rb
                0x20000c94        0xc C:\Users\PC\AppData\Local\Temp\VMBuilds\slave\Arduino_STM32_genericSTM32F103C\Release/core.a(usart_f1.c.o)
 .bss.usart3_rb
                0x20000ca0        0xc C:\Users\PC\AppData\Local\Temp\VMBuilds\slave\Arduino_STM32_genericSTM32F103C\Release/core.a(usart_f1.c.o)
 .bss.usart2_wb
                0x20000cac        0xc C:\Users\PC\AppData\Local\Temp\VMBuilds\slave\Arduino_STM32_genericSTM32F103C\Release/core.a(usart_f1.c.o)
 .bss.usart3_wb
                0x20000cb8        0xc C:\Users\PC\AppData\Local\Temp\VMBuilds\slave\Arduino_STM32_genericSTM32F103C\Release/core.a(usart_f1.c.o)
 .bss._ZN9USBSerial9_hasBegunE
                0x20000cc4        0x1 C:\Users\PC\AppData\Local\Temp\VMBuilds\slave\Arduino_STM32_genericSTM32F103C\Release/core.a(usb_serial.cpp.o)
                0x20000cc4                USBSerial::_hasBegun
 *fill*         0x20000cc5        0x3 
 .bss.Serial    0x20000cc8       0x10 C:\Users\PC\AppData\Local\Temp\VMBuilds\slave\Arduino_STM32_genericSTM32F103C\Release/core.a(usb_serial.cpp.o)
                0x20000cc8                Serial
 .bss._ZL11reset_state
                0x20000cd8        0x1 C:\Users\PC\AppData\Local\Temp\VMBuilds\slave\Arduino_STM32_genericSTM32F103C\Release/core.a(usb_serial.cpp.o)
 .bss.line_dtr_rts
                0x20000cd9        0x1 C:\Users\PC\AppData\Local\Temp\VMBuilds\slave\Arduino_STM32_genericSTM32F103C\Release/core.a(usb_cdcacm.c.o)
 .bss.vcomBufferTx
                0x20000cda      0x100 C:\Users\PC\AppData\Local\Temp\VMBuilds\slave\Arduino_STM32_genericSTM32F103C\Release/core.a(usb_cdcacm.c.o)
 *fill*         0x20000dda        0x2 
 .bss.tx_head   0x20000ddc        0x4 C:\Users\PC\AppData\Local\Temp\VMBuilds\slave\Arduino_STM32_genericSTM32F103C\Release/core.a(usb_cdcacm.c.o)
 .bss.rx_hook   0x20000de0        0x4 C:\Users\PC\AppData\Local\Temp\VMBuilds\slave\Arduino_STM32_genericSTM32F103C\Release/core.a(usb_cdcacm.c.o)
 .bss.vcomBufferRx
                0x20000de4      0x100 C:\Users\PC\AppData\Local\Temp\VMBuilds\slave\Arduino_STM32_genericSTM32F103C\Release/core.a(usb_cdcacm.c.o)
 .bss.transmitting
                0x20000ee4        0x1 C:\Users\PC\AppData\Local\Temp\VMBuilds\slave\Arduino_STM32_genericSTM32F103C\Release/core.a(usb_cdcacm.c.o)
 *fill*         0x20000ee5        0x3 
 .bss.rx_tail   0x20000ee8        0x4 C:\Users\PC\AppData\Local\Temp\VMBuilds\slave\Arduino_STM32_genericSTM32F103C\Release/core.a(usb_cdcacm.c.o)
 .bss.iface_setup_hook
                0x20000eec        0x4 C:\Users\PC\AppData\Local\Temp\VMBuilds\slave\Arduino_STM32_genericSTM32F103C\Release/core.a(usb_cdcacm.c.o)
 .bss.rx_head   0x20000ef0        0x4 C:\Users\PC\AppData\Local\Temp\VMBuilds\slave\Arduino_STM32_genericSTM32F103C\Release/core.a(usb_cdcacm.c.o)
 .bss.tx_tail   0x20000ef4        0x4 C:\Users\PC\AppData\Local\Temp\VMBuilds\slave\Arduino_STM32_genericSTM32F103C\Release/core.a(usb_cdcacm.c.o)
 .bss.Data_Mul_MaxPacketSize
                0x20000ef8        0x1 C:\Users\PC\AppData\Local\Temp\VMBuilds\slave\Arduino_STM32_genericSTM32F103C\Release/core.a(usb_core.c.o)
                0x20000ef8                Data_Mul_MaxPacketSize
 *fill*         0x20000ef9        0x3 
 .bss.__malloc_max_total_mem
                0x20000efc        0x4 c:/users/pc/appdata/local/arduino15/packages/arduino/tools/arm-none-eabi-gcc/4.8.3-2014q1/bin/../lib/gcc/arm-none-eabi/4.8.3/../../../../arm-none-eabi/lib/armv7-m\libc.a(lib_a-mallocr.o)
                0x20000efc                __malloc_max_total_mem
 .bss.__malloc_max_sbrked_mem
                0x20000f00        0x4 c:/users/pc/appdata/local/arduino15/packages/arduino/tools/arm-none-eabi-gcc/4.8.3-2014q1/bin/../lib/gcc/arm-none-eabi/4.8.3/../../../../arm-none-eabi/lib/armv7-m\libc.a(lib_a-mallocr.o)
                0x20000f00                __malloc_max_sbrked_mem
 .bss.__malloc_top_pad
                0x20000f04        0x4 c:/users/pc/appdata/local/arduino15/packages/arduino/tools/arm-none-eabi-gcc/4.8.3-2014q1/bin/../lib/gcc/arm-none-eabi/4.8.3/../../../../arm-none-eabi/lib/armv7-m\libc.a(lib_a-mallocr.o)
                0x20000f04                __malloc_top_pad
 .bss.__malloc_current_mallinfo
                0x20000f08       0x28 c:/users/pc/appdata/local/arduino15/packages/arduino/tools/arm-none-eabi-gcc/4.8.3-2014q1/bin/../lib/gcc/arm-none-eabi/4.8.3/../../../../arm-none-eabi/lib/armv7-m\libc.a(lib_a-mallocr.o)
                0x20000f08                __malloc_current_mallinfo
 *(COMMON)
 COMMON         0x20000f30        0x4 C:\Users\PC\AppData\Local\Temp\VMBuilds\slave\Arduino_STM32_genericSTM32F103C\Release/core.a(systick.c.o)
                0x20000f30                systick_uptime_millis
 COMMON         0x20000f34        0x6 C:\Users\PC\AppData\Local\Temp\VMBuilds\slave\Arduino_STM32_genericSTM32F103C\Release/core.a(usb.c.o)
                0x20000f34                SaveRState
                0x20000f36                SaveTState
                0x20000f38                ResumeS
 COMMON         0x20000f3a        0x2 C:\Users\PC\AppData\Local\Temp\VMBuilds\slave\Arduino_STM32_genericSTM32F103C\Release/core.a(usb_core.c.o)
                0x20000f3a                StatusInfo
 COMMON         0x20000f3c       0x32 C:\Users\PC\AppData\Local\Temp\VMBuilds\slave\Arduino_STM32_genericSTM32F103C\Release/core.a(usb_init.c.o)
                0x20000f3c                SaveState
                0x20000f40                pProperty
                0x20000f44                EPindex
                0x20000f48                Device_Info
                0x20000f64                pUser_Standard_Requests
                0x20000f68                pInformation
                0x20000f6c                wInterrupt_Mask
 *fill*         0x20000f6e        0x2 
 COMMON         0x20000f70        0x4 c:/users/pc/appdata/local/arduino15/packages/arduino/tools/arm-none-eabi-gcc/4.8.3-2014q1/bin/../lib/gcc/arm-none-eabi/4.8.3/../../../../arm-none-eabi/lib/armv7-m\libc.a(lib_a-reent.o)
                0x20000f70                errno
                0x20000f78                . = ALIGN (0x8)
 *fill*         0x20000f74        0x4 
                0x20000f78                __bss_end__ = .
                0x20000f78                _end = __bss_end__

.stab
 *(.stab)

.stabstr
 *(.stabstr)

.debug
 *(.debug)

.line
 *(.line)

.debug_srcinfo
 *(.debug_srcinfo)

.debug_sfnames
 *(.debug_sfnames)

.debug_aranges  0x00000000      0xe00
 *(.debug_aranges)
 .debug_aranges
                0x00000000       0x48 C:\Users\PC\AppData\Local\Temp\VMBuilds\slave\Arduino_STM32_genericSTM32F103C\Release\slave.cpp.o
 .debug_aranges
                0x00000048       0x78 C:\Users\PC\AppData\Local\Temp\VMBuilds\slave\Arduino_STM32_genericSTM32F103C\Release\DataGroup.cpp.o
 .debug_aranges
                0x000000c0       0x28 C:\Users\PC\AppData\Local\Temp\VMBuilds\slave\Arduino_STM32_genericSTM32F103C\Release\variant\board.cpp.o
 .debug_aranges
                0x000000e8       0x40 C:\Users\PC\AppData\Local\Temp\VMBuilds\slave\Arduino_STM32_genericSTM32F103C\Release\variant\boards.cpp.o
 .debug_aranges
                0x00000128       0x40 C:\Users\PC\AppData\Local\Temp\VMBuilds\slave\Arduino_STM32_genericSTM32F103C\Release\variant\boards_setup.cpp.o
 .debug_aranges
                0x00000168       0x20 C:\Users\PC\AppData\Local\Temp\VMBuilds\slave\Arduino_STM32_genericSTM32F103C\Release\variant\start.S.o
 .debug_aranges
                0x00000188       0x20 C:\Users\PC\AppData\Local\Temp\VMBuilds\slave\Arduino_STM32_genericSTM32F103C\Release\variant\start_c.c.o
 .debug_aranges
                0x000001a8       0x88 C:\Users\PC\AppData\Local\Temp\VMBuilds\slave\Arduino_STM32_genericSTM32F103C\Release\variant\syscalls.c.o
 .debug_aranges
                0x00000230       0x20 C:\Users\PC\AppData\Local\Temp\VMBuilds\slave\Arduino_STM32_genericSTM32F103C\Release/core.a(exc.S.o)
 .debug_aranges
                0x00000250       0x20 C:\Users\PC\AppData\Local\Temp\VMBuilds\slave\Arduino_STM32_genericSTM32F103C\Release/core.a(isrs.S.o)
 .debug_aranges
                0x00000270       0x38 C:\Users\PC\AppData\Local\Temp\VMBuilds\slave\Arduino_STM32_genericSTM32F103C\Release/core.a(adc.c.o)
 .debug_aranges
                0x000002a8       0x58 C:\Users\PC\AppData\Local\Temp\VMBuilds\slave\Arduino_STM32_genericSTM32F103C\Release/core.a(adc_f1.c.o)
 .debug_aranges
                0x00000300       0x20 C:\Users\PC\AppData\Local\Temp\VMBuilds\slave\Arduino_STM32_genericSTM32F103C\Release/core.a(flash.c.o)
 .debug_aranges
                0x00000320       0x40 C:\Users\PC\AppData\Local\Temp\VMBuilds\slave\Arduino_STM32_genericSTM32F103C\Release/core.a(gpio_f1.c.o)
 .debug_aranges
                0x00000360       0x38 C:\Users\PC\AppData\Local\Temp\VMBuilds\slave\Arduino_STM32_genericSTM32F103C\Release/core.a(nvic.c.o)
 .debug_aranges
                0x00000398       0x48 C:\Users\PC\AppData\Local\Temp\VMBuilds\slave\Arduino_STM32_genericSTM32F103C\Release/core.a(rcc.c.o)
 .debug_aranges
                0x000003e0       0x48 C:\Users\PC\AppData\Local\Temp\VMBuilds\slave\Arduino_STM32_genericSTM32F103C\Release/core.a(rcc_f1.c.o)
 .debug_aranges
                0x00000428       0x40 C:\Users\PC\AppData\Local\Temp\VMBuilds\slave\Arduino_STM32_genericSTM32F103C\Release/core.a(systick.c.o)
 .debug_aranges
                0x00000468       0xa8 C:\Users\PC\AppData\Local\Temp\VMBuilds\slave\Arduino_STM32_genericSTM32F103C\Release/core.a(timer.c.o)
 .debug_aranges
                0x00000510       0x58 C:\Users\PC\AppData\Local\Temp\VMBuilds\slave\Arduino_STM32_genericSTM32F103C\Release/core.a(usart_f1.c.o)
 .debug_aranges
                0x00000568       0x20 C:\Users\PC\AppData\Local\Temp\VMBuilds\slave\Arduino_STM32_genericSTM32F103C\Release/core.a(usart_private.c.o)
 .debug_aranges
                0x00000588       0x50 C:\Users\PC\AppData\Local\Temp\VMBuilds\slave\Arduino_STM32_genericSTM32F103C\Release/core.a(util.c.o)
 .debug_aranges
                0x000005d8       0x68 C:\Users\PC\AppData\Local\Temp\VMBuilds\slave\Arduino_STM32_genericSTM32F103C\Release/core.a(HardwareSerial.cpp.o)
 .debug_aranges
                0x00000640       0x28 C:\Users\PC\AppData\Local\Temp\VMBuilds\slave\Arduino_STM32_genericSTM32F103C\Release/core.a(main.cpp.o)
 .debug_aranges
                0x00000668       0x38 C:\Users\PC\AppData\Local\Temp\VMBuilds\slave\Arduino_STM32_genericSTM32F103C\Release/core.a(new.cpp.o)
 .debug_aranges
                0x000006a0      0x110 C:\Users\PC\AppData\Local\Temp\VMBuilds\slave\Arduino_STM32_genericSTM32F103C\Release/core.a(Print.cpp.o)
 .debug_aranges
                0x000007b0       0xc8 C:\Users\PC\AppData\Local\Temp\VMBuilds\slave\Arduino_STM32_genericSTM32F103C\Release/core.a(usb_serial.cpp.o)
 .debug_aranges
                0x00000878       0x20 C:\Users\PC\AppData\Local\Temp\VMBuilds\slave\Arduino_STM32_genericSTM32F103C\Release/core.a(wirish_analog.cpp.o)
 .debug_aranges
                0x00000898       0x28 C:\Users\PC\AppData\Local\Temp\VMBuilds\slave\Arduino_STM32_genericSTM32F103C\Release/core.a(wirish_digital.cpp.o)
 .debug_aranges
                0x000008c0       0x28 C:\Users\PC\AppData\Local\Temp\VMBuilds\slave\Arduino_STM32_genericSTM32F103C\Release/core.a(wirish_debug.cpp.o)
 .debug_aranges
                0x000008e8       0x20 C:\Users\PC\AppData\Local\Temp\VMBuilds\slave\Arduino_STM32_genericSTM32F103C\Release/core.a(wirish_digital_f1.cpp.o)
 .debug_aranges
                0x00000908       0x20 C:\Users\PC\AppData\Local\Temp\VMBuilds\slave\Arduino_STM32_genericSTM32F103C\Release/core.a(gpio.c.o)
 .debug_aranges
                0x00000928       0x28 C:\Users\PC\AppData\Local\Temp\VMBuilds\slave\Arduino_STM32_genericSTM32F103C\Release/core.a(iwdg.c.o)
 .debug_aranges
                0x00000950       0x48 C:\Users\PC\AppData\Local\Temp\VMBuilds\slave\Arduino_STM32_genericSTM32F103C\Release/core.a(usart.c.o)
 .debug_aranges
                0x00000998       0x38 C:\Users\PC\AppData\Local\Temp\VMBuilds\slave\Arduino_STM32_genericSTM32F103C\Release/core.a(usb.c.o)
 .debug_aranges
                0x000009d0      0x120 C:\Users\PC\AppData\Local\Temp\VMBuilds\slave\Arduino_STM32_genericSTM32F103C\Release/core.a(usb_cdcacm.c.o)
 .debug_aranges
                0x00000af0       0x20 C:\Users\PC\AppData\Local\Temp\VMBuilds\slave\Arduino_STM32_genericSTM32F103C\Release/core.a(usb_reg_map.c.o)
 .debug_aranges
                0x00000b10       0x98 C:\Users\PC\AppData\Local\Temp\VMBuilds\slave\Arduino_STM32_genericSTM32F103C\Release/core.a(usb_core.c.o)
 .debug_aranges
                0x00000ba8       0x20 C:\Users\PC\AppData\Local\Temp\VMBuilds\slave\Arduino_STM32_genericSTM32F103C\Release/core.a(usb_init.c.o)
 .debug_aranges
                0x00000bc8       0x28 C:\Users\PC\AppData\Local\Temp\VMBuilds\slave\Arduino_STM32_genericSTM32F103C\Release/core.a(usb_mem.c.o)
 .debug_aranges
                0x00000bf0      0x1f0 C:\Users\PC\AppData\Local\Temp\VMBuilds\slave\Arduino_STM32_genericSTM32F103C\Release/core.a(usb_regs.c.o)
 .debug_aranges
                0x00000de0       0x20 C:\Users\PC\AppData\Local\Temp\VMBuilds\slave\Arduino_STM32_genericSTM32F103C\Release/core.a(cxxabi-compat.cpp.o)

.debug_pubnames
 *(.debug_pubnames)

.debug_info     0x00000000    0x1c61b
 *(.debug_info .gnu.linkonce.wi.*)
 .debug_info    0x00000000      0xf67 C:\Users\PC\AppData\Local\Temp\VMBuilds\slave\Arduino_STM32_genericSTM32F103C\Release\slave.cpp.o
 .debug_info    0x00000f67      0x7f2 C:\Users\PC\AppData\Local\Temp\VMBuilds\slave\Arduino_STM32_genericSTM32F103C\Release\DataGroup.cpp.o
 .debug_info    0x00001759      0xf47 C:\Users\PC\AppData\Local\Temp\VMBuilds\slave\Arduino_STM32_genericSTM32F103C\Release\variant\board.cpp.o
 .debug_info    0x000026a0     0x142f C:\Users\PC\AppData\Local\Temp\VMBuilds\slave\Arduino_STM32_genericSTM32F103C\Release\variant\boards.cpp.o
 .debug_info    0x00003acf     0x10c5 C:\Users\PC\AppData\Local\Temp\VMBuilds\slave\Arduino_STM32_genericSTM32F103C\Release\variant\boards_setup.cpp.o
 .debug_info    0x00004b94       0xb8 C:\Users\PC\AppData\Local\Temp\VMBuilds\slave\Arduino_STM32_genericSTM32F103C\Release\variant\start.S.o
 .debug_info    0x00004c4c      0x176 C:\Users\PC\AppData\Local\Temp\VMBuilds\slave\Arduino_STM32_genericSTM32F103C\Release\variant\start_c.c.o
 .debug_info    0x00004dc2      0x5cd C:\Users\PC\AppData\Local\Temp\VMBuilds\slave\Arduino_STM32_genericSTM32F103C\Release\variant\syscalls.c.o
 .debug_info    0x0000538f       0xa8 C:\Users\PC\AppData\Local\Temp\VMBuilds\slave\Arduino_STM32_genericSTM32F103C\Release/core.a(exc.S.o)
 .debug_info    0x00005437       0xbd C:\Users\PC\AppData\Local\Temp\VMBuilds\slave\Arduino_STM32_genericSTM32F103C\Release/core.a(isrs.S.o)
 .debug_info    0x000054f4      0x79a C:\Users\PC\AppData\Local\Temp\VMBuilds\slave\Arduino_STM32_genericSTM32F103C\Release/core.a(adc.c.o)
 .debug_info    0x00005c8e      0xe4a C:\Users\PC\AppData\Local\Temp\VMBuilds\slave\Arduino_STM32_genericSTM32F103C\Release/core.a(adc_f1.c.o)
 .debug_info    0x00006ad8      0x128 C:\Users\PC\AppData\Local\Temp\VMBuilds\slave\Arduino_STM32_genericSTM32F103C\Release/core.a(flash.c.o)
 .debug_info    0x00006c00      0x6d6 C:\Users\PC\AppData\Local\Temp\VMBuilds\slave\Arduino_STM32_genericSTM32F103C\Release/core.a(gpio_f1.c.o)
 .debug_info    0x000072d6      0x5a2 C:\Users\PC\AppData\Local\Temp\VMBuilds\slave\Arduino_STM32_genericSTM32F103C\Release/core.a(nvic.c.o)
 .debug_info    0x00007878      0x556 C:\Users\PC\AppData\Local\Temp\VMBuilds\slave\Arduino_STM32_genericSTM32F103C\Release/core.a(rcc.c.o)
 .debug_info    0x00007dce      0xb64 C:\Users\PC\AppData\Local\Temp\VMBuilds\slave\Arduino_STM32_genericSTM32F103C\Release/core.a(rcc_f1.c.o)
 .debug_info    0x00008932      0x182 C:\Users\PC\AppData\Local\Temp\VMBuilds\slave\Arduino_STM32_genericSTM32F103C\Release/core.a(systick.c.o)
 .debug_info    0x00008ab4     0x1bc2 C:\Users\PC\AppData\Local\Temp\VMBuilds\slave\Arduino_STM32_genericSTM32F103C\Release/core.a(timer.c.o)
 .debug_info    0x0000a676      0xbc4 C:\Users\PC\AppData\Local\Temp\VMBuilds\slave\Arduino_STM32_genericSTM32F103C\Release/core.a(usart_f1.c.o)
 .debug_info    0x0000b23a      0x595 C:\Users\PC\AppData\Local\Temp\VMBuilds\slave\Arduino_STM32_genericSTM32F103C\Release/core.a(usart_private.c.o)
 .debug_info    0x0000b7cf      0xad2 C:\Users\PC\AppData\Local\Temp\VMBuilds\slave\Arduino_STM32_genericSTM32F103C\Release/core.a(util.c.o)
 .debug_info    0x0000c2a1     0x2a1c C:\Users\PC\AppData\Local\Temp\VMBuilds\slave\Arduino_STM32_genericSTM32F103C\Release/core.a(HardwareSerial.cpp.o)
 .debug_info    0x0000ecbd       0x99 C:\Users\PC\AppData\Local\Temp\VMBuilds\slave\Arduino_STM32_genericSTM32F103C\Release/core.a(main.cpp.o)
 .debug_info    0x0000ed56      0x1a1 C:\Users\PC\AppData\Local\Temp\VMBuilds\slave\Arduino_STM32_genericSTM32F103C\Release/core.a(new.cpp.o)
 .debug_info    0x0000eef7     0x2574 C:\Users\PC\AppData\Local\Temp\VMBuilds\slave\Arduino_STM32_genericSTM32F103C\Release/core.a(Print.cpp.o)
 .debug_info    0x0001146b     0x2adb C:\Users\PC\AppData\Local\Temp\VMBuilds\slave\Arduino_STM32_genericSTM32F103C\Release/core.a(usb_serial.cpp.o)
 .debug_info    0x00013f46      0xa7e C:\Users\PC\AppData\Local\Temp\VMBuilds\slave\Arduino_STM32_genericSTM32F103C\Release/core.a(wirish_analog.cpp.o)
 .debug_info    0x000149c4      0xb0b C:\Users\PC\AppData\Local\Temp\VMBuilds\slave\Arduino_STM32_genericSTM32F103C\Release/core.a(wirish_digital.cpp.o)
 .debug_info    0x000154cf      0x1e0 C:\Users\PC\AppData\Local\Temp\VMBuilds\slave\Arduino_STM32_genericSTM32F103C\Release/core.a(wirish_debug.cpp.o)
 .debug_info    0x000156af      0xc8a C:\Users\PC\AppData\Local\Temp\VMBuilds\slave\Arduino_STM32_genericSTM32F103C\Release/core.a(wirish_digital_f1.cpp.o)
 .debug_info    0x00016339      0x313 C:\Users\PC\AppData\Local\Temp\VMBuilds\slave\Arduino_STM32_genericSTM32F103C\Release/core.a(gpio.c.o)
 .debug_info    0x0001664c      0x16b C:\Users\PC\AppData\Local\Temp\VMBuilds\slave\Arduino_STM32_genericSTM32F103C\Release/core.a(iwdg.c.o)
 .debug_info    0x000167b7      0xc32 C:\Users\PC\AppData\Local\Temp\VMBuilds\slave\Arduino_STM32_genericSTM32F103C\Release/core.a(usart.c.o)
 .debug_info    0x000173e9      0xd16 C:\Users\PC\AppData\Local\Temp\VMBuilds\slave\Arduino_STM32_genericSTM32F103C\Release/core.a(usb.c.o)
 .debug_info    0x000180ff     0x22ae C:\Users\PC\AppData\Local\Temp\VMBuilds\slave\Arduino_STM32_genericSTM32F103C\Release/core.a(usb_cdcacm.c.o)
 .debug_info    0x0001a3ad      0x26c C:\Users\PC\AppData\Local\Temp\VMBuilds\slave\Arduino_STM32_genericSTM32F103C\Release/core.a(usb_reg_map.c.o)
 .debug_info    0x0001a619      0xddf C:\Users\PC\AppData\Local\Temp\VMBuilds\slave\Arduino_STM32_genericSTM32F103C\Release/core.a(usb_core.c.o)
 .debug_info    0x0001b3f8      0x3ed C:\Users\PC\AppData\Local\Temp\VMBuilds\slave\Arduino_STM32_genericSTM32F103C\Release/core.a(usb_init.c.o)
 .debug_info    0x0001b7e5      0x17b C:\Users\PC\AppData\Local\Temp\VMBuilds\slave\Arduino_STM32_genericSTM32F103C\Release/core.a(usb_mem.c.o)
 .debug_info    0x0001b960      0xc88 C:\Users\PC\AppData\Local\Temp\VMBuilds\slave\Arduino_STM32_genericSTM32F103C\Release/core.a(usb_regs.c.o)
 .debug_info    0x0001c5e8       0x33 C:\Users\PC\AppData\Local\Temp\VMBuilds\slave\Arduino_STM32_genericSTM32F103C\Release/core.a(cxxabi-compat.cpp.o)

.debug_abbrev   0x00000000     0x5876
 *(.debug_abbrev)
 .debug_abbrev  0x00000000      0x40f C:\Users\PC\AppData\Local\Temp\VMBuilds\slave\Arduino_STM32_genericSTM32F103C\Release\slave.cpp.o
 .debug_abbrev  0x0000040f      0x33d C:\Users\PC\AppData\Local\Temp\VMBuilds\slave\Arduino_STM32_genericSTM32F103C\Release\DataGroup.cpp.o
 .debug_abbrev  0x0000074c      0x20b C:\Users\PC\AppData\Local\Temp\VMBuilds\slave\Arduino_STM32_genericSTM32F103C\Release\variant\board.cpp.o
 .debug_abbrev  0x00000957      0x3dd C:\Users\PC\AppData\Local\Temp\VMBuilds\slave\Arduino_STM32_genericSTM32F103C\Release\variant\boards.cpp.o
 .debug_abbrev  0x00000d34      0x2af C:\Users\PC\AppData\Local\Temp\VMBuilds\slave\Arduino_STM32_genericSTM32F103C\Release\variant\boards_setup.cpp.o
 .debug_abbrev  0x00000fe3       0x14 C:\Users\PC\AppData\Local\Temp\VMBuilds\slave\Arduino_STM32_genericSTM32F103C\Release\variant\start.S.o
 .debug_abbrev  0x00000ff7      0x11f C:\Users\PC\AppData\Local\Temp\VMBuilds\slave\Arduino_STM32_genericSTM32F103C\Release\variant\start_c.c.o
 .debug_abbrev  0x00001116      0x17e C:\Users\PC\AppData\Local\Temp\VMBuilds\slave\Arduino_STM32_genericSTM32F103C\Release\variant\syscalls.c.o
 .debug_abbrev  0x00001294       0x14 C:\Users\PC\AppData\Local\Temp\VMBuilds\slave\Arduino_STM32_genericSTM32F103C\Release/core.a(exc.S.o)
 .debug_abbrev  0x000012a8       0x14 C:\Users\PC\AppData\Local\Temp\VMBuilds\slave\Arduino_STM32_genericSTM32F103C\Release/core.a(isrs.S.o)
 .debug_abbrev  0x000012bc      0x20b C:\Users\PC\AppData\Local\Temp\VMBuilds\slave\Arduino_STM32_genericSTM32F103C\Release/core.a(adc.c.o)
 .debug_abbrev  0x000014c7      0x2e6 C:\Users\PC\AppData\Local\Temp\VMBuilds\slave\Arduino_STM32_genericSTM32F103C\Release/core.a(adc_f1.c.o)
 .debug_abbrev  0x000017ad       0x9f C:\Users\PC\AppData\Local\Temp\VMBuilds\slave\Arduino_STM32_genericSTM32F103C\Release/core.a(flash.c.o)
 .debug_abbrev  0x0000184c      0x191 C:\Users\PC\AppData\Local\Temp\VMBuilds\slave\Arduino_STM32_genericSTM32F103C\Release/core.a(gpio_f1.c.o)
 .debug_abbrev  0x000019dd      0x1ac C:\Users\PC\AppData\Local\Temp\VMBuilds\slave\Arduino_STM32_genericSTM32F103C\Release/core.a(nvic.c.o)
 .debug_abbrev  0x00001b89      0x17f C:\Users\PC\AppData\Local\Temp\VMBuilds\slave\Arduino_STM32_genericSTM32F103C\Release/core.a(rcc.c.o)
 .debug_abbrev  0x00001d08      0x28c C:\Users\PC\AppData\Local\Temp\VMBuilds\slave\Arduino_STM32_genericSTM32F103C\Release/core.a(rcc_f1.c.o)
 .debug_abbrev  0x00001f94      0x10f C:\Users\PC\AppData\Local\Temp\VMBuilds\slave\Arduino_STM32_genericSTM32F103C\Release/core.a(systick.c.o)
 .debug_abbrev  0x000020a3      0x48a C:\Users\PC\AppData\Local\Temp\VMBuilds\slave\Arduino_STM32_genericSTM32F103C\Release/core.a(timer.c.o)