Archive member included because of file (symbol)

C:\Users\PC\AppData\Local\Temp\VMBuilds\main\Arduino_STM32_genericSTM32F103C\Release/core.a(exc.S.o)
                              (__exc_hardfault)
C:\Users\PC\AppData\Local\Temp\VMBuilds\main\Arduino_STM32_genericSTM32F103C\Release/core.a(isrs.S.o)
                              (__stm32reservedexception7)
C:\Users\PC\AppData\Local\Temp\VMBuilds\main\Arduino_STM32_genericSTM32F103C\Release/core.a(vector_table.S.o)
                              (__stm32_vector_table)
C:\Users\PC\AppData\Local\Temp\VMBuilds\main\Arduino_STM32_genericSTM32F103C\Release/core.a(adc.c.o)
                              C:\Users\PC\AppData\Local\Temp\VMBuilds\main\Arduino_STM32_genericSTM32F103C\Release\variant\boards.cpp.o (adc_set_sample_rate)
C:\Users\PC\AppData\Local\Temp\VMBuilds\main\Arduino_STM32_genericSTM32F103C\Release/core.a(adc_f1.c.o)
                              C:\Users\PC\AppData\Local\Temp\VMBuilds\main\Arduino_STM32_genericSTM32F103C\Release\variant\boards.cpp.o (adc_set_prescaler)
C:\Users\PC\AppData\Local\Temp\VMBuilds\main\Arduino_STM32_genericSTM32F103C\Release/core.a(flash.c.o)
                              C:\Users\PC\AppData\Local\Temp\VMBuilds\main\Arduino_STM32_genericSTM32F103C\Release\variant\boards.cpp.o (flash_set_latency)
C:\Users\PC\AppData\Local\Temp\VMBuilds\main\Arduino_STM32_genericSTM32F103C\Release/core.a(gpio_f1.c.o)
                              C:\Users\PC\AppData\Local\Temp\VMBuilds\main\Arduino_STM32_genericSTM32F103C\Release\variant\boards_setup.cpp.o (gpio_init_all)
C:\Users\PC\AppData\Local\Temp\VMBuilds\main\Arduino_STM32_genericSTM32F103C\Release/core.a(nvic.c.o)
                              C:\Users\PC\AppData\Local\Temp\VMBuilds\main\Arduino_STM32_genericSTM32F103C\Release\variant\boards.cpp.o (nvic_init)
C:\Users\PC\AppData\Local\Temp\VMBuilds\main\Arduino_STM32_genericSTM32F103C\Release/core.a(rcc.c.o)
                              C:\Users\PC\AppData\Local\Temp\VMBuilds\main\Arduino_STM32_genericSTM32F103C\Release\variant\boards.cpp.o (rcc_switch_sysclk)
C:\Users\PC\AppData\Local\Temp\VMBuilds\main\Arduino_STM32_genericSTM32F103C\Release/core.a(rcc_f1.c.o)
                              C:\Users\PC\AppData\Local\Temp\VMBuilds\main\Arduino_STM32_genericSTM32F103C\Release\variant\boards.cpp.o (rcc_configure_pll)
C:\Users\PC\AppData\Local\Temp\VMBuilds\main\Arduino_STM32_genericSTM32F103C\Release/core.a(systick.c.o)
                              C:\Users\PC\AppData\Local\Temp\VMBuilds\main\Arduino_STM32_genericSTM32F103C\Release\variant\boards.cpp.o (systick_init)
C:\Users\PC\AppData\Local\Temp\VMBuilds\main\Arduino_STM32_genericSTM32F103C\Release/core.a(timer.c.o)
                              C:\Users\PC\AppData\Local\Temp\VMBuilds\main\Arduino_STM32_genericSTM32F103C\Release\variant\boards.cpp.o (timer_foreach)
C:\Users\PC\AppData\Local\Temp\VMBuilds\main\Arduino_STM32_genericSTM32F103C\Release/core.a(usart_f1.c.o)
                              C:\Users\PC\AppData\Local\Temp\VMBuilds\main\Arduino_STM32_genericSTM32F103C\Release\variant\board.cpp.o (USART3)
C:\Users\PC\AppData\Local\Temp\VMBuilds\main\Arduino_STM32_genericSTM32F103C\Release/core.a(usart_private.c.o)
                              C:\Users\PC\AppData\Local\Temp\VMBuilds\main\Arduino_STM32_genericSTM32F103C\Release/core.a(usart_f1.c.o) (_usart_clock_freq)
C:\Users\PC\AppData\Local\Temp\VMBuilds\main\Arduino_STM32_genericSTM32F103C\Release/core.a(util.c.o)
                              C:\Users\PC\AppData\Local\Temp\VMBuilds\main\Arduino_STM32_genericSTM32F103C\Release/core.a(exc.S.o) (__error)
C:\Users\PC\AppData\Local\Temp\VMBuilds\main\Arduino_STM32_genericSTM32F103C\Release/core.a(HardwareSerial.cpp.o)
                              C:\Users\PC\AppData\Local\Temp\VMBuilds\main\Arduino_STM32_genericSTM32F103C\Release\main.cpp.o (HardwareSerial::read())
C:\Users\PC\AppData\Local\Temp\VMBuilds\main\Arduino_STM32_genericSTM32F103C\Release/core.a(main.cpp.o)
                              (main)
C:\Users\PC\AppData\Local\Temp\VMBuilds\main\Arduino_STM32_genericSTM32F103C\Release/core.a(new.cpp.o)
                              C:\Users\PC\AppData\Local\Temp\VMBuilds\main\Arduino_STM32_genericSTM32F103C\Release\DataGroup.cpp.o (operator new[](unsigned int))
C:\Users\PC\AppData\Local\Temp\VMBuilds\main\Arduino_STM32_genericSTM32F103C\Release/core.a(Print.cpp.o)
                              C:\Users\PC\AppData\Local\Temp\VMBuilds\main\Arduino_STM32_genericSTM32F103C\Release/core.a(HardwareSerial.cpp.o) (Print::write(char const*))
C:\Users\PC\AppData\Local\Temp\VMBuilds\main\Arduino_STM32_genericSTM32F103C\Release/core.a(Stream.cpp.o)
                              C:\Users\PC\AppData\Local\Temp\VMBuilds\main\Arduino_STM32_genericSTM32F103C\Release\main.cpp.o (Stream::setTimeout(unsigned long))
C:\Users\PC\AppData\Local\Temp\VMBuilds\main\Arduino_STM32_genericSTM32F103C\Release/core.a(usb_serial.cpp.o)
[...]
Memory Configuration

Name             Origin             Length             Attributes
ram              0x20000000         0x00005000         xrw
rom              0x08002000         0x0001e000         xr
*default*        0x00000000         0xffffffff

Linker script and memory map

LOAD c:/users/pc/appdata/local/arduino15/packages/arduino/tools/arm-none-eabi-gcc/4.8.3-2014q1/bin/../lib/gcc/arm-none-eabi/4.8.3/armv7-m/crti.o
LOAD c:/users/pc/appdata/local/arduino15/packages/arduino/tools/arm-none-eabi-gcc/4.8.3-2014q1/bin/../lib/gcc/arm-none-eabi/4.8.3/armv7-m/crtbegin.o
LOAD c:/users/pc/appdata/local/arduino15/packages/arduino/tools/arm-none-eabi-gcc/4.8.3-2014q1/bin/../lib/gcc/arm-none-eabi/4.8.3/../../../../arm-none-eabi/lib/armv7-m/crt0.o
LOAD c:/users/pc/appdata/local/arduino15/packages/arduino/tools/arm-none-eabi-gcc/4.8.3-2014q1/bin/../lib/gcc/arm-none-eabi/4.8.3/armv7-m\libgcc.a
START GROUP
LOAD C:\Users\PC\AppData\Local\Temp\VMBuilds\main\Arduino_STM32_genericSTM32F103C\Release\main.cpp.o
LOAD C:\Users\PC\AppData\Local\Temp\VMBuilds\main\Arduino_STM32_genericSTM32F103C\Release\DataGroup.cpp.o
LOAD C:\Users\PC\AppData\Local\Temp\VMBuilds\main\Arduino_STM32_genericSTM32F103C\Release\FloorSensors.cpp.o
LOAD C:\Users\PC\AppData\Local\Temp\VMBuilds\main\Arduino_STM32_genericSTM32F103C\Release\Sensors.cpp.o
LOAD C:\Users\PC\AppData\Local\Temp\VMBuilds\main\Arduino_STM32_genericSTM32F103C\Release\EEPROM\flash_stm32.c.o
LOAD C:\Users\PC\AppData\Local\Temp\VMBuilds\main\Arduino_STM32_genericSTM32F103C\Release\EEPROM\EEPROM.cpp.o
LOAD C:\Users\PC\AppData\Local\Temp\VMBuilds\main\Arduino_STM32_genericSTM32F103C\Release\variant\board.cpp.o
LOAD C:\Users\PC\AppData\Local\Temp\VMBuilds\main\Arduino_STM32_genericSTM32F103C\Release\variant\boards.cpp.o
LOAD C:\Users\PC\AppData\Local\Temp\VMBuilds\main\Arduino_STM32_genericSTM32F103C\Release\variant\boards_setup.cpp.o
LOAD C:\Users\PC\AppData\Local\Temp\VMBuilds\main\Arduino_STM32_genericSTM32F103C\Release\variant\start.S.o
LOAD C:\Users\PC\AppData\Local\Temp\VMBuilds\main\Arduino_STM32_genericSTM32F103C\Release\variant\start_c.c.o
LOAD C:\Users\PC\AppData\Local\Temp\VMBuilds\main\Arduino_STM32_genericSTM32F103C\Release\variant\syscalls.c.o
LOAD C:\Users\PC\AppData\Local\Temp\VMBuilds\main\Arduino_STM32_genericSTM32F103C\Release/core.a
END GROUP
LOAD c:/users/pc/appdata/local/arduino15/packages/arduino/tools/arm-none-eabi-gcc/4.8.3-2014q1/bin/../lib/gcc/arm-none-eabi/4.8.3/../../../../arm-none-eabi/lib/armv7-m\libstdc++.a
LOAD c:/users/pc/appdata/local/arduino15/packages/arduino/tools/arm-none-eabi-gcc/4.8.3-2014q1/bin/../lib/gcc/arm-none-eabi/4.8.3/../../../../arm-none-eabi/lib/armv7-m\libm.a
START GROUP
LOAD c:/users/pc/appdata/local/arduino15/packages/arduino/tools/arm-none-eabi-gcc/4.8.3-2014q1/bin/../lib/gcc/arm-none-eabi/4.8.3/armv7-m\libgcc.a
LOAD c:/users/pc/appdata/local/arduino15/packages/arduino/tools/arm-none-eabi-gcc/4.8.3-2014q1/bin/../lib/gcc/arm-none-eabi/4.8.3/../../../../arm-none-eabi/lib/armv7-m\libc.a
END GROUP
LOAD c:/users/pc/appdata/local/arduino15/packages/arduino/tools/arm-none-eabi-gcc/4.8.3-2014q1/bin/../lib/gcc/arm-none-eabi/4.8.3/armv7-m/crtend.o
LOAD c:/users/pc/appdata/local/arduino15/packages/arduino/tools/arm-none-eabi-gcc/4.8.3-2014q1/bin/../lib/gcc/arm-none-eabi/4.8.3/armv7-m/crtn.o
START GROUP
LOAD c:/users/pc/appdata/local/arduino15/packages/arduino/tools/arm-none-eabi-gcc/4.8.3-2014q1/bin/../lib/gcc/arm-none-eabi/4.8.3/armv7-m\libgcc.a
LOAD c:/users/pc/appdata/local/arduino15/packages/arduino/tools/arm-none-eabi-gcc/4.8.3-2014q1/bin/../lib/gcc/arm-none-eabi/4.8.3/../../../../arm-none-eabi/lib/armv7-m\libc.a
LOAD c:/users/pc/appdata/local/arduino15/packages/arduino/tools/arm-none-eabi-gcc/4.8.3-2014q1/bin/../lib/gcc/arm-none-eabi/4.8.3/../../../../arm-none-eabi/lib/armv7-m\libm.a
END GROUP
START GROUP
LOAD c:/users/pc/appdata/local/arduino15/packages/arduino/tools/arm-none-eabi-gcc/4.8.3-2014q1/bin/../lib/gcc/arm-none-eabi/4.8.3/../../../../arm-none-eabi/lib/armv7-m\libnosys.a
END GROUP
                0x20005000                PROVIDE (__msp_init, (ORIGIN (ram) + 0x5000))
                0x08003ba4                PROVIDE (__exc_reset, __start__)

.text           0x08002000     0x58f0
                0x08002000                __text_start__ = .
 *(.stm32.interrupt_vector)
 .stm32.interrupt_vector
                0x08002000       0xec C:\Users\PC\AppData\Local\Temp\VMBuilds\main\Arduino_STM32_genericSTM32F103C\Release/core.a(vector_table.S.o)
                0x08002000                __stm32_vector_table
 *(.text .text.* .gnu.linkonce.t.*)
 .text          0x080020ec       0x54 c:/users/pc/appdata/local/arduino15/packages/arduino/tools/arm-none-eabi-gcc/4.8.3-2014q1/bin/../lib/gcc/arm-none-eabi/4.8.3/armv7-m/crtbegin.o
 .text._ZL6microsv
                0x08002140       0x34 C:\Users\PC\AppData\Local\Temp\VMBuilds\main\Arduino_STM32_genericSTM32F103C\Release\main.cpp.o
 .text._ZN14HardwareSerial5writeEi
                0x08002174        0xc C:\Users\PC\AppData\Local\Temp\VMBuilds\main\Arduino_STM32_genericSTM32F103C\Release\main.cpp.o
                0x08002174                HardwareSerial::write(int)
 .text._Z16readLocalSensorsv
                0x08002180       0x24 C:\Users\PC\AppData\Local\Temp\VMBuilds\main\Arduino_STM32_genericSTM32F103C\Release\main.cpp.o
                0x08002180                readLocalSensors()
 .text._Z8setColorh
                0x080021a4      0x120 C:\Users\PC\AppData\Local\Temp\VMBuilds\main\Arduino_STM32_genericSTM32F103C\Release\main.cpp.o
                0x080021a4                setColor(unsigned char)
 .text._Z10readEEPROMv
                0x080022c4      0x188 C:\Users\PC\AppData\Local\Temp\VMBuilds\main\Arduino_STM32_genericSTM32F103C\Release\main.cpp.o
                0x080022c4                readEEPROM()
 .text._Z5setupv
                0x0800244c      0x11c C:\Users\PC\AppData\Local\Temp\VMBuilds\main\Arduino_STM32_genericSTM32F103C\Release\main.cpp.o
                0x0800244c                setup()
 .text._Z17readEEPROM_backupv
                0x08002568      0x198 C:\Users\PC\AppData\Local\Temp\VMBuilds\main\Arduino_STM32_genericSTM32F103C\Release\main.cpp.o
                0x08002568                readEEPROM_backup()
 .text._Z10saveEEPROMv
                0x08002700      0x16c C:\Users\PC\AppData\Local\Temp\VMBuilds\main\Arduino_STM32_genericSTM32F103C\Release\main.cpp.o
                0x08002700                saveEEPROM()
 .text._Z17saveEEPROM_backupv
                0x0800286c      0x17c C:\Users\PC\AppData\Local\Temp\VMBuilds\main\Arduino_STM32_genericSTM32F103C\Release\main.cpp.o
                0x0800286c                saveEEPROM_backup()
 .text.startup._GLOBAL__sub_I_ms_container
                0x080029e8       0x1c C:\Users\PC\AppData\Local\Temp\VMBuilds\main\Arduino_STM32_genericSTM32F103C\Release\main.cpp.o
 .text._Z16requestFromSlavev
                0x08002a04       0x58 C:\Users\PC\AppData\Local\Temp\VMBuilds\main\Arduino_STM32_genericSTM32F103C\Release\main.cpp.o
                0x08002a04                requestFromSlave()
 .text._Z12waitForSlavev
                0x08002a5c       0xe8 C:\Users\PC\AppData\Local\Temp\VMBuilds\main\Arduino_STM32_genericSTM32F103C\Release\main.cpp.o
                0x08002a5c                waitForSlave()
 .text._Z9handleAPIv
                0x08002b44      0x14c C:\Users\PC\AppData\Local\Temp\VMBuilds\main\Arduino_STM32_genericSTM32F103C\Release\main.cpp.o
                0x08002b44                handleAPI()
 .text._Z14debug_waitBytev
                0x08002c90       0x24 C:\Users\PC\AppData\Local\Temp\VMBuilds\main\Arduino_STM32_genericSTM32F103C\Release\main.cpp.o
                0x08002c90                debug_waitByte()
 .text._Z12HandleSerialv
                0x08002cb4      0x504 C:\Users\PC\AppData\Local\Temp\VMBuilds\main\Arduino_STM32_genericSTM32F103C\Release\main.cpp.o
                0x08002cb4                HandleSerial()
 .text._Z4loopv
                0x080031b8       0x40 C:\Users\PC\AppData\Local\Temp\VMBuilds\main\Arduino_STM32_genericSTM32F103C\Release\main.cpp.o
                0x080031b8                loop()
 .text._ZN14DataGroupClass8GetBytesEv
                0x080031f8        0x4 C:\Users\PC\AppData\Local\Temp\VMBuilds\main\Arduino_STM32_genericSTM32F103C\Release\DataGroup.cpp.o
                0x080031f8                DataGroupClass::GetBytes()
 .text._ZN14DataGroupClassC2Ev
                0x080031fc       0x20 C:\Users\PC\AppData\Local\Temp\VMBuilds\main\Arduino_STM32_genericSTM32F103C\Release\DataGroup.cpp.o
                0x080031fc                DataGroupClass::DataGroupClass()
                0x080031fc                DataGroupClass::DataGroupClass()
 .text._ZN14DataGroupClass8SetBytesEPh
                0x0800321c       0x12 C:\Users\PC\AppData\Local\Temp\VMBuilds\main\Arduino_STM32_genericSTM32F103C\Release\DataGroup.cpp.o
                0x0800321c                DataGroupClass::SetBytes(unsigned char*)
 .text._ZN14DataGroupClassaSERKS_
                0x0800322e       0x40 C:\Users\PC\AppData\Local\Temp\VMBuilds\main\Arduino_STM32_genericSTM32F103C\Release\DataGroup.cpp.o
                0x0800322e                DataGroupClass::operator=(DataGroupClass const&)
 .text._ZN18DataContainerClass8AddGroupEv
                0x0800326e       0x5c C:\Users\PC\AppData\Local\Temp\VMBuilds\main\Arduino_STM32_genericSTM32F103C\Release\DataGroup.cpp.o
                0x0800326e                DataContainerClass::AddGroup()
 .text._ZN18DataContainerClass12GetDataGroupEh
                0x080032ca       0x12 C:\Users\PC\AppData\Local\Temp\VMBuilds\main\Arduino_STM32_genericSTM32F103C\Release\DataGroup.cpp.o
                0x080032ca                DataContainerClass::GetDataGroup(unsigned char)
 .text._ZN17FloorSensorsClassC2EPhPtS1_
                0x080032dc       0x5c C:\Users\PC\AppData\Local\Temp\VMBuilds\main\Arduino_STM32_genericSTM32F103C\Release\FloorSensors.cpp.o
                0x080032dc                FloorSensorsClass::FloorSensorsClass(unsigned char*, unsigned short*, unsigned short*)
                0x080032dc                FloorSensorsClass::FloorSensorsClass(unsigned char*, unsigned short*, unsigned short*)
 .text._ZN17FloorSensorsClass3runEv
                0x08003338       0x42 C:\Users\PC\AppData\Local\Temp\VMBuilds\main\Arduino_STM32_genericSTM32F103C\Release\FloorSensors.cpp.o
                0x08003338                FloorSensorsClass::run()
 *fill*         0x0800337a        0x2 
 .text._ZN15ProximitySensor3runEv
                0x0800337c       0x38 C:\Users\PC\AppData\Local\Temp\VMBuilds\main\Arduino_STM32_genericSTM32F103C\Release\Sensors.cpp.o
                0x0800337c                ProximitySensor::run()
 .text._ZN15ProximitySensor9setRawValEPh
                0x080033b4        0x4 C:\Users\PC\AppData\Local\Temp\VMBuilds\main\Arduino_STM32_genericSTM32F103C\Release\Sensors.cpp.o
                0x080033b4                ProximitySensor::setRawVal(unsigned char*)
 .text._ZN15ProximitySensor8getStateEv
                0x080033b8        0x4 C:\Users\PC\AppData\Local\Temp\VMBuilds\main\Arduino_STM32_genericSTM32F103C\Release\Sensors.cpp.o
                0x080033b8                ProximitySensor::getState()
 .text._ZN12AnalogSensor3runEv
                0x080033bc       0x38 C:\Users\PC\AppData\Local\Temp\VMBuilds\main\Arduino_STM32_genericSTM32F103C\Release\Sensors.cpp.o
                0x080033bc                AnalogSensor::run()
 .text._ZN12AnalogSensor9setRawValEPt
                0x080033f4        0x4 C:\Users\PC\AppData\Local\Temp\VMBuilds\main\Arduino_STM32_genericSTM32F103C\Release\Sensors.cpp.o
                0x080033f4                AnalogSensor::setRawVal(unsigned short*)
 .text._ZN12AnalogSensor12setThresholdE9Threshold
                0x080033f8        0x8 C:\Users\PC\AppData\Local\Temp\VMBuilds\main\Arduino_STM32_genericSTM32F103C\Release\Sensors.cpp.o
                0x080033f8                AnalogSensor::setThreshold(Threshold)
 .text._ZN12AnalogSensor9getRawValEv
                0x08003400        0x6 C:\Users\PC\AppData\Local\Temp\VMBuilds\main\Arduino_STM32_genericSTM32F103C\Release\Sensors.cpp.o
                0x08003400                AnalogSensor::getRawVal()
 .text._ZN12AnalogSensor8getStateEv
                0x08003406        0x4 C:\Users\PC\AppData\Local\Temp\VMBuilds\main\Arduino_STM32_genericSTM32F103C\Release\Sensors.cpp.o
                0x08003406                AnalogSensor::getState()
 *fill*         0x0800340a        0x2 
 .text.FLASH_GetStatus
                0x0800340c       0x34 C:\Users\PC\AppData\Local\Temp\VMBuilds\main\Arduino_STM32_genericSTM32F103C\Release\EEPROM\flash_stm32.c.o
                0x0800340c                FLASH_GetStatus
 .text.FLASH_WaitForLastOperation
                0x08003440       0x36 C:\Users\PC\AppData\Local\Temp\VMBuilds\main\Arduino_STM32_genericSTM32F103C\Release\EEPROM\flash_stm32.c.o
                0x08003440                FLASH_WaitForLastOperation
 *fill*         0x08003476        0x2 
 .text.FLASH_ErasePage
                0x08003478       0x44 C:\Users\PC\AppData\Local\Temp\VMBuilds\main\Arduino_STM32_genericSTM32F103C\Release\EEPROM\flash_stm32.c.o
                0x08003478                FLASH_ErasePage
 .text.FLASH_ProgramHalfWord
                0x080034bc       0x4c C:\Users\PC\AppData\Local\Temp\VMBuilds\main\Arduino_STM32_genericSTM32F103C\Release\EEPROM\flash_stm32.c.o
                0x080034bc                FLASH_ProgramHalfWord
 .text.FLASH_Unlock
                0x08003508       0x18 C:\Users\PC\AppData\Local\Temp\VMBuilds\main\Arduino_STM32_genericSTM32F103C\Release\EEPROM\flash_stm32.c.o
                0x08003508                FLASH_Unlock
 .text._ZN11EEPROMClass12EE_CheckPageEmt
                0x08003520       0x32 C:\Users\PC\AppData\Local\Temp\VMBuilds\main\Arduino_STM32_genericSTM32F103C\Release\EEPROM\EEPROM.cpp.o
                0x08003520                EEPROMClass::EE_CheckPage(unsigned long, unsigned short)
 .text._ZN11EEPROMClass12EE_ErasePageEm
                0x08003552       0x3e C:\Users\PC\AppData\Local\Temp\VMBuilds\main\Arduino_STM32_genericSTM32F103C\Release\EEPROM\EEPROM.cpp.o
                0x08003552                EEPROMClass::EE_ErasePage(unsigned long)
 .text._ZN11EEPROMClass17EE_CheckErasePageEmt
                0x08003590       0x2a C:\Users\PC\AppData\Local\Temp\VMBuilds\main\Arduino_STM32_genericSTM32F103C\Release\EEPROM\EEPROM.cpp.o
                0x08003590                EEPROMClass::EE_CheckErasePage(unsigned long, unsigned short)
 .text._ZN11EEPROMClass16EE_FindValidPageEv
                0x080035ba       0x2e C:\Users\PC\AppData\Local\Temp\VMBuilds\main\Arduino_STM32_genericSTM32F103C\Release\EEPROM\EEPROM.cpp.o
                0x080035ba                EEPROMClass::EE_FindValidPage()
 .text._ZN11EEPROMClass20EE_GetVariablesCountEmt
                0x080035e8       0x3a C:\Users\PC\AppData\Local\Temp\VMBuilds\main\Arduino_STM32_genericSTM32F103C\Release\EEPROM\EEPROM.cpp.o
                0x080035e8                EEPROMClass::EE_GetVariablesCount(unsigned long, unsigned short)
 .text._ZN11EEPROMClass15EE_PageTransferEmmt
                0x08003622       0xa0 C:\Users\PC\AppData\Local\Temp\VMBuilds\main\Arduino_STM32_genericSTM32F103C\Release\EEPROM\EEPROM.cpp.o
                0x08003622                EEPROMClass::EE_PageTransfer(unsigned long, unsigned long, unsigned short)
 .text._ZN11EEPROMClass30EE_VerifyPageFullWriteVariableEtt
                0x080036c2       0xe4 C:\Users\PC\AppData\Local\Temp\VMBuilds\main\Arduino_STM32_genericSTM32F103C\Release\EEPROM\EEPROM.cpp.o
                0x080036c2                EEPROMClass::EE_VerifyPageFullWriteVariable(unsigned short, unsigned short)
 .text._ZN11EEPROMClass6formatEv
                0x080037a6       0x3e C:\Users\PC\AppData\Local\Temp\VMBuilds\main\Arduino_STM32_genericSTM32F103C\Release\EEPROM\EEPROM.cpp.o
                0x080037a6                EEPROMClass::format()
 .text._ZN11EEPROMClass4initEv
                0x080037e4       0xcc C:\Users\PC\AppData\Local\Temp\VMBuilds\main\Arduino_STM32_genericSTM32F103C\Release\EEPROM\EEPROM.cpp.o
                0x080037e4                EEPROMClass::init()
 .text._ZN11EEPROMClass4readEtPt
                0x080038b0       0x50 C:\Users\PC\AppData\Local\Temp\VMBuilds\main\Arduino_STM32_genericSTM32F103C\Release\EEPROM\EEPROM.cpp.o
                0x080038b0                EEPROMClass::read(unsigned short, unsigned short*)
 .text._ZN11EEPROMClass5writeEtt
                0x08003900       0x32 C:\Users\PC\AppData\Local\Temp\VMBuilds\main\Arduino_STM32_genericSTM32F103C\Release\EEPROM\EEPROM.cpp.o
                0x08003900                EEPROMClass::write(unsigned short, unsigned short)
 *fill*         0x08003932        0x2 
 .text.startup._GLOBAL__sub_I__ZN11EEPROMClass12EE_CheckPageEmt
                0x08003934       0x20 C:\Users\PC\AppData\Local\Temp\VMBuilds\main\Arduino_STM32_genericSTM32F103C\Release\EEPROM\EEPROM.cpp.o
 .text._Z9boardInitv
                0x08003954        0x4 C:\Users\PC\AppData\Local\Temp\VMBuilds\main\Arduino_STM32_genericSTM32F103C\Release\variant\board.cpp.o
                0x08003954                boardInit()
 .text.startup._GLOBAL__sub_I__Z9boardInitv
                0x08003958       0x48 C:\Users\PC\AppData\Local\Temp\VMBuilds\main\Arduino_STM32_genericSTM32F103C\Release\variant\board.cpp.o
 .text._ZL18adc_default_configP7adc_dev
                0x080039a0       0x1c C:\Users\PC\AppData\Local\Temp\VMBuilds\main\Arduino_STM32_genericSTM32F103C\Release\variant\boards.cpp.o
 .text._ZL20timer_default_configP9timer_dev
                0x080039bc       0x9e C:\Users\PC\AppData\Local\Temp\VMBuilds\main\Arduino_STM32_genericSTM32F103C\Release\variant\boards.cpp.o
 *fill*         0x08003a5a        0x2 
 .text._Z4initv
                0x08003a5c       0xbc C:\Users\PC\AppData\Local\Temp\VMBuilds\main\Arduino_STM32_genericSTM32F103C\Release\variant\boards.cpp.o
                0x08003a5c                init()
 .text._ZN6wirish4priv15board_reset_pllEv
                0x08003b18        0x2 C:\Users\PC\AppData\Local\Temp\VMBuilds\main\Arduino_STM32_genericSTM32F103C\Release\variant\boards_setup.cpp.o
                0x08003b18                wirish::priv::board_reset_pll()
 .text._ZN6wirish4priv28board_setup_clock_prescalersEv
                0x08003b1a       0x2e C:\Users\PC\AppData\Local\Temp\VMBuilds\main\Arduino_STM32_genericSTM32F103C\Release\variant\boards_setup.cpp.o
                0x08003b1a                wirish::priv::board_setup_clock_prescalers()
 .text._ZN6wirish4priv16board_setup_gpioEv
                0x08003b48        0x4 C:\Users\PC\AppData\Local\Temp\VMBuilds\main\Arduino_STM32_genericSTM32F103C\Release\variant\boards_setup.cpp.o
                0x08003b48                wirish::priv::board_setup_gpio()
 .text._ZN6wirish4priv15board_setup_usbEv
                0x08003b4c       0x54 C:\Users\PC\AppData\Local\Temp\VMBuilds\main\Arduino_STM32_genericSTM32F103C\Release\variant\boards_setup.cpp.o
                0x08003b4c                wirish::priv::board_setup_usb()
 .text._ZN6wirish4priv11series_initEv
                0x08003ba0        0x4 C:\Users\PC\AppData\Local\Temp\VMBuilds\main\Arduino_STM32_genericSTM32F103C\Release\variant\boards_setup.cpp.o
                0x08003ba0                wirish::priv::series_init()
 .text          0x08003ba4       0x10 C:\Users\PC\AppData\Local\Temp\VMBuilds\main\Arduino_STM32_genericSTM32F103C\Release\variant\start.S.o
                0x08003ba4                __start__
 .text.start_c  0x08003bb4       0x64 C:\Users\PC\AppData\Local\Temp\VMBuilds\main\Arduino_STM32_genericSTM32F103C\Release\variant\start_c.c.o
                0x08003bb4                start_c
 .text._sbrk    0x08003c18       0x44 C:\Users\PC\AppData\Local\Temp\VMBuilds\main\Arduino_STM32_genericSTM32F103C\Release\variant\syscalls.c.o
                0x08003c18                _sbrk
 .text._exit    0x08003c5c        0x2 C:\Users\PC\AppData\Local\Temp\VMBuilds\main\Arduino_STM32_genericSTM32F103C\Release\variant\syscalls.c.o
                0x08003c5c                _exit
 *fill*         0x08003c5e        0x2 
 .text          0x08003c60       0x60 C:\Users\PC\AppData\Local\Temp\VMBuilds\main\Arduino_STM32_genericSTM32F103C\Release/core.a(exc.S.o)
                0x08003c60                __exc_nmi
                0x08003c64                __exc_hardfault
                0x08003c68                __exc_memmanage
                0x08003c6c                __exc_busfault
                0x08003c70                __exc_usagefault
 .text          0x08003cc0        0x2 C:\Users\PC\AppData\Local\Temp\VMBuilds\main\Arduino_STM32_genericSTM32F103C\Release/core.a(isrs.S.o)
                0x08003cc0                __stm32reservedexception9
                0x08003cc0                __irq_dma1_channel3
                0x08003cc0                __irq_i2c2_er
                0x08003cc0                __irq_i2c1_er
                0x08003cc0                __irq_dma1_channel6
                0x08003cc0                __exc_debug_monitor
                0x08003cc0                __irq_dma1_channel1
                0x08003cc0                __exc_svc
                0x08003cc0                __irq_dma1_channel4
                0x08003cc0                __irq_dma1_channel7
                0x08003cc0                __irq_exti0
                0x08003cc0                __irq_can_rx1
                0x08003cc0                __irq_spi2
                0x08003cc0                __irq_can_sce
                0x08003cc0                __irq_exti2
                0x08003cc0                __irq_exti3
                0x08003cc0                __irq_exti9_5
                0x08003cc0                __irq_pvd
                0x08003cc0                __irq_tamper
                0x08003cc0                __default_handler
                0x08003cc0                __irq_wwdg
                0x08003cc0                __stm32reservedexception10
                0x08003cc0                __irq_flash
                0x08003cc0                __irq_i2c2_ev
                0x08003cc0                __irq_dma1_channel2
                0x08003cc0                __irq_dma1_channel5
                0x08003cc0                __stm32reservedexception13
                0x08003cc0                __irq_rtc
                0x08003cc0                __irq_spi1
                0x08003cc0                __stm32reservedexception7
                0x08003cc0                __irq_usb_hp_can_tx
                0x08003cc0                __irq_exti15_10
                0x08003cc0                __irq_exti4
                0x08003cc0                __irq_rtcalarm
                0x08003cc0                __stm32reservedexception8
                0x08003cc0                __exc_pendsv
                0x08003cc0                __irq_i2c1_ev
                0x08003cc0                __irq_usbwakeup
                0x08003cc0                __irq_exti1
                0x08003cc0                __irq_rcc
 .text.adc_init
                0x08003cc2       0x14 C:\Users\PC\AppData\Local\Temp\VMBuilds\main\Arduino_STM32_genericSTM32F103C\Release/core.a(adc.c.o)
                0x08003cc2                adc_init
 .text.adc_set_extsel
                0x08003cd6       0x12 C:\Users\PC\AppData\Local\Temp\VMBuilds\main\Arduino_STM32_genericSTM32F103C\Release/core.a(adc.c.o)
                0x08003cd6                adc_set_extsel
 .text.adc_set_sample_rate
                0x08003ce8       0x30 C:\Users\PC\AppData\Local\Temp\VMBuilds\main\Arduino_STM32_genericSTM32F103C\Release/core.a(adc.c.o)
                0x08003ce8                adc_set_sample_rate
 .text.adc_read
                0x08003d18       0x20 C:\Users\PC\AppData\Local\Temp\VMBuilds\main\Arduino_STM32_genericSTM32F103C\Release/core.a(adc.c.o)
                0x08003d18                adc_read
 .text.__irq_adc
                0x08003d38       0x50 C:\Users\PC\AppData\Local\Temp\VMBuilds\main\Arduino_STM32_genericSTM32F103C\Release/core.a(adc_f1.c.o)
                0x08003d38                __irq_adc
 .text.adc_calibrate
                0x08003d88       0x24 C:\Users\PC\AppData\Local\Temp\VMBuilds\main\Arduino_STM32_genericSTM32F103C\Release/core.a(adc_f1.c.o)
                0x08003d88                adc_calibrate
 .text.adc_set_prescaler
                0x08003dac        0x8 C:\Users\PC\AppData\Local\Temp\VMBuilds\main\Arduino_STM32_genericSTM32F103C\Release/core.a(adc_f1.c.o)
                0x08003dac                adc_set_prescaler
 .text.adc_foreach
                0x08003db4       0x1c C:\Users\PC\AppData\Local\Temp\VMBuilds\main\Arduino_STM32_genericSTM32F103C\Release/core.a(adc_f1.c.o)
                0x08003db4                adc_foreach
 .text.adc_enable_single_swstart
                0x08003dd0       0x36 C:\Users\PC\AppData\Local\Temp\VMBuilds\main\Arduino_STM32_genericSTM32F103C\Release/core.a(adc_f1.c.o)
                0x08003dd0                adc_enable_single_swstart
 *fill*         0x08003e06        0x2 
 .text.flash_set_latency
                0x08003e08       0x14 C:\Users\PC\AppData\Local\Temp\VMBuilds\main\Arduino_STM32_genericSTM32F103C\Release/core.a(flash.c.o)
                0x08003e08                flash_set_latency
 .text.gpio_init_all
                0x08003e1c       0x30 C:\Users\PC\AppData\Local\Temp\VMBuilds\main\Arduino_STM32_genericSTM32F103C\Release/core.a(gpio_f1.c.o)
                0x08003e1c                gpio_init_all
 .text.gpio_set_mode
                0x08003e4c       0x50 C:\Users\PC\AppData\Local\Temp\VMBuilds\main\Arduino_STM32_genericSTM32F103C\Release/core.a(gpio_f1.c.o)
                0x08003e4c                gpio_set_mode
 .text.afio_init
                0x08003e9c       0x12 C:\Users\PC\AppData\Local\Temp\VMBuilds\main\Arduino_STM32_genericSTM32F103C\Release/core.a(gpio_f1.c.o)
                0x08003e9c                afio_init
 *fill*         0x08003eae        0x2 
 .text.nvic_irq_set_priority
                0x08003eb0       0x28 C:\Users\PC\AppData\Local\Temp\VMBuilds\main\Arduino_STM32_genericSTM32F103C\Release/core.a(nvic.c.o)
                0x08003eb0                nvic_irq_set_priority
 .text.nvic_init
                0x08003ed8       0x30 C:\Users\PC\AppData\Local\Temp\VMBuilds\main\Arduino_STM32_genericSTM32F103C\Release/core.a(nvic.c.o)
                0x08003ed8                nvic_init
 .text.nvic_sys_reset
                0x08003f08       0x1c C:\Users\PC\AppData\Local\Temp\VMBuilds\main\Arduino_STM32_genericSTM32F103C\Release/core.a(nvic.c.o)
                0x08003f08                nvic_sys_reset
 .text.rcc_dev_clk
                0x08003f24        0xc C:\Users\PC\AppData\Local\Temp\VMBuilds\main\Arduino_STM32_genericSTM32F103C\Release/core.a(rcc.c.o)
                0x08003f24                rcc_dev_clk
 .text.rcc_switch_sysclk
                0x08003f30       0x20 C:\Users\PC\AppData\Local\Temp\VMBuilds\main\Arduino_STM32_genericSTM32F103C\Release/core.a(rcc.c.o)
                0x08003f30                rcc_switch_sysclk
 .text.rcc_turn_on_clk
                0x08003f50       0x1a C:\Users\PC\AppData\Local\Temp\VMBuilds\main\Arduino_STM32_genericSTM32F103C\Release/core.a(rcc.c.o)
                0x08003f50                rcc_turn_on_clk
 .text.rcc_turn_off_clk
                0x08003f6a       0x1c C:\Users\PC\AppData\Local\Temp\VMBuilds\main\Arduino_STM32_genericSTM32F103C\Release/core.a(rcc.c.o)
                0x08003f6a                rcc_turn_off_clk
 .text.rcc_is_clk_ready
                0x08003f86       0x18 C:\Users\PC\AppData\Local\Temp\VMBuilds\main\Arduino_STM32_genericSTM32F103C\Release/core.a(rcc.c.o)
                0x08003f86                rcc_is_clk_ready
 *fill*         0x08003f9e        0x2 
 .text.rcc_configure_pll
                0x08003fa0       0x18 C:\Users\PC\AppData\Local\Temp\VMBuilds\main\Arduino_STM32_genericSTM32F103C\Release/core.a(rcc_f1.c.o)
                0x08003fa0                rcc_configure_pll
 .text.rcc_clk_enable
                0x08003fb8       0x30 C:\Users\PC\AppData\Local\Temp\VMBuilds\main\Arduino_STM32_genericSTM32F103C\Release/core.a(rcc_f1.c.o)
                0x08003fb8                rcc_clk_enable
 .text.rcc_reset_dev
                0x08003fe8       0x34 C:\Users\PC\AppData\Local\Temp\VMBuilds\main\Arduino_STM32_genericSTM32F103C\Release/core.a(rcc_f1.c.o)
                0x08003fe8                rcc_reset_dev
 .text.rcc_set_prescaler
                0x0800401c       0x20 C:\Users\PC\AppData\Local\Temp\VMBuilds\main\Arduino_STM32_genericSTM32F103C\Release/core.a(rcc_f1.c.o)
                0x0800401c                rcc_set_prescaler
 .text.rcc_clk_disable
                0x0800403c       0x30 C:\Users\PC\AppData\Local\Temp\VMBuilds\main\Arduino_STM32_genericSTM32F103C\Release/core.a(rcc_f1.c.o)
                0x0800403c                rcc_clk_disable
 .text.systick_init
                0x0800406c       0x10 C:\Users\PC\AppData\Local\Temp\VMBuilds\main\Arduino_STM32_genericSTM32F103C\Release/core.a(systick.c.o)
                0x0800406c                systick_init
 .text.__exc_systick
                0x0800407c       0x1c C:\Users\PC\AppData\Local\Temp\VMBuilds\main\Arduino_STM32_genericSTM32F103C\Release/core.a(systick.c.o)
                0x0800407c                __exc_systick
 .text.timer_oc_set_mode
                0x08004098       0x3a C:\Users\PC\AppData\Local\Temp\VMBuilds\main\Arduino_STM32_genericSTM32F103C\Release/core.a(timer.c.o)
 .text.timer_cc_enable
                0x080040d2       0x1c C:\Users\PC\AppData\Local\Temp\VMBuilds\main\Arduino_STM32_genericSTM32F103C\Release/core.a(timer.c.o)
 *fill*         0x080040ee        0x2 
 .text.timer_foreach
                0x080040f0       0x28 C:\Users\PC\AppData\Local\Temp\VMBuilds\main\Arduino_STM32_genericSTM32F103C\Release/core.a(timer.c.o)
                0x080040f0                timer_foreach
 .text.timer_init
                0x08004118       0x14 C:\Users\PC\AppData\Local\Temp\VMBuilds\main\Arduino_STM32_genericSTM32F103C\Release/core.a(timer.c.o)
                0x08004118                timer_init
 .text.timer_has_cc_channel
                0x0800412c       0x30 C:\Users\PC\AppData\Local\Temp\VMBuilds\main\Arduino_STM32_genericSTM32F103C\Release/core.a(timer.c.o)
                0x0800412c                timer_has_cc_channel
 .text.timer_detach_interrupt
                0x0800415c       0x1e C:\Users\PC\AppData\Local\Temp\VMBuilds\main\Arduino_STM32_genericSTM32F103C\Release/core.a(timer.c.o)
                0x0800415c                timer_detach_interrupt
 .text.input_capture_mode
                0x0800417a       0x1a C:\Users\PC\AppData\Local\Temp\VMBuilds\main\Arduino_STM32_genericSTM32F103C\Release/core.a(timer.c.o)
                0x0800417a                input_capture_mode
 .text.timer_set_mode
                0x08004194       0x8c C:\Users\PC\AppData\Local\Temp\VMBuilds\main\Arduino_STM32_genericSTM32F103C\Release/core.a(timer.c.o)
                0x08004194                timer_set_mode
 .text.__irq_tim1_brk
                0x08004220       0x24 C:\Users\PC\AppData\Local\Temp\VMBuilds\main\Arduino_STM32_genericSTM32F103C\Release/core.a(timer.c.o)
                0x08004220                __irq_tim1_brk
 .text.__irq_tim1_up
                0x08004244       0x24 C:\Users\PC\AppData\Local\Temp\VMBuilds\main\Arduino_STM32_genericSTM32F103C\Release/core.a(timer.c.o)
                0x08004244                __irq_tim1_up
 .text.__irq_tim1_trg_com
                0x08004268       0x38 C:\Users\PC\AppData\Local\Temp\VMBuilds\main\Arduino_STM32_genericSTM32F103C\Release/core.a(timer.c.o)
                0x08004268                __irq_tim1_trg_com
 .text.__irq_tim1_cc
                0x080042a0       0x54 C:\Users\PC\AppData\Local\Temp\VMBuilds\main\Arduino_STM32_genericSTM32F103C\Release/core.a(timer.c.o)
                0x080042a0                __irq_tim1_cc
 .text.__irq_tim2
                0x080042f4       0x70 C:\Users\PC\AppData\Local\Temp\VMBuilds\main\Arduino_STM32_genericSTM32F103C\Release/core.a(timer.c.o)
                0x080042f4                __irq_tim2
 .text.__irq_tim3
                0x08004364       0x70 C:\Users\PC\AppData\Local\Temp\VMBuilds\main\Arduino_STM32_genericSTM32F103C\Release/core.a(timer.c.o)
                0x08004364                __irq_tim3
 .text.__irq_tim4
                0x080043d4       0x70 C:\Users\PC\AppData\Local\Temp\VMBuilds\main\Arduino_STM32_genericSTM32F103C\Release/core.a(timer.c.o)
                0x080043d4                __irq_tim4
 .text.rb_remove
                0x08004444       0x24 C:\Users\PC\AppData\Local\Temp\VMBuilds\main\Arduino_STM32_genericSTM32F103C\Release/core.a(usart_f1.c.o)
 .text.rb_push_insert
                0x08004468       0x52 C:\Users\PC\AppData\Local\Temp\VMBuilds\main\Arduino_STM32_genericSTM32F103C\Release/core.a(usart_f1.c.o)
 .text.usart_config_gpios_async
                0x080044ba       0x4a C:\Users\PC\AppData\Local\Temp\VMBuilds\main\Arduino_STM32_genericSTM32F103C\Release/core.a(usart_f1.c.o)
                0x080044ba                usart_config_gpios_async
 .text.usart_set_baud_rate
                0x08004504       0x3c C:\Users\PC\AppData\Local\Temp\VMBuilds\main\Arduino_STM32_genericSTM32F103C\Release/core.a(usart_f1.c.o)
                0x08004504                usart_set_baud_rate
 .text.__irq_usart1
                0x08004540       0x54 C:\Users\PC\AppData\Local\Temp\VMBuilds\main\Arduino_STM32_genericSTM32F103C\Release/core.a(usart_f1.c.o)
                0x08004540                __irq_usart1
 .text.__irq_usart2
                0x08004594       0x54 C:\Users\PC\AppData\Local\Temp\VMBuilds\main\Arduino_STM32_genericSTM32F103C\Release/core.a(usart_f1.c.o)
                0x08004594                __irq_usart2
 .text.__irq_usart3
                0x080045e8       0x54 C:\Users\PC\AppData\Local\Temp\VMBuilds\main\Arduino_STM32_genericSTM32F103C\Release/core.a(usart_f1.c.o)
                0x080045e8                __irq_usart3
 .text._usart_clock_freq
                0x0800463c       0x24 C:\Users\PC\AppData\Local\Temp\VMBuilds\main\Arduino_STM32_genericSTM32F103C\Release/core.a(usart_private.c.o)
                0x0800463c                _usart_clock_freq
 .text.throb    0x08004660       0x4c C:\Users\PC\AppData\Local\Temp\VMBuilds\main\Arduino_STM32_genericSTM32F103C\Release/core.a(util.c.o)
                0x08004660                throb
 .text.__error  0x080046ac       0x14 C:\Users\PC\AppData\Local\Temp\VMBuilds\main\Arduino_STM32_genericSTM32F103C\Release/core.a(util.c.o)
                0x080046ac                __error
 .text._ZN14HardwareSerial4readEv
                0x080046c0       0x4e C:\Users\PC\AppData\Local\Temp\VMBuilds\main\Arduino_STM32_genericSTM32F103C\Release/core.a(HardwareSerial.cpp.o)
                0x080046c0                HardwareSerial::read()
 .text._ZN14HardwareSerial4peekEv
                0x0800470e       0x22 C:\Users\PC\AppData\Local\Temp\VMBuilds\main\Arduino_STM32_genericSTM32F103C\Release/core.a(HardwareSerial.cpp.o)
                0x0800470e                HardwareSerial::peek()
 .text._ZN14HardwareSerial5flushEv
                0x08004730       0x1a C:\Users\PC\AppData\Local\Temp\VMBuilds\main\Arduino_STM32_genericSTM32F103C\Release/core.a(HardwareSerial.cpp.o)
                0x08004730                HardwareSerial::flush()
 .text._ZN14HardwareSerial5writeEh
                0x0800474a       0x1e C:\Users\PC\AppData\Local\Temp\VMBuilds\main\Arduino_STM32_genericSTM32F103C\Release/core.a(HardwareSerial.cpp.o)
                0x0800474a                HardwareSerial::write(unsigned char)
 .text._ZN14HardwareSerial9availableEv
                0x08004768       0x26 C:\Users\PC\AppData\Local\Temp\VMBuilds\main\Arduino_STM32_genericSTM32F103C\Release/core.a(HardwareSerial.cpp.o)
                0x08004768                HardwareSerial::available()
 *fill*         0x0800478e        0x2 
 .text._ZN14HardwareSerialC2EP9usart_devhh
                0x08004790       0x1c C:\Users\PC\AppData\Local\Temp\VMBuilds\main\Arduino_STM32_genericSTM32F103C\Release/core.a(HardwareSerial.cpp.o)
                0x08004790                HardwareSerial::HardwareSerial(usart_dev*, unsigned char, unsigned char)
                0x08004790                HardwareSerial::HardwareSerial(usart_dev*, unsigned char, unsigned char)
 .text._ZN14HardwareSerial5beginEmh
                0x080047ac       0x78 C:\Users\PC\AppData\Local\Temp\VMBuilds\main\Arduino_STM32_genericSTM32F103C\Release/core.a(HardwareSerial.cpp.o)
                0x080047ac                HardwareSerial::begin(unsigned long, unsigned char)
 .text._ZN14HardwareSerial5beginEm
                0x08004824        0x6 C:\Users\PC\AppData\Local\Temp\VMBuilds\main\Arduino_STM32_genericSTM32F103C\Release/core.a(HardwareSerial.cpp.o)
                0x08004824                HardwareSerial::begin(unsigned long)
 .text.startup._Z7premainv
                0x0800482a        0x4 C:\Users\PC\AppData\Local\Temp\VMBuilds\main\Arduino_STM32_genericSTM32F103C\Release/core.a(main.cpp.o)
                0x0800482a                premain()
 .text.startup.main
                0x0800482e        0xc C:\Users\PC\AppData\Local\Temp\VMBuilds\main\Arduino_STM32_genericSTM32F103C\Release/core.a(main.cpp.o)
                0x0800482e                main
 .text._Znaj    0x0800483a        0x4 C:\Users\PC\AppData\Local\Temp\VMBuilds\main\Arduino_STM32_genericSTM32F103C\Release/core.a(new.cpp.o)
                0x0800483a                operator new[](unsigned int)
 .text._ZdaPv   0x0800483e        0x4 C:\Users\PC\AppData\Local\Temp\VMBuilds\main\Arduino_STM32_genericSTM32F103C\Release/core.a(new.cpp.o)
                0x0800483e                operator delete[](void*)
 .text._ZN5Print5writeEPKc
                0x08004842       0x1c C:\Users\PC\AppData\Local\Temp\VMBuilds\main\Arduino_STM32_genericSTM32F103C\Release/core.a(Print.cpp.o)
                0x08004842                Print::write(char const*)
 .text._ZN5Print5writeEPKvm
                0x0800485e       0x20 C:\Users\PC\AppData\Local\Temp\VMBuilds\main\Arduino_STM32_genericSTM32F103C\Release/core.a(Print.cpp.o)
                0x0800485e                Print::write(void const*, unsigned long)
 .text._ZN5Print5printERK6String
                0x0800487e       0x10 C:\Users\PC\AppData\Local\Temp\VMBuilds\main\Arduino_STM32_genericSTM32F103C\Release/core.a(Print.cpp.o)
                0x0800487e                Print::print(String const&)
 .text._ZN5Print5printEc
                0x0800488e        0xa C:\Users\PC\AppData\Local\Temp\VMBuilds\main\Arduino_STM32_genericSTM32F103C\Release/core.a(Print.cpp.o)
                0x0800488e                Print::print(char)
 .text._ZN5Print5printEPKc
                0x08004898        0xa C:\Users\PC\AppData\Local\Temp\VMBuilds\main\Arduino_STM32_genericSTM32F103C\Release/core.a(Print.cpp.o)
                0x08004898                Print::print(char const*)
 .text._ZN5Print7printlnEv
                0x080048a2       0x18 C:\Users\PC\AppData\Local\Temp\VMBuilds\main\Arduino_STM32_genericSTM32F103C\Release/core.a(Print.cpp.o)
                0x080048a2                Print::println()
 .text._ZN5Print7printlnEPKc
                0x080048ba       0x14 C:\Users\PC\AppData\Local\Temp\VMBuilds\main\Arduino_STM32_genericSTM32F103C\Release/core.a(Print.cpp.o)
                0x080048ba                Print::println(char const*)
 .text._ZN5Print11printNumberEyh
                0x080048ce       0x84 C:\Users\PC\AppData\Local\Temp\VMBuilds\main\Arduino_STM32_genericSTM32F103C\Release/core.a(Print.cpp.o)
                0x080048ce                Print::printNumber(unsigned long long, unsigned char)
 .text._ZN5Print5printExi
                0x08004952       0x32 C:\Users\PC\AppData\Local\Temp\VMBuilds\main\Arduino_STM32_genericSTM32F103C\Release/core.a(Print.cpp.o)
                0x08004952                Print::print(long long, int)
 .text._ZN5Print5printEii
                0x08004984       0x12 C:\Users\PC\AppData\Local\Temp\VMBuilds\main\Arduino_STM32_genericSTM32F103C\Release/core.a(Print.cpp.o)
                0x08004984                Print::print(int, int)
 *fill*         0x08004996        0x2 
 .text._ZN6Stream9timedReadEv
                0x08004998       0x30 C:\Users\PC\AppData\Local\Temp\VMBuilds\main\Arduino_STM32_genericSTM32F103C\Release/core.a(Stream.cpp.o)
                0x08004998                Stream::timedRead()
 .text._ZN6Stream10setTimeoutEm
                0x080049c8        0x4 C:\Users\PC\AppData\Local\Temp\VMBuilds\main\Arduino_STM32_genericSTM32F103C\Release/core.a(Stream.cpp.o)
                0x080049c8                Stream::setTimeout(unsigned long)
 .text._ZN6Stream9readBytesEPcj
                0x080049cc       0x22 C:\Users\PC\AppData\Local\Temp\VMBuilds\main\Arduino_STM32_genericSTM32F103C\Release/core.a(Stream.cpp.o)
                0x080049cc                Stream::readBytes(char*, unsigned int)
 .text._ZN9USBSerial9availableEv
                0x080049ee        0x4 C:\Users\PC\AppData\Local\Temp\VMBuilds\main\Arduino_STM32_genericSTM32F103C\Release/core.a(usb_serial.cpp.o)
                0x080049ee                USBSerial::available()
 .text._ZN9USBSerial4peekEv
                0x080049f2       0x1e C:\Users\PC\AppData\Local\Temp\VMBuilds\main\Arduino_STM32_genericSTM32F103C\Release/core.a(usb_serial.cpp.o)
                0x080049f2                USBSerial::peek()
 .text._ZN9USBSerial4readEv
                0x08004a10       0x1e C:\Users\PC\AppData\Local\Temp\VMBuilds\main\Arduino_STM32_genericSTM32F103C\Release/core.a(usb_serial.cpp.o)
                0x08004a10                USBSerial::read()
 *fill*         0x08004a2e        0x2 
 .text._ZL14ifaceSetupHookjPv
                0x08004a30       0x50 C:\Users\PC\AppData\Local\Temp\VMBuilds\main\Arduino_STM32_genericSTM32F103C\Release/core.a(usb_serial.cpp.o)
 .text._ZL6rxHookjPv
                0x08004a80       0x84 C:\Users\PC\AppData\Local\Temp\VMBuilds\main\Arduino_STM32_genericSTM32F103C\Release/core.a(usb_serial.cpp.o)
 .text._ZL10wait_resetv
                0x08004b04       0x10 C:\Users\PC\AppData\Local\Temp\VMBuilds\main\Arduino_STM32_genericSTM32F103C\Release/core.a(usb_serial.cpp.o)
 .text._ZN9USBSerialC2Ev
                0x08004b14       0x14 C:\Users\PC\AppData\Local\Temp\VMBuilds\main\Arduino_STM32_genericSTM32F103C\Release/core.a(usb_serial.cpp.o)
                0x08004b14                USBSerial::USBSerial()
                0x08004b14                USBSerial::USBSerial()
 .text._ZN9USBSerial5beginEv
                0x08004b28       0x34 C:\Users\PC\AppData\Local\Temp\VMBuilds\main\Arduino_STM32_genericSTM32F103C\Release/core.a(usb_serial.cpp.o)
                0x08004b28                USBSerial::begin()
 .text._ZN9USBSerial5beginEm
                0x08004b5c       0x10 C:\Users\PC\AppData\Local\Temp\VMBuilds\main\Arduino_STM32_genericSTM32F103C\Release/core.a(usb_serial.cpp.o)
                0x08004b5c                USBSerial::begin(unsigned long)
 .text._ZN9USBSerial4readEPhm
                0x08004b6c       0x1c C:\Users\PC\AppData\Local\Temp\VMBuilds\main\Arduino_STM32_genericSTM32F103C\Release/core.a(usb_serial.cpp.o)
                0x08004b6c                USBSerial::read(unsigned char*, unsigned long)
 .text._ZN9USBSerial5flushEv
                0x08004b88       0x1c C:\Users\PC\AppData\Local\Temp\VMBuilds\main\Arduino_STM32_genericSTM32F103C\Release/core.a(usb_serial.cpp.o)
                0x08004b88                USBSerial::flush()
 .text._ZN9USBSerialcvbEv
                0x08004ba4       0x20 C:\Users\PC\AppData\Local\Temp\VMBuilds\main\Arduino_STM32_genericSTM32F103C\Release/core.a(usb_serial.cpp.o)
                0x08004ba4                USBSerial::operator bool()
 .text._ZN9USBSerial5writeEPKhm
                0x08004bc4       0x24 C:\Users\PC\AppData\Local\Temp\VMBuilds\main\Arduino_STM32_genericSTM32F103C\Release/core.a(usb_serial.cpp.o)
                0x08004bc4                USBSerial::write(unsigned char const*, unsigned long)
 .text._ZN9USBSerial5writeEh
                0x08004be8       0x18 C:\Users\PC\AppData\Local\Temp\VMBuilds\main\Arduino_STM32_genericSTM32F103C\Release/core.a(usb_serial.cpp.o)
                0x08004be8                USBSerial::write(unsigned char)
 .text._ZN9USBSerial5writeEPKc
                0x08004c00       0x1a C:\Users\PC\AppData\Local\Temp\VMBuilds\main\Arduino_STM32_genericSTM32F103C\Release/core.a(usb_serial.cpp.o)
                0x08004c00                USBSerial::write(char const*)
 *fill*         0x08004c1a        0x2 
 .text.startup._GLOBAL__sub_I__ZN9USBSerial9_hasBegunE
                0x08004c1c        0xc C:\Users\PC\AppData\Local\Temp\VMBuilds\main\Arduino_STM32_genericSTM32F103C\Release/core.a(usb_serial.cpp.o)
 .text._Z10analogReadh
                0x08004c28       0x1c C:\Users\PC\AppData\Local\Temp\VMBuilds\main\Arduino_STM32_genericSTM32F103C\Release/core.a(wirish_analog.cpp.o)
                0x08004c28                analogRead(unsigned char)
 .text._Z12digitalWritehh
                0x08004c44       0x2c C:\Users\PC\AppData\Local\Temp\VMBuilds\main\Arduino_STM32_genericSTM32F103C\Release/core.a(wirish_digital.cpp.o)
                0x08004c44                digitalWrite(unsigned char, unsigned char)
 .text._Z5delaym
                0x08004c70       0x1c C:\Users\PC\AppData\Local\Temp\VMBuilds\main\Arduino_STM32_genericSTM32F103C\Release/core.a(wirish_time.cpp.o)
                0x08004c70                delay(unsigned long)
 .text._ZN6StringD2Ev
                0x08004c8c        0xe C:\Users\PC\AppData\Local\Temp\VMBuilds\main\Arduino_STM32_genericSTM32F103C\Release/core.a(WString.cpp.o)
                0x08004c8c                String::~String()
                0x08004c8c                String::~String()
 .text._ZN6String10invalidateEv
                0x08004c9a       0x16 C:\Users\PC\AppData\Local\Temp\VMBuilds\main\Arduino_STM32_genericSTM32F103C\Release/core.a(WString.cpp.o)
                0x08004c9a                String::invalidate()
 .text._ZN6String12changeBufferEj
                0x08004cb0       0x18 C:\Users\PC\AppData\Local\Temp\VMBuilds\main\Arduino_STM32_genericSTM32F103C\Release/core.a(WString.cpp.o)
                0x08004cb0                String::changeBuffer(unsigned int)
 .text._ZN6String7reserveEj
                0x08004cc8       0x22 C:\Users\PC\AppData\Local\Temp\VMBuilds\main\Arduino_STM32_genericSTM32F103C\Release/core.a(WString.cpp.o)
                0x08004cc8                String::reserve(unsigned int)
 .text._ZN6String4copyEPKcj
                0x08004cea       0x26 C:\Users\PC\AppData\Local\Temp\VMBuilds\main\Arduino_STM32_genericSTM32F103C\Release/core.a(WString.cpp.o)
                0x08004cea                String::copy(char const*, unsigned int)
 .text._ZN6StringaSERKS_
                0x08004d10       0x1e C:\Users\PC\AppData\Local\Temp\VMBuilds\main\Arduino_STM32_genericSTM32F103C\Release/core.a(WString.cpp.o)
                0x08004d10                String::operator=(String const&)
 .text._ZN6StringC2ERKS_
                0x08004d2e       0x14 C:\Users\PC\AppData\Local\Temp\VMBuilds\main\Arduino_STM32_genericSTM32F103C\Release/core.a(WString.cpp.o)
                0x08004d2e                String::String(String const&)
                0x08004d2e                String::String(String const&)
 .text._ZN6StringaSEPKc
                0x08004d42       0x22 C:\Users\PC\AppData\Local\Temp\VMBuilds\main\Arduino_STM32_genericSTM32F103C\Release/core.a(WString.cpp.o)
                0x08004d42                String::operator=(char const*)
 .text._ZN6StringC2Ehh
                0x08004d64       0x22 C:\Users\PC\AppData\Local\Temp\VMBuilds\main\Arduino_STM32_genericSTM32F103C\Release/core.a(WString.cpp.o)
                0x08004d64                String::String(unsigned char, unsigned char)
                0x08004d64                String::String(unsigned char, unsigned char)
 .text._ZN6StringC2Eih
                0x08004d86       0x24 C:\Users\PC\AppData\Local\Temp\VMBuilds\main\Arduino_STM32_genericSTM32F103C\Release/core.a(WString.cpp.o)
                0x08004d86                String::String(int, unsigned char)
                0x08004d86                String::String(int, unsigned char)
 .text._ZN6String6concatEPKcj
                0x08004daa       0x2e C:\Users\PC\AppData\Local\Temp\VMBuilds\main\Arduino_STM32_genericSTM32F103C\Release/core.a(WString.cpp.o)
                0x08004daa                String::concat(char const*, unsigned int)
 .text._ZplRK15StringSumHelperPKc
                0x08004dd8       0x24 C:\Users\PC\AppData\Local\Temp\VMBuilds\main\Arduino_STM32_genericSTM32F103C\Release/core.a(WString.cpp.o)
                0x08004dd8                operator+(StringSumHelper const&, char const*)
 .text._Z17disableDebugPortsv
                0x08004dfc       0x14 C:\Users\PC\AppData\Local\Temp\VMBuilds\main\Arduino_STM32_genericSTM32F103C\Release/core.a(wirish_debug.cpp.o)
                0x08004dfc                disableDebugPorts()
 .text._Z7pinModeh13WiringPinMode
                0x08004e10       0x84 C:\Users\PC\AppData\Local\Temp\VMBuilds\main\Arduino_STM32_genericSTM32F103C\Release/core.a(wirish_digital_f1.cpp.o)
                0x08004e10                pinMode(unsigned char, WiringPinMode)
 .text.__empty  0x08004e94        0x2 C:\Users\PC\AppData\Local\Temp\VMBuilds\main\Arduino_STM32_genericSTM32F103C\Release/core.a(hooks.c.o)
                0x08004e94                yield
 .text.ltoa     0x08004e96       0x6e C:\Users\PC\AppData\Local\Temp\VMBuilds\main\Arduino_STM32_genericSTM32F103C\Release/core.a(itoa.c.o)
                0x08004e96                ltoa
 .text.itoa     0x08004f04        0x4 C:\Users\PC\AppData\Local\Temp\VMBuilds\main\Arduino_STM32_genericSTM32F103C\Release/core.a(itoa.c.o)
                0x08004f04                itoa
 .text.ultoa    0x08004f08       0x52 C:\Users\PC\AppData\Local\Temp\VMBuilds\main\Arduino_STM32_genericSTM32F103C\Release/core.a(itoa.c.o)
                0x08004f08                ultoa
 .text.utoa     0x08004f5a        0x4 C:\Users\PC\AppData\Local\Temp\VMBuilds\main\Arduino_STM32_genericSTM32F103C\Release/core.a(itoa.c.o)
                0x08004f5a                utoa
 .text.gpio_init
                0x08004f5e       0x14 C:\Users\PC\AppData\Local\Temp\VMBuilds\main\Arduino_STM32_genericSTM32F103C\Release/core.a(gpio.c.o)
                0x08004f5e                gpio_init
 *fill*         0x08004f72        0x2 
 .text.iwdg_init
                0x08004f74       0x20 C:\Users\PC\AppData\Local\Temp\VMBuilds\main\Arduino_STM32_genericSTM32F103C\Release/core.a(iwdg.c.o)
                0x08004f74                iwdg_init
 .text.usart_init
                0x08004f94       0x4c C:\Users\PC\AppData\Local\Temp\VMBuilds\main\Arduino_STM32_genericSTM32F103C\Release/core.a(usart.c.o)
                0x08004f94                usart_init
 .text.usart_enable
                0x08004fe0       0x14 C:\Users\PC\AppData\Local\Temp\VMBuilds\main\Arduino_STM32_genericSTM32F103C\Release/core.a(usart.c.o)
                0x08004fe0                usart_enable
 .text.usart_tx
                0x08004ff4       0x9c C:\Users\PC\AppData\Local\Temp\VMBuilds\main\Arduino_STM32_genericSTM32F103C\Release/core.a(usart.c.o)
                0x08004ff4                usart_tx
 .text.usb_resume
                0x08005090       0xb4 C:\Users\PC\AppData\Local\Temp\VMBuilds\main\Arduino_STM32_genericSTM32F103C\Release/core.a(usb.c.o)
 .text.usb_init_usblib
                0x08005144       0x48 C:\Users\PC\AppData\Local\Temp\VMBuilds\main\Arduino_STM32_genericSTM32F103C\Release/core.a(usb.c.o)
                0x08005144                usb_init_usblib
 .text.__irq_usb_lp_can_rx0
                0x0800518c      0x1c8 C:\Users\PC\AppData\Local\Temp\VMBuilds\main\Arduino_STM32_genericSTM32F103C\Release/core.a(usb.c.o)
                0x0800518c                __irq_usb_lp_can_rx0
 .text.usb_set_ep_rx_stat
                0x08005354       0x22 C:\Users\PC\AppData\Local\Temp\VMBuilds\main\Arduino_STM32_genericSTM32F103C\Release/core.a(usb_cdcacm.c.o)
 *fill*         0x08005376        0x2 
 .text.vcomGetSetLineCoding
                0x08005378       0x18 C:\Users\PC\AppData\Local\Temp\VMBuilds\main\Arduino_STM32_genericSTM32F103C\Release/core.a(usb_cdcacm.c.o)
 .text.usbDataSetup
                0x08005390       0x54 C:\Users\PC\AppData\Local\Temp\VMBuilds\main\Arduino_STM32_genericSTM32F103C\Release/core.a(usb_cdcacm.c.o)
 .text.usbNoDataSetup
                0x080053e4       0x50 C:\Users\PC\AppData\Local\Temp\VMBuilds\main\Arduino_STM32_genericSTM32F103C\Release/core.a(usb_cdcacm.c.o)
 .text.usbGetInterfaceSetting
                0x08005434       0x10 C:\Users\PC\AppData\Local\Temp\VMBuilds\main\Arduino_STM32_genericSTM32F103C\Release/core.a(usb_cdcacm.c.o)
 .text.usbSetConfiguration
                0x08005444       0x1c C:\Users\PC\AppData\Local\Temp\VMBuilds\main\Arduino_STM32_genericSTM32F103C\Release/core.a(usb_cdcacm.c.o)
 .text.usbSetDeviceAddress
                0x08005460       0x10 C:\Users\PC\AppData\Local\Temp\VMBuilds\main\Arduino_STM32_genericSTM32F103C\Release/core.a(usb_cdcacm.c.o)
 .text.usbGetStringDescriptor
                0x08005470       0x20 C:\Users\PC\AppData\Local\Temp\VMBuilds\main\Arduino_STM32_genericSTM32F103C\Release/core.a(usb_cdcacm.c.o)
 .text.usbGetConfigDescriptor
                0x08005490        0xc C:\Users\PC\AppData\Local\Temp\VMBuilds\main\Arduino_STM32_genericSTM32F103C\Release/core.a(usb_cdcacm.c.o)
 .text.usbGetDeviceDescriptor
                0x0800549c        0xc C:\Users\PC\AppData\Local\Temp\VMBuilds\main\Arduino_STM32_genericSTM32F103C\Release/core.a(usb_cdcacm.c.o)
 .text.usbInit  0x080054a8       0x44 C:\Users\PC\AppData\Local\Temp\VMBuilds\main\Arduino_STM32_genericSTM32F103C\Release/core.a(usb_cdcacm.c.o)
 .text.vcomDataTxCb
                0x080054ec       0xa0 C:\Users\PC\AppData\Local\Temp\VMBuilds\main\Arduino_STM32_genericSTM32F103C\Release/core.a(usb_cdcacm.c.o)
 .text.usbReset
                0x0800558c      0x160 C:\Users\PC\AppData\Local\Temp\VMBuilds\main\Arduino_STM32_genericSTM32F103C\Release/core.a(usb_cdcacm.c.o)
 .text.vcomDataRxCb
                0x080056ec       0x7c C:\Users\PC\AppData\Local\Temp\VMBuilds\main\Arduino_STM32_genericSTM32F103C\Release/core.a(usb_cdcacm.c.o)
 .text.usb_cdcacm_set_hooks
                0x08005768       0x1c C:\Users\PC\AppData\Local\Temp\VMBuilds\main\Arduino_STM32_genericSTM32F103C\Release/core.a(usb_cdcacm.c.o)
                0x08005768                usb_cdcacm_set_hooks
 .text.usb_cdcacm_enable
                0x08005784       0x38 C:\Users\PC\AppData\Local\Temp\VMBuilds\main\Arduino_STM32_genericSTM32F103C\Release/core.a(usb_cdcacm.c.o)
                0x08005784                usb_cdcacm_enable
 .text.usb_cdcacm_tx
                0x080057bc       0x60 C:\Users\PC\AppData\Local\Temp\VMBuilds\main\Arduino_STM32_genericSTM32F103C\Release/core.a(usb_cdcacm.c.o)
                0x080057bc                usb_cdcacm_tx
 .text.usb_cdcacm_data_available
                0x0800581c       0x18 C:\Users\PC\AppData\Local\Temp\VMBuilds\main\Arduino_STM32_genericSTM32F103C\Release/core.a(usb_cdcacm.c.o)
                0x0800581c                usb_cdcacm_data_available
 .text.usb_cdcacm_peek
                0x08005834       0x38 C:\Users\PC\AppData\Local\Temp\VMBuilds\main\Arduino_STM32_genericSTM32F103C\Release/core.a(usb_cdcacm.c.o)
                0x08005834                usb_cdcacm_peek
 .text.usb_cdcacm_rx
                0x0800586c       0x34 C:\Users\PC\AppData\Local\Temp\VMBuilds\main\Arduino_STM32_genericSTM32F103C\Release/core.a(usb_cdcacm.c.o)
                0x0800586c                usb_cdcacm_rx
 .text.usb_cdcacm_peek_ex
                0x080058a0       0x40 C:\Users\PC\AppData\Local\Temp\VMBuilds\main\Arduino_STM32_genericSTM32F103C\Release/core.a(usb_cdcacm.c.o)
                0x080058a0                usb_cdcacm_peek_ex
 .text.usb_cdcacm_get_dtr
                0x080058e0       0x10 C:\Users\PC\AppData\Local\Temp\VMBuilds\main\Arduino_STM32_genericSTM32F103C\Release/core.a(usb_cdcacm.c.o)
                0x080058e0                usb_cdcacm_get_dtr
 .text.usb_cdcacm_get_baud
                0x080058f0        0xc C:\Users\PC\AppData\Local\Temp\VMBuilds\main\Arduino_STM32_genericSTM32F103C\Release/core.a(usb_cdcacm.c.o)
                0x080058f0                usb_cdcacm_get_baud
 .text.usb_set_ep_rx_count
                0x080058fc       0x40 C:\Users\PC\AppData\Local\Temp\VMBuilds\main\Arduino_STM32_genericSTM32F103C\Release/core.a(usb_reg_map.c.o)
                0x080058fc                usb_set_ep_rx_count
 .text.Standard_GetConfiguration
                0x0800593c       0x24 C:\Users\PC\AppData\Local\Temp\VMBuilds\main\Arduino_STM32_genericSTM32F103C\Release/core.a(usb_core.c.o)
                0x0800593c                Standard_GetConfiguration
 .text.Standard_GetInterface
                0x08005960       0x24 C:\Users\PC\AppData\Local\Temp\VMBuilds\main\Arduino_STM32_genericSTM32F103C\Release/core.a(usb_core.c.o)
                0x08005960                Standard_GetInterface
 .text.Standard_GetStatus
                0x08005984       0x90 C:\Users\PC\AppData\Local\Temp\VMBuilds\main\Arduino_STM32_genericSTM32F103C\Release/core.a(usb_core.c.o)
                0x08005984                Standard_GetStatus
 .text.DataStageIn
                0x08005a14       0xa8 C:\Users\PC\AppData\Local\Temp\VMBuilds\main\Arduino_STM32_genericSTM32F103C\Release/core.a(usb_core.c.o)
 .text.Standard_SetConfiguration
                0x08005abc       0x38 C:\Users\PC\AppData\Local\Temp\VMBuilds\main\Arduino_STM32_genericSTM32F103C\Release/core.a(usb_core.c.o)
                0x08005abc                Standard_SetConfiguration
 .text.Standard_SetInterface
                0x08005af4       0x48 C:\Users\PC\AppData\Local\Temp\VMBuilds\main\Arduino_STM32_genericSTM32F103C\Release/core.a(usb_core.c.o)
                0x08005af4                Standard_SetInterface
 .text.Standard_ClearFeature
                0x08005b3c       0xd0 C:\Users\PC\AppData\Local\Temp\VMBuilds\main\Arduino_STM32_genericSTM32F103C\Release/core.a(usb_core.c.o)
                0x08005b3c                Standard_ClearFeature
 .text.Standard_SetEndPointFeature
                0x08005c0c       0x84 C:\Users\PC\AppData\Local\Temp\VMBuilds\main\Arduino_STM32_genericSTM32F103C\Release/core.a(usb_core.c.o)
                0x08005c0c                Standard_SetEndPointFeature
 .text.Standard_SetDeviceFeature
                0x08005c90       0x24 C:\Users\PC\AppData\Local\Temp\VMBuilds\main\Arduino_STM32_genericSTM32F103C\Release/core.a(usb_core.c.o)
                0x08005c90                Standard_SetDeviceFeature
 .text.Standard_GetDescriptorData
                0x08005cb4       0x1c C:\Users\PC\AppData\Local\Temp\VMBuilds\main\Arduino_STM32_genericSTM32F103C\Release/core.a(usb_core.c.o)
                0x08005cb4                Standard_GetDescriptorData
 .text.Post0_Process
                0x08005cd0       0x40 C:\Users\PC\AppData\Local\Temp\VMBuilds\main\Arduino_STM32_genericSTM32F103C\Release/core.a(usb_core.c.o)
                0x08005cd0                Post0_Process
 .text.Setup0_Process
                0x08005d10      0x2d0 C:\Users\PC\AppData\Local\Temp\VMBuilds\main\Arduino_STM32_genericSTM32F103C\Release/core.a(usb_core.c.o)
                0x08005d10                Setup0_Process
 .text.Out0_Process
                0x08005fe0       0xc8 C:\Users\PC\AppData\Local\Temp\VMBuilds\main\Arduino_STM32_genericSTM32F103C\Release/core.a(usb_core.c.o)
                0x08005fe0                Out0_Process
 .text.SetDeviceAddress
                0x080060a8       0x38 C:\Users\PC\AppData\Local\Temp\VMBuilds\main\Arduino_STM32_genericSTM32F103C\Release/core.a(usb_core.c.o)
                0x080060a8                SetDeviceAddress
 .text.In0_Process
                0x080060e0       0x5c C:\Users\PC\AppData\Local\Temp\VMBuilds\main\Arduino_STM32_genericSTM32F103C\Release/core.a(usb_core.c.o)
                0x080060e0                In0_Process
 .text.NOP_Process
                0x0800613c        0x2 C:\Users\PC\AppData\Local\Temp\VMBuilds\main\Arduino_STM32_genericSTM32F103C\Release/core.a(usb_core.c.o)
                0x0800613c                NOP_Process
 .text.UserToPMABufferCopy
                0x0800613e       0x30 C:\Users\PC\AppData\Local\Temp\VMBuilds\main\Arduino_STM32_genericSTM32F103C\Release/core.a(usb_mem.c.o)
                0x0800613e                UserToPMABufferCopy
 .text.PMAToUserBufferCopy
                0x0800616e       0x24 C:\Users\PC\AppData\Local\Temp\VMBuilds\main\Arduino_STM32_genericSTM32F103C\Release/core.a(usb_mem.c.o)
                0x0800616e                PMAToUserBufferCopy
 .text.SetEPTxStatus
                0x08006192       0x2a C:\Users\PC\AppData\Local\Temp\VMBuilds\main\Arduino_STM32_genericSTM32F103C\Release/core.a(usb_regs.c.o)
                0x08006192                SetEPTxStatus
 .text.ClearDTOG_RX
                0x080061bc       0x20 C:\Users\PC\AppData\Local\Temp\VMBuilds\main\Arduino_STM32_genericSTM32F103C\Release/core.a(usb_regs.c.o)
                0x080061bc                ClearDTOG_RX
 .text.ClearDTOG_TX
                0x080061dc       0x20 C:\Users\PC\AppData\Local\Temp\VMBuilds\main\Arduino_STM32_genericSTM32F103C\Release/core.a(usb_regs.c.o)
                0x080061dc                ClearDTOG_TX
 .text.GetEPTxAddr
                0x080061fc       0x1c C:\Users\PC\AppData\Local\Temp\VMBuilds\main\Arduino_STM32_genericSTM32F103C\Release/core.a(usb_regs.c.o)
                0x080061fc                GetEPTxAddr
 .text.GetEPRxAddr
                0x08006218       0x1c C:\Users\PC\AppData\Local\Temp\VMBuilds\main\Arduino_STM32_genericSTM32F103C\Release/core.a(usb_regs.c.o)
                0x08006218                GetEPRxAddr
 .text.SetEPTxCount
                0x08006234       0x1c C:\Users\PC\AppData\Local\Temp\VMBuilds\main\Arduino_STM32_genericSTM32F103C\Release/core.a(usb_regs.c.o)
                0x08006234                SetEPTxCount
 .text.SetEPRxCount
                0x08006250       0x40 C:\Users\PC\AppData\Local\Temp\VMBuilds\main\Arduino_STM32_genericSTM32F103C\Release/core.a(usb_regs.c.o)
                0x08006250                SetEPRxCount
 .text          0x08006290       0x2c c:/users/pc/appdata/local/arduino15/packages/arduino/tools/arm-none-eabi-gcc/4.8.3-2014q1/bin/../lib/gcc/arm-none-eabi/4.8.3/armv7-m\libgcc.a(_aeabi_uldivmod.o)
                0x08006290                __aeabi_uldivmod
 .text          0x080062bc       0x60 c:/users/pc/appdata/local/arduino15/packages/arduino/tools/arm-none-eabi-gcc/4.8.3-2014q1/bin/../lib/gcc/arm-none-eabi/4.8.3/armv7-m\libgcc.a(bpabi.o)
                0x080062bc                __gnu_ldivmod_helper
                0x080062ec                __gnu_uldivmod_helper
 .text          0x0800631c        0x4 c:/users/pc/appdata/local/arduino15/packages/arduino/tools/arm-none-eabi-gcc/4.8.3-2014q1/bin/../lib/gcc/arm-none-eabi/4.8.3/armv7-m\libgcc.a(_dvmd_tls.o)
                0x0800631c                __aeabi_idiv0
                0x0800631c                __aeabi_ldiv0
 .text          0x08006320      0x2a0 c:/users/pc/appdata/local/arduino15/packages/arduino/tools/arm-none-eabi-gcc/4.8.3-2014q1/bin/../lib/gcc/arm-none-eabi/4.8.3/armv7-m\libgcc.a(_divdi3.o)
                0x08006320                __divdi3
 .text          0x080065c0      0x290 c:/users/pc/appdata/local/arduino15/packages/arduino/tools/arm-none-eabi-gcc/4.8.3-2014q1/bin/../lib/gcc/arm-none-eabi/4.8.3/armv7-m\libgcc.a(_udivdi3.o)
                0x080065c0                __udivdi3
 .text.__errno  0x08006850        0xc c:/users/pc/appdata/local/arduino15/packages/arduino/tools/arm-none-eabi-gcc/4.8.3-2014q1/bin/../lib/gcc/arm-none-eabi/4.8.3/../../../../arm-none-eabi/lib/armv7-m\libc.a(lib_a-errno.o)
                0x08006850                __errno
 .text.exit     0x0800685c       0x20 c:/users/pc/appdata/local/arduino15/packages/arduino/tools/arm-none-eabi-gcc/4.8.3-2014q1/bin/../lib/gcc/arm-none-eabi/4.8.3/../../../../arm-none-eabi/lib/armv7-m\libc.a(lib_a-exit.o)
                0x0800685c                exit
 .text.__libc_init_array
                0x0800687c       0x50 c:/users/pc/appdata/local/arduino15/packages/arduino/tools/arm-none-eabi-gcc/4.8.3-2014q1/bin/../lib/gcc/arm-none-eabi/4.8.3/../../../../arm-none-eabi/lib/armv7-m\libc.a(lib_a-init.o)
                0x0800687c                __libc_init_array
 .text.malloc   0x080068cc       0x10 c:/users/pc/appdata/local/arduino15/packages/arduino/tools/arm-none-eabi-gcc/4.8.3-2014q1/bin/../lib/gcc/arm-none-eabi/4.8.3/../../../../arm-none-eabi/lib/armv7-m\libc.a(lib_a-malloc.o)
                0x080068cc                malloc
 .text.free     0x080068dc       0x10 c:/users/pc/appdata/local/arduino15/packages/arduino/tools/arm-none-eabi-gcc/4.8.3-2014q1/bin/../lib/gcc/arm-none-eabi/4.8.3/../../../../arm-none-eabi/lib/armv7-m\libc.a(lib_a-malloc.o)
                0x080068dc                free
 .text._malloc_r
                0x080068ec      0x538 c:/users/pc/appdata/local/arduino15/packages/arduino/tools/arm-none-eabi-gcc/4.8.3-2014q1/bin/../lib/gcc/arm-none-eabi/4.8.3/../../../../arm-none-eabi/lib/armv7-m\libc.a(lib_a-mallocr.o)
                0x080068ec                _malloc_r
 .text.memmove  0x08006e24       0xcc c:/users/pc/appdata/local/arduino15/packages/arduino/tools/arm-none-eabi-gcc/4.8.3-2014q1/bin/../lib/gcc/arm-none-eabi/4.8.3/../../../../arm-none-eabi/lib/armv7-m\libc.a(lib_a-memmove.o)
                0x08006e24                memmove
 .text.memset   0x08006ef0       0x94 c:/users/pc/appdata/local/arduino15/packages/arduino/tools/arm-none-eabi-gcc/4.8.3-2014q1/bin/../lib/gcc/arm-none-eabi/4.8.3/../../../../arm-none-eabi/lib/armv7-m\libc.a(lib_a-memset.o)
                0x08006ef0                memset
 .text.__malloc_lock
                0x08006f84        0x4 c:/users/pc/appdata/local/arduino15/packages/arduino/tools/arm-none-eabi-gcc/4.8.3-2014q1/bin/../lib/gcc/arm-none-eabi/4.8.3/../../../../arm-none-eabi/lib/armv7-m\libc.a(lib_a-mlock.o)
                0x08006f84                __malloc_lock
 .text.__malloc_unlock
                0x08006f88        0x4 c:/users/pc/appdata/local/arduino15/packages/arduino/tools/arm-none-eabi-gcc/4.8.3-2014q1/bin/../lib/gcc/arm-none-eabi/4.8.3/../../../../arm-none-eabi/lib/armv7-m\libc.a(lib_a-mlock.o)
                0x08006f88                __malloc_unlock
 .text.realloc  0x08006f8c       0x10 c:/users/pc/appdata/local/arduino15/packages/arduino/tools/arm-none-eabi-gcc/4.8.3-2014q1/bin/../lib/gcc/arm-none-eabi/4.8.3/../../../../arm-none-eabi/lib/armv7-m\libc.a(lib_a-realloc.o)
                0x08006f8c                realloc
 .text._realloc_r
                0x08006f9c      0x3c0 c:/users/pc/appdata/local/arduino15/packages/arduino/tools/arm-none-eabi-gcc/4.8.3-2014q1/bin/../lib/gcc/arm-none-eabi/4.8.3/../../../../arm-none-eabi/lib/armv7-m\libc.a(lib_a-reallocr.o)
                0x08006f9c                _realloc_r
 .text._sbrk_r  0x0800735c       0x24 c:/users/pc/appdata/local/arduino15/packages/arduino/tools/arm-none-eabi-gcc/4.8.3-2014q1/bin/../lib/gcc/arm-none-eabi/4.8.3/../../../../arm-none-eabi/lib/armv7-m\libc.a(lib_a-sbrkr.o)
                0x0800735c                _sbrk_r
 .text.strcpy   0x08007380       0xbc c:/users/pc/appdata/local/arduino15/packages/arduino/tools/arm-none-eabi-gcc/4.8.3-2014q1/bin/../lib/gcc/arm-none-eabi/4.8.3/../../../../arm-none-eabi/lib/armv7-m\libc.a(lib_a-strcpy.o)
                0x08007380                strcpy
 .text.strlen   0x0800743c       0x60 c:/users/pc/appdata/local/arduino15/packages/arduino/tools/arm-none-eabi-gcc/4.8.3-2014q1/bin/../lib/gcc/arm-none-eabi/4.8.3/../../../../arm-none-eabi/lib/armv7-m\libc.a(lib_a-strlen.o)
                0x0800743c                strlen
 .text.startup.register_fini
                0x0800749c       0x14 c:/users/pc/appdata/local/arduino15/packages/arduino/tools/arm-none-eabi-gcc/4.8.3-2014q1/bin/../lib/gcc/arm-none-eabi/4.8.3/../../../../arm-none-eabi/lib/armv7-m\libc.a(lib_a-__call_atexit.o)
 .text.__call_exitprocs
                0x080074b0       0xf0 c:/users/pc/appdata/local/arduino15/packages/arduino/tools/arm-none-eabi-gcc/4.8.3-2014q1/bin/../lib/gcc/arm-none-eabi/4.8.3/../../../../arm-none-eabi/lib/armv7-m\libc.a(lib_a-__call_atexit.o)
                0x080074b0                __call_exitprocs
 .text.atexit   0x080075a0        0xc c:/users/pc/appdata/local/arduino15/packages/arduino/tools/arm-none-eabi-gcc/4.8.3-2014q1/bin/../lib/gcc/arm-none-eabi/4.8.3/../../../../arm-none-eabi/lib/armv7-m\libc.a(lib_a-atexit.o)
                0x080075a0                atexit
 .text.__libc_fini_array
                0x080075ac       0x30 c:/users/pc/appdata/local/arduino15/packages/arduino/tools/arm-none-eabi-gcc/4.8.3-2014q1/bin/../lib/gcc/arm-none-eabi/4.8.3/../../../../arm-none-eabi/lib/armv7-m\libc.a(lib_a-fini.o)
                0x080075ac                __libc_fini_array
 .text._malloc_trim_r
                0x080075dc       0x9c c:/users/pc/appdata/local/arduino15/packages/arduino/tools/arm-none-eabi-gcc/4.8.3-2014q1/bin/../lib/gcc/arm-none-eabi/4.8.3/../../../../arm-none-eabi/lib/armv7-m\libc.a(lib_a-freer.o)
                0x080075dc                _malloc_trim_r
 .text._free_r  0x08007678      0x198 c:/users/pc/appdata/local/arduino15/packages/arduino/tools/arm-none-eabi-gcc/4.8.3-2014q1/bin/../lib/gcc/arm-none-eabi/4.8.3/../../../../arm-none-eabi/lib/armv7-m\libc.a(lib_a-freer.o)
                0x08007678                _free_r
 .text.__register_exitproc
                0x08007810       0xa8 c:/users/pc/appdata/local/arduino15/packages/arduino/tools/arm-none-eabi-gcc/4.8.3-2014q1/bin/../lib/gcc/arm-none-eabi/4.8.3/../../../../arm-none-eabi/lib/armv7-m\libc.a(lib_a-__atexit.o)
                0x08007810                __register_exitproc
 *(.plt)
 *(.gnu.warning)
 *(.glue_7t)
 .glue_7t       0x00000000        0x0 linker stubs
 *(.glue_7)
 .glue_7        0x00000000        0x0 linker stubs
 *(.vfp11_veneer)
 .vfp11_veneer  0x00000000        0x0 linker stubs
 *(.ARM.extab* .gnu.linkonce.armextab.*)
 *(.gcc_except_table)
 *(.eh_frame_hdr)
 *(.eh_frame)
 .eh_frame      0x080078b8        0x0 c:/users/pc/appdata/local/arduino15/packages/arduino/tools/arm-none-eabi-gcc/4.8.3-2014q1/bin/../lib/gcc/arm-none-eabi/4.8.3/armv7-m/crtbegin.o
                0x080078b8                . = ALIGN (0x4)
 *(.init)
 .init          0x080078b8        0x4 c:/users/pc/appdata/local/arduino15/packages/arduino/tools/arm-none-eabi-gcc/4.8.3-2014q1/bin/../lib/gcc/arm-none-eabi/4.8.3/armv7-m/crti.o
                0x080078b8                _init
 .init          0x080078bc        0x8 c:/users/pc/appdata/local/arduino15/packages/arduino/tools/arm-none-eabi-gcc/4.8.3-2014q1/bin/../lib/gcc/arm-none-eabi/4.8.3/armv7-m/crtn.o
                0x080078c4                . = ALIGN (0x4)
                0x080078c4                __preinit_array_start = .
 *(.preinit_array)
                0x080078c4                __preinit_array_end = .
                0x080078c4                . = ALIGN (0x4)
                0x080078c4                __init_array_start = .
 *(SORT(.init_array.*))
 .init_array.00000
                0x080078c4        0x4 c:/users/pc/appdata/local/arduino15/packages/arduino/tools/arm-none-eabi-gcc/4.8.3-2014q1/bin/../lib/gcc/arm-none-eabi/4.8.3/../../../../arm-none-eabi/lib/armv7-m\libc.a(lib_a-__call_atexit.o)
 .init_array.00101
                0x080078c8        0x4 C:\Users\PC\AppData\Local\Temp\VMBuilds\main\Arduino_STM32_genericSTM32F103C\Release/core.a(main.cpp.o)
 *(.init_array)
 .init_array    0x080078cc        0x4 c:/users/pc/appdata/local/arduino15/packages/arduino/tools/arm-none-eabi-gcc/4.8.3-2014q1/bin/../lib/gcc/arm-none-eabi/4.8.3/armv7-m/crtbegin.o
 .init_array    0x080078d0        0x4 C:\Users\PC\AppData\Local\Temp\VMBuilds\main\Arduino_STM32_genericSTM32F103C\Release\main.cpp.o
 .init_array    0x080078d4        0x4 C:\Users\PC\AppData\Local\Temp\VMBuilds\main\Arduino_STM32_genericSTM32F103C\Release\EEPROM\EEPROM.cpp.o
 .init_array    0x080078d8        0x4 C:\Users\PC\AppData\Local\Temp\VMBuilds\main\Arduino_STM32_genericSTM32F103C\Release\variant\board.cpp.o
 .init_array    0x080078dc        0x4 C:\Users\PC\AppData\Local\Temp\VMBuilds\main\Arduino_STM32_genericSTM32F103C\Release/core.a(usb_serial.cpp.o)
                0x080078e0                __init_array_end = .
                0x080078e0                . = ALIGN (0x4)
 *crtbegin.o(.ctors)
 *(EXCLUDE_FILE(*crtend.o) .ctors)
 *(SORT(.ctors.*))
 *crtend.o(.ctors)
                0x080078e0                . = ALIGN (0x4)
 *(.fini)
 .fini          0x080078e0        0x4 c:/users/pc/appdata/local/arduino15/packages/arduino/tools/arm-none-eabi-gcc/4.8.3-2014q1/bin/../lib/gcc/arm-none-eabi/4.8.3/armv7-m/crti.o
                0x080078e0                _fini
 .fini          0x080078e4        0x8 c:/users/pc/appdata/local/arduino15/packages/arduino/tools/arm-none-eabi-gcc/4.8.3-2014q1/bin/../lib/gcc/arm-none-eabi/4.8.3/armv7-m/crtn.o
                0x080078ec                . = ALIGN (0x4)
                0x080078ec                __fini_array_start = .
 *(.fini_array)
 .fini_array    0x080078ec        0x4 c:/users/pc/appdata/local/arduino15/packages/arduino/tools/arm-none-eabi-gcc/4.8.3-2014q1/bin/../lib/gcc/arm-none-eabi/4.8.3/armv7-m/crtbegin.o
 *(SORT(.fini_array.*))
                0x080078f0                __fini_array_end = .
 *crtbegin.o(.dtors)
 *(EXCLUDE_FILE(*crtend.o) .dtors)
 *(SORT(.dtors.*))
 *crtend.o(.dtors)

.v4_bx          0x080078f0        0x0
 .v4_bx         0x00000000        0x0 linker stubs

.iplt           0x080078f0        0x0
 .iplt          0x00000000        0x0 c:/users/pc/appdata/local/arduino15/packages/arduino/tools/arm-none-eabi-gcc/4.8.3-2014q1/bin/../lib/gcc/arm-none-eabi/4.8.3/armv7-m/crtbegin.o

.text.align     0x080078f0        0x0
                0x080078f0                . = ALIGN (0x8)
                0x080078f0                __text_end__ = .
                0x080078f0                __exidx_start = .

.ARM.exidx      0x080078f0        0x8
 *(.ARM.exidx* .gnu.linkonce.armexidx.*)
 .ARM.exidx     0x080078f0        0x8 C:\Users\PC\AppData\Local\Temp\VMBuilds\main\Arduino_STM32_genericSTM32F103C\Release\variant\start.S.o
 .ARM.exidx     0x080078f8        0x0 c:/users/pc/appdata/local/arduino15/packages/arduino/tools/arm-none-eabi-gcc/4.8.3-2014q1/bin/../lib/gcc/arm-none-eabi/4.8.3/armv7-m\libgcc.a(_divdi3.o)
                                  0x8 (size before relaxing)
 .ARM.exidx     0x080078f8        0x0 c:/users/pc/appdata/local/arduino15/packages/arduino/tools/arm-none-eabi-gcc/4.8.3-2014q1/bin/../lib/gcc/arm-none-eabi/4.8.3/armv7-m\libgcc.a(_udivdi3.o)
                                  0x8 (size before relaxing)
                0x080078f8                __exidx_end = .

.data           0x20000000      0xbf8 load address 0x080078f8
                0x20000000                __data_start__ = .
                0x20000000        0x4 LONG 0x0
                0x20000008                . = ALIGN (0x8)
 *fill*         0x20000004        0x4 
 *(.got.plt)
 *(.got)
 *(.data .data.* .gnu.linkonce.d.*)
 .data._ZZ8setColorhE9lastColor
                0x20000008        0x1 C:\Users\PC\AppData\Local\Temp\VMBuilds\main\Arduino_STM32_genericSTM32F103C\Release\main.cpp.o
 .data.local_analog_pin
                0x20000009        0x7 C:\Users\PC\AppData\Local\Temp\VMBuilds\main\Arduino_STM32_genericSTM32F103C\Release\main.cpp.o
                0x20000009                local_analog_pin
 .data._ZN6wirish4privL8pll_dataE
                0x20000010        0x4 C:\Users\PC\AppData\Local\Temp\VMBuilds\main\Arduino_STM32_genericSTM32F103C\Release\variant\boards_setup.cpp.o
 .data._ZN6wirish4priv9w_adc_smpE
                0x20000014        0x1 C:\Users\PC\AppData\Local\Temp\VMBuilds\main\Arduino_STM32_genericSTM32F103C\Release\variant\boards_setup.cpp.o
                0x20000014                wirish::priv::w_adc_smp
 *fill*         0x20000015        0x1 
 .data._ZN6wirish4priv9w_adc_preE
                0x20000016        0x2 C:\Users\PC\AppData\Local\Temp\VMBuilds\main\Arduino_STM32_genericSTM32F103C\Release\variant\boards_setup.cpp.o
                0x20000016                wirish::priv::w_adc_pre
 .data._ZN6wirish4priv15w_board_pll_cfgE
                0x20000018        0x8 C:\Users\PC\AppData\Local\Temp\VMBuilds\main\Arduino_STM32_genericSTM32F103C\Release\variant\boards_setup.cpp.o
                0x20000018                wirish::priv::w_board_pll_cfg
 .data.adc2     0x20000020        0x8 C:\Users\PC\AppData\Local\Temp\VMBuilds\main\Arduino_STM32_genericSTM32F103C\Release/core.a(adc_f1.c.o)
                0x20000020                adc2
 .data.adc1     0x20000028       0x18 C:\Users\PC\AppData\Local\Temp\VMBuilds\main\Arduino_STM32_genericSTM32F103C\Release/core.a(adc_f1.c.o)
                0x20000028                adc1
 .data.ADC2     0x20000040        0x4 C:\Users\PC\AppData\Local\Temp\VMBuilds\main\Arduino_STM32_genericSTM32F103C\Release/core.a(adc_f1.c.o)
                0x20000040                ADC2
 .data.ADC1     0x20000044        0x4 C:\Users\PC\AppData\Local\Temp\VMBuilds\main\Arduino_STM32_genericSTM32F103C\Release/core.a(adc_f1.c.o)
                0x20000044                ADC1
 .data.gpioa    0x20000048        0x8 C:\Users\PC\AppData\Local\Temp\VMBuilds\main\Arduino_STM32_genericSTM32F103C\Release/core.a(gpio_f1.c.o)
                0x20000048                gpioa
 .data.gpiob    0x20000050        0x8 C:\Users\PC\AppData\Local\Temp\VMBuilds\main\Arduino_STM32_genericSTM32F103C\Release/core.a(gpio_f1.c.o)
                0x20000050                gpiob
 .data.gpioc    0x20000058        0x8 C:\Users\PC\AppData\Local\Temp\VMBuilds\main\Arduino_STM32_genericSTM32F103C\Release/core.a(gpio_f1.c.o)
                0x20000058                gpioc
 .data.gpiod    0x20000060        0x8 C:\Users\PC\AppData\Local\Temp\VMBuilds\main\Arduino_STM32_genericSTM32F103C\Release/core.a(gpio_f1.c.o)
                0x20000060                gpiod
 .data.enable_regs.4411
                0x20000068        0xc C:\Users\PC\AppData\Local\Temp\VMBuilds\main\Arduino_STM32_genericSTM32F103C\Release/core.a(rcc_f1.c.o)
 .data.reset_regs.4415
                0x20000074        0x8 C:\Users\PC\AppData\Local\Temp\VMBuilds\main\Arduino_STM32_genericSTM32F103C\Release/core.a(rcc_f1.c.o)
 .data.enable_regs.4424
                0x2000007c        0xc C:\Users\PC\AppData\Local\Temp\VMBuilds\main\Arduino_STM32_genericSTM32F103C\Release/core.a(rcc_f1.c.o)
 .data.timer3   0x20000088       0x24 C:\Users\PC\AppData\Local\Temp\VMBuilds\main\Arduino_STM32_genericSTM32F103C\Release/core.a(timer.c.o)
                0x20000088                timer3
 .data.timer4   0x200000ac       0x24 C:\Users\PC\AppData\Local\Temp\VMBuilds\main\Arduino_STM32_genericSTM32F103C\Release/core.a(timer.c.o)
                0x200000ac                timer4
 .data.timer1   0x200000d0       0x28 C:\Users\PC\AppData\Local\Temp\VMBuilds\main\Arduino_STM32_genericSTM32F103C\Release/core.a(timer.c.o)
                0x200000d0                timer1
 .data.timer2   0x200000f8       0x24 C:\Users\PC\AppData\Local\Temp\VMBuilds\main\Arduino_STM32_genericSTM32F103C\Release/core.a(timer.c.o)
                0x200000f8                timer2
 .data.USART1   0x2000011c        0x4 C:\Users\PC\AppData\Local\Temp\VMBuilds\main\Arduino_STM32_genericSTM32F103C\Release/core.a(usart_f1.c.o)
                0x2000011c                USART1
 .data.USART2   0x20000120        0x4 C:\Users\PC\AppData\Local\Temp\VMBuilds\main\Arduino_STM32_genericSTM32F103C\Release/core.a(usart_f1.c.o)
                0x20000120                USART2
 .data.USART3   0x20000124        0x4 C:\Users\PC\AppData\Local\Temp\VMBuilds\main\Arduino_STM32_genericSTM32F103C\Release/core.a(usart_f1.c.o)
                0x20000124                USART3
 .data.usart1   0x20000128       0x94 C:\Users\PC\AppData\Local\Temp\VMBuilds\main\Arduino_STM32_genericSTM32F103C\Release/core.a(usart_f1.c.o)
 .data.usart2   0x200001bc       0x94 C:\Users\PC\AppData\Local\Temp\VMBuilds\main\Arduino_STM32_genericSTM32F103C\Release/core.a(usart_f1.c.o)
 .data.usart3   0x20000250       0x94 C:\Users\PC\AppData\Local\Temp\VMBuilds\main\Arduino_STM32_genericSTM32F103C\Release/core.a(usart_f1.c.o)
 .data.USBLIB   0x200002e4        0x4 C:\Users\PC\AppData\Local\Temp\VMBuilds\main\Arduino_STM32_genericSTM32F103C\Release/core.a(usb.c.o)
                0x200002e4                USBLIB
 .data.usblib   0x200002e8       0x10 C:\Users\PC\AppData\Local\Temp\VMBuilds\main\Arduino_STM32_genericSTM32F103C\Release/core.a(usb.c.o)
 .data.Config_Descriptor
                0x200002f8        0x8 C:\Users\PC\AppData\Local\Temp\VMBuilds\main\Arduino_STM32_genericSTM32F103C\Release/core.a(usb_cdcacm.c.o)
 .data.Device_Property
                0x20000300       0x30 C:\Users\PC\AppData\Local\Temp\VMBuilds\main\Arduino_STM32_genericSTM32F103C\Release/core.a(usb_cdcacm.c.o)
                0x20000300                Device_Property
 .data.ep_int_in
                0x20000330       0x1c C:\Users\PC\AppData\Local\Temp\VMBuilds\main\Arduino_STM32_genericSTM32F103C\Release/core.a(usb_cdcacm.c.o)
 .data.String_Descriptor
                0x2000034c       0x18 C:\Users\PC\AppData\Local\Temp\VMBuilds\main\Arduino_STM32_genericSTM32F103C\Release/core.a(usb_cdcacm.c.o)
 .data.ep_int_out
                0x20000364       0x1c C:\Users\PC\AppData\Local\Temp\VMBuilds\main\Arduino_STM32_genericSTM32F103C\Release/core.a(usb_cdcacm.c.o)
 .data.line_coding
                0x20000380        0x7 C:\Users\PC\AppData\Local\Temp\VMBuilds\main\Arduino_STM32_genericSTM32F103C\Release/core.a(usb_cdcacm.c.o)
 *fill*         0x20000387        0x1 
 .data.User_Standard_Requests
                0x20000388       0x24 C:\Users\PC\AppData\Local\Temp\VMBuilds\main\Arduino_STM32_genericSTM32F103C\Release/core.a(usb_cdcacm.c.o)
                0x20000388                User_Standard_Requests
 .data.Device_Descriptor
                0x200003ac        0x8 C:\Users\PC\AppData\Local\Temp\VMBuilds\main\Arduino_STM32_genericSTM32F103C\Release/core.a(usb_cdcacm.c.o)
 .data.Device_Table
                0x200003b4        0x2 C:\Users\PC\AppData\Local\Temp\VMBuilds\main\Arduino_STM32_genericSTM32F103C\Release/core.a(usb_cdcacm.c.o)
                0x200003b4                Device_Table
 *fill*         0x200003b6        0x2 
 .data.impure_data
                0x200003b8      0x428 c:/users/pc/appdata/local/arduino15/packages/arduino/tools/arm-none-eabi-gcc/4.8.3-2014q1/bin/../lib/gcc/arm-none-eabi/4.8.3/../../../../arm-none-eabi/lib/armv7-m\libc.a(lib_a-impure.o)
 .data._impure_ptr
                0x200007e0        0x4 c:/users/pc/appdata/local/arduino15/packages/arduino/tools/arm-none-eabi-gcc/4.8.3-2014q1/bin/../lib/gcc/arm-none-eabi/4.8.3/../../../../arm-none-eabi/lib/armv7-m\libc.a(lib_a-impure.o)
                0x200007e0                _impure_ptr
 .data.__malloc_av_
                0x200007e4      0x408 c:/users/pc/appdata/local/arduino15/packages/arduino/tools/arm-none-eabi-gcc/4.8.3-2014q1/bin/../lib/gcc/arm-none-eabi/4.8.3/../../../../arm-none-eabi/lib/armv7-m\libc.a(lib_a-mallocr.o)
                0x200007e4                __malloc_av_
 .data.__malloc_trim_threshold
                0x20000bec        0x4 c:/users/pc/appdata/local/arduino15/packages/arduino/tools/arm-none-eabi-gcc/4.8.3-2014q1/bin/../lib/gcc/arm-none-eabi/4.8.3/../../../../arm-none-eabi/lib/armv7-m\libc.a(lib_a-mallocr.o)
                0x20000bec                __malloc_trim_threshold
 .data.__malloc_sbrk_base
                0x20000bf0        0x4 c:/users/pc/appdata/local/arduino15/packages/arduino/tools/arm-none-eabi-gcc/4.8.3-2014q1/bin/../lib/gcc/arm-none-eabi/4.8.3/../../../../arm-none-eabi/lib/armv7-m\libc.a(lib_a-mallocr.o)
                0x20000bf0                __malloc_sbrk_base
                0x20000bf8                . = ALIGN (0x8)
 *fill*         0x20000bf4        0x4 
                0x20000bf8                __data_end__ = .

.jcr            0x20000bf8        0x0 load address 0x080084f0
 .jcr           0x20000bf8        0x0 c:/users/pc/appdata/local/arduino15/packages/arduino/tools/arm-none-eabi-gcc/4.8.3-2014q1/bin/../lib/gcc/arm-none-eabi/4.8.3/armv7-m/crtbegin.o

.igot.plt       0x20000bf8        0x0 load address 0x080084f0
 .igot.plt      0x00000000        0x0 c:/users/pc/appdata/local/arduino15/packages/arduino/tools/arm-none-eabi-gcc/4.8.3-2014q1/bin/../lib/gcc/arm-none-eabi/4.8.3/armv7-m/crtbegin.o

.rodata         0x080084f0      0x524
 *(.rodata .rodata.* .gnu.linkonce.r.*)
 .rodata.str1.1
                0x080084f0      0x196 C:\Users\PC\AppData\Local\Temp\VMBuilds\main\Arduino_STM32_genericSTM32F103C\Release\main.cpp.o
 *fill*         0x08008686        0x2 
 .rodata._ZTV14DataGroupClass
                0x08008688       0x10 C:\Users\PC\AppData\Local\Temp\VMBuilds\main\Arduino_STM32_genericSTM32F103C\Release\DataGroup.cpp.o
                0x08008688                vtable for DataGroupClass
 .rodata.PIN_MAP
                0x08008698      0x230 C:\Users\PC\AppData\Local\Temp\VMBuilds\main\Arduino_STM32_genericSTM32F103C\Release\variant\board.cpp.o
                0x08008698                PIN_MAP
 .rodata.GPIOC  0x080088c8        0x4 C:\Users\PC\AppData\Local\Temp\VMBuilds\main\Arduino_STM32_genericSTM32F103C\Release/core.a(gpio_f1.c.o)
                0x080088c8                GPIOC
 .rodata.rcc_dev_table
                0x080088cc       0x5c C:\Users\PC\AppData\Local\Temp\VMBuilds\main\Arduino_STM32_genericSTM32F103C\Release/core.a(rcc_f1.c.o)
                0x080088cc                rcc_dev_table
 .rodata.masks.4420
                0x08008928       0x14 C:\Users\PC\AppData\Local\Temp\VMBuilds\main\Arduino_STM32_genericSTM32F103C\Release/core.a(rcc_f1.c.o)
 *fill*         0x0800893c        0x4 
 .rodata._ZTV14HardwareSerial
                0x08008940       0x28 C:\Users\PC\AppData\Local\Temp\VMBuilds\main\Arduino_STM32_genericSTM32F103C\Release/core.a(HardwareSerial.cpp.o)
                0x08008940                vtable for HardwareSerial
 .rodata._ZTV9USBSerial
                0x08008968       0x28 C:\Users\PC\AppData\Local\Temp\VMBuilds\main\Arduino_STM32_genericSTM32F103C\Release/core.a(usb_serial.cpp.o)
                0x08008968                vtable for USBSerial
 .rodata.usbVcomDescriptor_iProduct
                0x08008990        0xc C:\Users\PC\AppData\Local\Temp\VMBuilds\main\Arduino_STM32_genericSTM32F103C\Release/core.a(usb_cdcacm.c.o)
 .rodata.usbVcomDescriptor_iManufacturer
                0x0800899c       0x12 C:\Users\PC\AppData\Local\Temp\VMBuilds\main\Arduino_STM32_genericSTM32F103C\Release/core.a(usb_cdcacm.c.o)
 .rodata.usbVcomDescriptor_Device
                0x080089ae       0x12 C:\Users\PC\AppData\Local\Temp\VMBuilds\main\Arduino_STM32_genericSTM32F103C\Release/core.a(usb_cdcacm.c.o)
 .rodata.usbVcomDescriptor_Config
                0x080089c0       0x43 C:\Users\PC\AppData\Local\Temp\VMBuilds\main\Arduino_STM32_genericSTM32F103C\Release/core.a(usb_cdcacm.c.o)
 .rodata.usbVcomDescriptor_LangID
                0x08008a03        0x4 C:\Users\PC\AppData\Local\Temp\VMBuilds\main\Arduino_STM32_genericSTM32F103C\Release/core.a(usb_cdcacm.c.o)
 *fill*         0x08008a07        0x1 
 .rodata.str1.4
                0x08008a08        0x4 c:/users/pc/appdata/local/arduino15/packages/arduino/tools/arm-none-eabi-gcc/4.8.3-2014q1/bin/../lib/gcc/arm-none-eabi/4.8.3/../../../../arm-none-eabi/lib/armv7-m\libc.a(lib_a-impure.o)
 .rodata._global_impure_ptr
                0x08008a0c        0x4 c:/users/pc/appdata/local/arduino15/packages/arduino/tools/arm-none-eabi-gcc/4.8.3-2014q1/bin/../lib/gcc/arm-none-eabi/4.8.3/../../../../arm-none-eabi/lib/armv7-m\libc.a(lib_a-impure.o)
                0x08008a0c                _global_impure_ptr
 *(.USER_FLASH)
                0x08008a10                . = ALIGN (0x4)
                0x08008a10                _lm_rom_img_cfgp = .
                0x08008a10        0x4 LONG 0x80078f8 LOADADDR (.data)
                0x200011e8                _lm_heap_start = DEFINED (_lm_heap_start)?_lm_heap_start:_end
                0x20005000                _lm_heap_end = DEFINED (_lm_heap_end)?_lm_heap_end:__msp_init

.rel.dyn        0x08008a14        0x0
 .rel.iplt      0x00000000        0x0 c:/users/pc/appdata/local/arduino15/packages/arduino/tools/arm-none-eabi-gcc/4.8.3-2014q1/bin/../lib/gcc/arm-none-eabi/4.8.3/armv7-m/crtbegin.o

.bss            0x20000bf8      0x5f0
                0x20000bf8                . = ALIGN (0x8)
                0x20000bf8                __bss_start__ = .
 *(.bss .bss.* .gnu.linkonce.b.*)
 .bss           0x20000bf8       0x1c c:/users/pc/appdata/local/arduino15/packages/arduino/tools/arm-none-eabi-gcc/4.8.3-2014q1/bin/../lib/gcc/arm-none-eabi/4.8.3/armv7-m/crtbegin.o
 .bss._ZZ4loopvE5timer
                0x20000c14        0x4 C:\Users\PC\AppData\Local\Temp\VMBuilds\main\Arduino_STM32_genericSTM32F103C\Release\main.cpp.o
 .bss._ZZ12HandleSerialvE14timer_post_val
                0x20000c18        0x4 C:\Users\PC\AppData\Local\Temp\VMBuilds\main\Arduino_STM32_genericSTM32F103C\Release\main.cpp.o
 .bss.ms_analog_data_idx
                0x20000c1c        0x7 C:\Users\PC\AppData\Local\Temp\VMBuilds\main\Arduino_STM32_genericSTM32F103C\Release\main.cpp.o
                0x20000c1c                ms_analog_data_idx
 .bss.api_prox_values
                0x20000c23        0x1 C:\Users\PC\AppData\Local\Temp\VMBuilds\main\Arduino_STM32_genericSTM32F103C\Release\main.cpp.o
                0x20000c23                api_prox_values
 .bss.ms_request_tick
                0x20000c24        0x4 C:\Users\PC\AppData\Local\Temp\VMBuilds\main\Arduino_STM32_genericSTM32F103C\Release\main.cpp.o
                0x20000c24                ms_request_tick
 .bss._ZZ9handleAPIvE11timer_blink
                0x20000c28        0x4 C:\Users\PC\AppData\Local\Temp\VMBuilds\main\Arduino_STM32_genericSTM32F103C\Release\main.cpp.o
 .bss.is_debugger_conneced
                0x20000c2c        0x1 C:\Users\PC\AppData\Local\Temp\VMBuilds\main\Arduino_STM32_genericSTM32F103C\Release\main.cpp.o
                0x20000c2c                is_debugger_conneced
 .bss.api_side_analog_values
                0x20000c2d        0x1 C:\Users\PC\AppData\Local\Temp\VMBuilds\main\Arduino_STM32_genericSTM32F103C\Release\main.cpp.o
                0x20000c2d                api_side_analog_values
 .bss._ZZ12HandleSerialvE17value_set_to_post
                0x20000c2e        0x1 C:\Users\PC\AppData\Local\Temp\VMBuilds\main\Arduino_STM32_genericSTM32F103C\Release\main.cpp.o
 *fill*         0x20000c2f        0x1 
 .bss.ms_container
                0x20000c30        0x8 C:\Users\PC\AppData\Local\Temp\VMBuilds\main\Arduino_STM32_genericSTM32F103C\Release\main.cpp.o
                0x20000c30                ms_container
 .bss.api_back_analog_values
                0x20000c38        0x1 C:\Users\PC\AppData\Local\Temp\VMBuilds\main\Arduino_STM32_genericSTM32F103C\Release\main.cpp.o
                0x20000c38                api_back_analog_values
 *fill*         0x20000c39        0x1 
 .bss.ms_analog_val
                0x20000c3a        0xe C:\Users\PC\AppData\Local\Temp\VMBuilds\main\Arduino_STM32_genericSTM32F103C\Release\main.cpp.o
                0x20000c3a                ms_analog_val
 .bss.ms_prox_val
                0x20000c48        0x7 C:\Users\PC\AppData\Local\Temp\VMBuilds\main\Arduino_STM32_genericSTM32F103C\Release\main.cpp.o
                0x20000c48                ms_prox_val
 .bss.ms_group_idx
                0x20000c4f        0x1 C:\Users\PC\AppData\Local\Temp\VMBuilds\main\Arduino_STM32_genericSTM32F103C\Release\main.cpp.o
                0x20000c4f                ms_group_idx
 .bss._ZZ9handleAPIvE14blink_duration
                0x20000c50        0x4 C:\Users\PC\AppData\Local\Temp\VMBuilds\main\Arduino_STM32_genericSTM32F103C\Release\main.cpp.o
 .bss.ms_prox_data_idx
                0x20000c54        0x6 C:\Users\PC\AppData\Local\Temp\VMBuilds\main\Arduino_STM32_genericSTM32F103C\Release\main.cpp.o
                0x20000c54                ms_prox_data_idx
 .bss.local_analog_val
                0x20000c5a        0xe C:\Users\PC\AppData\Local\Temp\VMBuilds\main\Arduino_STM32_genericSTM32F103C\Release\main.cpp.o
                0x20000c5a                local_analog_val
 .bss.Floor     0x20000c68      0x220 C:\Users\PC\AppData\Local\Temp\VMBuilds\main\Arduino_STM32_genericSTM32F103C\Release\main.cpp.o
                0x20000c68                Floor
 .bss._ZZ9handleAPIvE16current_duration
                0x20000e88        0x1 C:\Users\PC\AppData\Local\Temp\VMBuilds\main\Arduino_STM32_genericSTM32F103C\Release\main.cpp.o
 .bss.ms_is_busy
                0x20000e89        0x1 C:\Users\PC\AppData\Local\Temp\VMBuilds\main\Arduino_STM32_genericSTM32F103C\Release\main.cpp.o
                0x20000e89                ms_is_busy
 *fill*         0x20000e8a        0x2 
 .bss.EEPROM    0x20000e8c       0x10 C:\Users\PC\AppData\Local\Temp\VMBuilds\main\Arduino_STM32_genericSTM32F103C\Release\EEPROM\EEPROM.cpp.o
                0x20000e8c                EEPROM
 .bss.Serial1   0x20000e9c       0x18 C:\Users\PC\AppData\Local\Temp\VMBuilds\main\Arduino_STM32_genericSTM32F103C\Release\variant\board.cpp.o
                0x20000e9c                Serial1
 .bss.Serial2   0x20000eb4       0x18 C:\Users\PC\AppData\Local\Temp\VMBuilds\main\Arduino_STM32_genericSTM32F103C\Release\variant\board.cpp.o
                0x20000eb4                Serial2
 .bss.Serial3   0x20000ecc       0x18 C:\Users\PC\AppData\Local\Temp\VMBuilds\main\Arduino_STM32_genericSTM32F103C\Release\variant\board.cpp.o
                0x20000ecc                Serial3
 .bss.pbreak.4444
                0x20000ee4        0x4 C:\Users\PC\AppData\Local\Temp\VMBuilds\main\Arduino_STM32_genericSTM32F103C\Release\variant\syscalls.c.o
 .bss.systick_user_callback
                0x20000ee8        0x4 C:\Users\PC\AppData\Local\Temp\VMBuilds\main\Arduino_STM32_genericSTM32F103C\Release/core.a(systick.c.o)
 .bss.usart1_wb
                0x20000eec        0xc C:\Users\PC\AppData\Local\Temp\VMBuilds\main\Arduino_STM32_genericSTM32F103C\Release/core.a(usart_f1.c.o)
 .bss.usart1_rb
                0x20000ef8        0xc C:\Users\PC\AppData\Local\Temp\VMBuilds\main\Arduino_STM32_genericSTM32F103C\Release/core.a(usart_f1.c.o)
 .bss.usart2_rb
                0x20000f04        0xc C:\Users\PC\AppData\Local\Temp\VMBuilds\main\Arduino_STM32_genericSTM32F103C\Release/core.a(usart_f1.c.o)
 .bss.usart3_rb
                0x20000f10        0xc C:\Users\PC\AppData\Local\Temp\VMBuilds\main\Arduino_STM32_genericSTM32F103C\Release/core.a(usart_f1.c.o)
 .bss.usart2_wb