Archive member included because of file (symbol)

C:\Users\PC\AppData\Local\Temp\VMBuilds\main\Arduino_STM32_genericSTM32F103C\Debug/core.a(exc.S.o)
                              (__exc_hardfault)
C:\Users\PC\AppData\Local\Temp\VMBuilds\main\Arduino_STM32_genericSTM32F103C\Debug/core.a(isrs.S.o)
                              (__stm32reservedexception7)
C:\Users\PC\AppData\Local\Temp\VMBuilds\main\Arduino_STM32_genericSTM32F103C\Debug/core.a(vector_table.S.o)
                              (__stm32_vector_table)
C:\Users\PC\AppData\Local\Temp\VMBuilds\main\Arduino_STM32_genericSTM32F103C\Debug/core.a(adc.c.o)
                              C:\Users\PC\AppData\Local\Temp\VMBuilds\main\Arduino_STM32_genericSTM32F103C\Debug\variant\boards.cpp.o (adc_set_sample_rate)
C:\Users\PC\AppData\Local\Temp\VMBuilds\main\Arduino_STM32_genericSTM32F103C\Debug/core.a(adc_f1.c.o)
                              C:\Users\PC\AppData\Local\Temp\VMBuilds\main\Arduino_STM32_genericSTM32F103C\Debug\variant\boards.cpp.o (adc_set_prescaler)
C:\Users\PC\AppData\Local\Temp\VMBuilds\main\Arduino_STM32_genericSTM32F103C\Debug/core.a(flash.c.o)
                              C:\Users\PC\AppData\Local\Temp\VMBuilds\main\Arduino_STM32_genericSTM32F103C\Debug\variant\boards.cpp.o (flash_set_latency)
C:\Users\PC\AppData\Local\Temp\VMBuilds\main\Arduino_STM32_genericSTM32F103C\Debug/core.a(gpio_f1.c.o)
                              C:\Users\PC\AppData\Local\Temp\VMBuilds\main\Arduino_STM32_genericSTM32F103C\Debug\variant\boards_setup.cpp.o (gpio_init_all)
C:\Users\PC\AppData\Local\Temp\VMBuilds\main\Arduino_STM32_genericSTM32F103C\Debug/core.a(nvic.c.o)
                              C:\Users\PC\AppData\Local\Temp\VMBuilds\main\Arduino_STM32_genericSTM32F103C\Debug\variant\boards.cpp.o (nvic_init)
C:\Users\PC\AppData\Local\Temp\VMBuilds\main\Arduino_STM32_genericSTM32F103C\Debug/core.a(rcc.c.o)
                              C:\Users\PC\AppData\Local\Temp\VMBuilds\main\Arduino_STM32_genericSTM32F103C\Debug\variant\boards.cpp.o (rcc_switch_sysclk)
C:\Users\PC\AppData\Local\Temp\VMBuilds\main\Arduino_STM32_genericSTM32F103C\Debug/core.a(rcc_f1.c.o)
                              C:\Users\PC\AppData\Local\Temp\VMBuilds\main\Arduino_STM32_genericSTM32F103C\Debug\variant\boards.cpp.o (rcc_configure_pll)
C:\Users\PC\AppData\Local\Temp\VMBuilds\main\Arduino_STM32_genericSTM32F103C\Debug/core.a(systick.c.o)
                              C:\Users\PC\AppData\Local\Temp\VMBuilds\main\Arduino_STM32_genericSTM32F103C\Debug\variant\boards.cpp.o (systick_init)
C:\Users\PC\AppData\Local\Temp\VMBuilds\main\Arduino_STM32_genericSTM32F103C\Debug/core.a(timer.c.o)
                              C:\Users\PC\AppData\Local\Temp\VMBuilds\main\Arduino_STM32_genericSTM32F103C\Debug\variant\boards.cpp.o (timer_foreach)
C:\Users\PC\AppData\Local\Temp\VMBuilds\main\Arduino_STM32_genericSTM32F103C\Debug/core.a(usart_f1.c.o)
                              C:\Users\PC\AppData\Local\Temp\VMBuilds\main\Arduino_STM32_genericSTM32F103C\Debug\variant\board.cpp.o (USART3)
C:\Users\PC\AppData\Local\Temp\VMBuilds\main\Arduino_STM32_genericSTM32F103C\Debug/core.a(usart_private.c.o)
                              C:\Users\PC\AppData\Local\Temp\VMBuilds\main\Arduino_STM32_genericSTM32F103C\Debug/core.a(usart_f1.c.o) (_usart_clock_freq)
C:\Users\PC\AppData\Local\Temp\VMBuilds\main\Arduino_STM32_genericSTM32F103C\Debug/core.a(util.c.o)
                              C:\Users\PC\AppData\Local\Temp\VMBuilds\main\Arduino_STM32_genericSTM32F103C\Debug/core.a(exc.S.o) (__error)
C:\Users\PC\AppData\Local\Temp\VMBuilds\main\Arduino_STM32_genericSTM32F103C\Debug/core.a(HardwareSerial.cpp.o)
                              C:\Users\PC\AppData\Local\Temp\VMBuilds\main\Arduino_STM32_genericSTM32F103C\Debug\main.cpp.o (HardwareSerial::read())
C:\Users\PC\AppData\Local\Temp\VMBuilds\main\Arduino_STM32_genericSTM32F103C\Debug/core.a(main.cpp.o)
                              (main)
C:\Users\PC\AppData\Local\Temp\VMBuilds\main\Arduino_STM32_genericSTM32F103C\Debug/core.a(new.cpp.o)
                              C:\Users\PC\AppData\Local\Temp\VMBuilds\main\Arduino_STM32_genericSTM32F103C\Debug\DataGroup.cpp.o (operator new[](unsigned int))
C:\Users\PC\AppData\Local\Temp\VMBuilds\main\Arduino_STM32_genericSTM32F103C\Debug/core.a(Print.cpp.o)
                              C:\Users\PC\AppData\Local\Temp\VMBuilds\main\Arduino_STM32_genericSTM32F103C\Debug/core.a(HardwareSerial.cpp.o) (Print::write(char const*))
C:\Users\PC\AppData\Local\Temp\VMBuilds\main\Arduino_STM32_genericSTM32F103C\Debug/core.a(Stream.cpp.o)
                              C:\Users\PC\AppData\Local\Temp\VMBuilds\main\Arduino_STM32_genericSTM32F103C\Debug\main.cpp.o (Stream::setTimeout(unsigned long))
C:\Users\PC\AppData\Local\Temp\VMBuilds\main\Arduino_STM32_genericSTM32F103C\Debug/core.a(usb_serial.cpp.o)
[...]
Memory Configuration

Name             Origin             Length             Attributes
ram              0x20000000         0x00005000         xrw
rom              0x08002000         0x0001e000         xr
*default*        0x00000000         0xffffffff

Linker script and memory map

LOAD c:/users/pc/appdata/local/arduino15/packages/arduino/tools/arm-none-eabi-gcc/4.8.3-2014q1/bin/../lib/gcc/arm-none-eabi/4.8.3/armv7-m/crti.o
LOAD c:/users/pc/appdata/local/arduino15/packages/arduino/tools/arm-none-eabi-gcc/4.8.3-2014q1/bin/../lib/gcc/arm-none-eabi/4.8.3/armv7-m/crtbegin.o
LOAD c:/users/pc/appdata/local/arduino15/packages/arduino/tools/arm-none-eabi-gcc/4.8.3-2014q1/bin/../lib/gcc/arm-none-eabi/4.8.3/../../../../arm-none-eabi/lib/armv7-m/crt0.o
LOAD c:/users/pc/appdata/local/arduino15/packages/arduino/tools/arm-none-eabi-gcc/4.8.3-2014q1/bin/../lib/gcc/arm-none-eabi/4.8.3/armv7-m\libgcc.a
START GROUP
LOAD C:\Users\PC\AppData\Local\Temp\VMBuilds\main\Arduino_STM32_genericSTM32F103C\Debug\main.cpp.o
LOAD C:\Users\PC\AppData\Local\Temp\VMBuilds\main\Arduino_STM32_genericSTM32F103C\Debug\DataGroup.cpp.o
LOAD C:\Users\PC\AppData\Local\Temp\VMBuilds\main\Arduino_STM32_genericSTM32F103C\Debug\FloorSensors.cpp.o
LOAD C:\Users\PC\AppData\Local\Temp\VMBuilds\main\Arduino_STM32_genericSTM32F103C\Debug\Sensors.cpp.o
LOAD C:\Users\PC\AppData\Local\Temp\VMBuilds\main\Arduino_STM32_genericSTM32F103C\Debug\EEPROM\flash_stm32.c.o
LOAD C:\Users\PC\AppData\Local\Temp\VMBuilds\main\Arduino_STM32_genericSTM32F103C\Debug\EEPROM\EEPROM.cpp.o
LOAD C:\Users\PC\AppData\Local\Temp\VMBuilds\main\Arduino_STM32_genericSTM32F103C\Debug\VM_DBG\VM_DBG.cpp.o
LOAD C:\Users\PC\AppData\Local\Temp\VMBuilds\main\Arduino_STM32_genericSTM32F103C\Debug\VM_DBG\VM_mem_check_sam.cpp.o
LOAD C:\Users\PC\AppData\Local\Temp\VMBuilds\main\Arduino_STM32_genericSTM32F103C\Debug\variant\board.cpp.o
LOAD C:\Users\PC\AppData\Local\Temp\VMBuilds\main\Arduino_STM32_genericSTM32F103C\Debug\variant\boards.cpp.o
LOAD C:\Users\PC\AppData\Local\Temp\VMBuilds\main\Arduino_STM32_genericSTM32F103C\Debug\variant\boards_setup.cpp.o
LOAD C:\Users\PC\AppData\Local\Temp\VMBuilds\main\Arduino_STM32_genericSTM32F103C\Debug\variant\start.S.o
LOAD C:\Users\PC\AppData\Local\Temp\VMBuilds\main\Arduino_STM32_genericSTM32F103C\Debug\variant\start_c.c.o
LOAD C:\Users\PC\AppData\Local\Temp\VMBuilds\main\Arduino_STM32_genericSTM32F103C\Debug\variant\syscalls.c.o
LOAD C:\Users\PC\AppData\Local\Temp\VMBuilds\main\Arduino_STM32_genericSTM32F103C\Debug/core.a
END GROUP
LOAD c:/users/pc/appdata/local/arduino15/packages/arduino/tools/arm-none-eabi-gcc/4.8.3-2014q1/bin/../lib/gcc/arm-none-eabi/4.8.3/../../../../arm-none-eabi/lib/armv7-m\libstdc++.a
LOAD c:/users/pc/appdata/local/arduino15/packages/arduino/tools/arm-none-eabi-gcc/4.8.3-2014q1/bin/../lib/gcc/arm-none-eabi/4.8.3/../../../../arm-none-eabi/lib/armv7-m\libm.a
START GROUP
LOAD c:/users/pc/appdata/local/arduino15/packages/arduino/tools/arm-none-eabi-gcc/4.8.3-2014q1/bin/../lib/gcc/arm-none-eabi/4.8.3/armv7-m\libgcc.a
LOAD c:/users/pc/appdata/local/arduino15/packages/arduino/tools/arm-none-eabi-gcc/4.8.3-2014q1/bin/../lib/gcc/arm-none-eabi/4.8.3/../../../../arm-none-eabi/lib/armv7-m\libc.a
END GROUP
LOAD c:/users/pc/appdata/local/arduino15/packages/arduino/tools/arm-none-eabi-gcc/4.8.3-2014q1/bin/../lib/gcc/arm-none-eabi/4.8.3/armv7-m/crtend.o
LOAD c:/users/pc/appdata/local/arduino15/packages/arduino/tools/arm-none-eabi-gcc/4.8.3-2014q1/bin/../lib/gcc/arm-none-eabi/4.8.3/armv7-m/crtn.o
START GROUP
LOAD c:/users/pc/appdata/local/arduino15/packages/arduino/tools/arm-none-eabi-gcc/4.8.3-2014q1/bin/../lib/gcc/arm-none-eabi/4.8.3/armv7-m\libgcc.a
LOAD c:/users/pc/appdata/local/arduino15/packages/arduino/tools/arm-none-eabi-gcc/4.8.3-2014q1/bin/../lib/gcc/arm-none-eabi/4.8.3/../../../../arm-none-eabi/lib/armv7-m\libc.a
LOAD c:/users/pc/appdata/local/arduino15/packages/arduino/tools/arm-none-eabi-gcc/4.8.3-2014q1/bin/../lib/gcc/arm-none-eabi/4.8.3/../../../../arm-none-eabi/lib/armv7-m\libm.a
END GROUP
START GROUP
LOAD c:/users/pc/appdata/local/arduino15/packages/arduino/tools/arm-none-eabi-gcc/4.8.3-2014q1/bin/../lib/gcc/arm-none-eabi/4.8.3/../../../../arm-none-eabi/lib/armv7-m\libnosys.a
END GROUP
                0x20005000                PROVIDE (__msp_init, (ORIGIN (ram) + 0x5000))
                0x08004030                PROVIDE (__exc_reset, __start__)

.text           0x08002000     0x6e44
                0x08002000                __text_start__ = .
 *(.stm32.interrupt_vector)
 .stm32.interrupt_vector
                0x08002000       0xec C:\Users\PC\AppData\Local\Temp\VMBuilds\main\Arduino_STM32_genericSTM32F103C\Debug/core.a(vector_table.S.o)
                0x08002000                __stm32_vector_table
 *(.text .text.* .gnu.linkonce.t.*)
 .text          0x080020ec       0x54 c:/users/pc/appdata/local/arduino15/packages/arduino/tools/arm-none-eabi-gcc/4.8.3-2014q1/bin/../lib/gcc/arm-none-eabi/4.8.3/armv7-m/crtbegin.o
 .text._ZL6microsv
                0x08002140       0x34 C:\Users\PC\AppData\Local\Temp\VMBuilds\main\Arduino_STM32_genericSTM32F103C\Debug\main.cpp.o
 .text._ZN14HardwareSerial5writeEi
                0x08002174        0xc C:\Users\PC\AppData\Local\Temp\VMBuilds\main\Arduino_STM32_genericSTM32F103C\Debug\main.cpp.o
                0x08002174                HardwareSerial::write(int)
 .text._Z16readLocalSensorsv
                0x08002180       0x24 C:\Users\PC\AppData\Local\Temp\VMBuilds\main\Arduino_STM32_genericSTM32F103C\Debug\main.cpp.o
                0x08002180                readLocalSensors()
 .text._Z8setColorh
                0x080021a4      0x104 C:\Users\PC\AppData\Local\Temp\VMBuilds\main\Arduino_STM32_genericSTM32F103C\Debug\main.cpp.o
                0x080021a4                setColor(unsigned char)
 .text._Z10readEEPROMv
                0x080022a8      0x180 C:\Users\PC\AppData\Local\Temp\VMBuilds\main\Arduino_STM32_genericSTM32F103C\Debug\main.cpp.o
                0x080022a8                readEEPROM()
 .text._Z17readEEPROM_backupv
                0x08002428      0x190 C:\Users\PC\AppData\Local\Temp\VMBuilds\main\Arduino_STM32_genericSTM32F103C\Debug\main.cpp.o
                0x08002428                readEEPROM_backup()
 .text._Z10saveEEPROMv
                0x080025b8      0x16c C:\Users\PC\AppData\Local\Temp\VMBuilds\main\Arduino_STM32_genericSTM32F103C\Debug\main.cpp.o
                0x080025b8                saveEEPROM()
 .text._Z17saveEEPROM_backupv
                0x08002724      0x17c C:\Users\PC\AppData\Local\Temp\VMBuilds\main\Arduino_STM32_genericSTM32F103C\Debug\main.cpp.o
                0x08002724                saveEEPROM_backup()
 .text._ZN14DataGroupClass8SetValueIhEEbhT_
                0x080028a0       0x18 C:\Users\PC\AppData\Local\Temp\VMBuilds\main\Arduino_STM32_genericSTM32F103C\Debug\main.cpp.o
                0x080028a0                bool DataGroupClass::SetValue<unsigned char>(unsigned char, unsigned char)
 .text._ZN14DataGroupClass10AddAddressIhEEhT_
                0x080028b8       0x2c C:\Users\PC\AppData\Local\Temp\VMBuilds\main\Arduino_STM32_genericSTM32F103C\Debug\main.cpp.o
                0x080028b8                unsigned char DataGroupClass::AddAddress<unsigned char>(unsigned char)
 .text._Z5setupv
                0x080028e4      0x19c C:\Users\PC\AppData\Local\Temp\VMBuilds\main\Arduino_STM32_genericSTM32F103C\Debug\main.cpp.o
                0x080028e4                setup()
 .text.startup._GLOBAL__sub_I___VisualMicro_DEBUG_1_HITCOUNTER__
                0x08002a80       0x1c C:\Users\PC\AppData\Local\Temp\VMBuilds\main\Arduino_STM32_genericSTM32F103C\Debug\main.cpp.o
 .text._Z16requestFromSlavev
                0x08002a9c       0x58 C:\Users\PC\AppData\Local\Temp\VMBuilds\main\Arduino_STM32_genericSTM32F103C\Debug\main.cpp.o
                0x08002a9c                requestFromSlave()
 .text._Z11ms_waitBytev
                0x08002af4       0x24 C:\Users\PC\AppData\Local\Temp\VMBuilds\main\Arduino_STM32_genericSTM32F103C\Debug\main.cpp.o
                0x08002af4                ms_waitByte()
 .text._Z12api_waitBytev
                0x08002b18       0x24 C:\Users\PC\AppData\Local\Temp\VMBuilds\main\Arduino_STM32_genericSTM32F103C\Debug\main.cpp.o
                0x08002b18                api_waitByte()
 .text._Z9handleAPIv
                0x08002b3c      0x240 C:\Users\PC\AppData\Local\Temp\VMBuilds\main\Arduino_STM32_genericSTM32F103C\Debug\main.cpp.o
                0x08002b3c                handleAPI()
 .text._Z12waitForSlavev
                0x08002d7c      0x118 C:\Users\PC\AppData\Local\Temp\VMBuilds\main\Arduino_STM32_genericSTM32F103C\Debug\main.cpp.o
                0x08002d7c                waitForSlave()
 .text._Z14debug_waitBytev
                0x08002e94       0x24 C:\Users\PC\AppData\Local\Temp\VMBuilds\main\Arduino_STM32_genericSTM32F103C\Debug\main.cpp.o
                0x08002e94                debug_waitByte()
 .text._Z12HandleSerialv
                0x08002eb8      0x490 C:\Users\PC\AppData\Local\Temp\VMBuilds\main\Arduino_STM32_genericSTM32F103C\Debug\main.cpp.o
                0x08002eb8                HandleSerial()
 .text._Z4loopv
                0x08003348       0xc8 C:\Users\PC\AppData\Local\Temp\VMBuilds\main\Arduino_STM32_genericSTM32F103C\Debug\main.cpp.o
                0x08003348                loop()
 .text._ZN14DataGroupClass8GetBytesEv
                0x08003410        0x4 C:\Users\PC\AppData\Local\Temp\VMBuilds\main\Arduino_STM32_genericSTM32F103C\Debug\DataGroup.cpp.o
                0x08003410                DataGroupClass::GetBytes()
 .text._ZN14DataGroupClassC2Ev
                0x08003414       0x20 C:\Users\PC\AppData\Local\Temp\VMBuilds\main\Arduino_STM32_genericSTM32F103C\Debug\DataGroup.cpp.o
                0x08003414                DataGroupClass::DataGroupClass()
                0x08003414                DataGroupClass::DataGroupClass()
 .text._ZN14DataGroupClass8SetBytesEPh
                0x08003434       0x12 C:\Users\PC\AppData\Local\Temp\VMBuilds\main\Arduino_STM32_genericSTM32F103C\Debug\DataGroup.cpp.o
                0x08003434                DataGroupClass::SetBytes(unsigned char*)
 .text._ZN14DataGroupClassaSERKS_
                0x08003446       0x40 C:\Users\PC\AppData\Local\Temp\VMBuilds\main\Arduino_STM32_genericSTM32F103C\Debug\DataGroup.cpp.o
                0x08003446                DataGroupClass::operator=(DataGroupClass const&)
 .text._ZN18DataContainerClass8AddGroupEv
                0x08003486       0x5c C:\Users\PC\AppData\Local\Temp\VMBuilds\main\Arduino_STM32_genericSTM32F103C\Debug\DataGroup.cpp.o
                0x08003486                DataContainerClass::AddGroup()
 .text._ZN18DataContainerClass12GetDataGroupEh
                0x080034e2       0x12 C:\Users\PC\AppData\Local\Temp\VMBuilds\main\Arduino_STM32_genericSTM32F103C\Debug\DataGroup.cpp.o
                0x080034e2                DataContainerClass::GetDataGroup(unsigned char)
 .text._ZN17FloorSensorsClassC2EPhPtS1_
                0x080034f4       0x5c C:\Users\PC\AppData\Local\Temp\VMBuilds\main\Arduino_STM32_genericSTM32F103C\Debug\FloorSensors.cpp.o
                0x080034f4                FloorSensorsClass::FloorSensorsClass(unsigned char*, unsigned short*, unsigned short*)
                0x080034f4                FloorSensorsClass::FloorSensorsClass(unsigned char*, unsigned short*, unsigned short*)
 .text._ZN17FloorSensorsClass3runEv
                0x08003550       0x42 C:\Users\PC\AppData\Local\Temp\VMBuilds\main\Arduino_STM32_genericSTM32F103C\Debug\FloorSensors.cpp.o
                0x08003550                FloorSensorsClass::run()
 *fill*         0x08003592        0x2 
 .text._ZN15ProximitySensor3runEv
                0x08003594       0x38 C:\Users\PC\AppData\Local\Temp\VMBuilds\main\Arduino_STM32_genericSTM32F103C\Debug\Sensors.cpp.o
                0x08003594                ProximitySensor::run()
 .text._ZN15ProximitySensor9setRawValEPh
                0x080035cc        0x4 C:\Users\PC\AppData\Local\Temp\VMBuilds\main\Arduino_STM32_genericSTM32F103C\Debug\Sensors.cpp.o
                0x080035cc                ProximitySensor::setRawVal(unsigned char*)
 .text._ZN15ProximitySensor8getStateEv
                0x080035d0        0x4 C:\Users\PC\AppData\Local\Temp\VMBuilds\main\Arduino_STM32_genericSTM32F103C\Debug\Sensors.cpp.o
                0x080035d0                ProximitySensor::getState()
 *fill*         0x080035d4        0x4 
 .text._ZN12AnalogSensor3runEv
                0x080035d8       0x90 C:\Users\PC\AppData\Local\Temp\VMBuilds\main\Arduino_STM32_genericSTM32F103C\Debug\Sensors.cpp.o
                0x080035d8                AnalogSensor::run()
 .text._ZN12AnalogSensor9setRawValEPt
                0x08003668        0x4 C:\Users\PC\AppData\Local\Temp\VMBuilds\main\Arduino_STM32_genericSTM32F103C\Debug\Sensors.cpp.o
                0x08003668                AnalogSensor::setRawVal(unsigned short*)
 .text._ZN12AnalogSensor12setThresholdE9Threshold
                0x0800366c        0x8 C:\Users\PC\AppData\Local\Temp\VMBuilds\main\Arduino_STM32_genericSTM32F103C\Debug\Sensors.cpp.o
                0x0800366c                AnalogSensor::setThreshold(Threshold)
 .text._ZN12AnalogSensor13getAverageValEv
                0x08003674        0x4 C:\Users\PC\AppData\Local\Temp\VMBuilds\main\Arduino_STM32_genericSTM32F103C\Debug\Sensors.cpp.o
                0x08003674                AnalogSensor::getAverageVal()
 .text._ZN12AnalogSensor8getStateEv
                0x08003678        0x4 C:\Users\PC\AppData\Local\Temp\VMBuilds\main\Arduino_STM32_genericSTM32F103C\Debug\Sensors.cpp.o
                0x08003678                AnalogSensor::getState()
 .text.FLASH_GetStatus
                0x0800367c       0x34 C:\Users\PC\AppData\Local\Temp\VMBuilds\main\Arduino_STM32_genericSTM32F103C\Debug\EEPROM\flash_stm32.c.o
                0x0800367c                FLASH_GetStatus
 .text.FLASH_WaitForLastOperation
                0x080036b0       0x36 C:\Users\PC\AppData\Local\Temp\VMBuilds\main\Arduino_STM32_genericSTM32F103C\Debug\EEPROM\flash_stm32.c.o
                0x080036b0                FLASH_WaitForLastOperation
 *fill*         0x080036e6        0x2 
 .text.FLASH_ErasePage
                0x080036e8       0x44 C:\Users\PC\AppData\Local\Temp\VMBuilds\main\Arduino_STM32_genericSTM32F103C\Debug\EEPROM\flash_stm32.c.o
                0x080036e8                FLASH_ErasePage
 .text.FLASH_ProgramHalfWord
                0x0800372c       0x4c C:\Users\PC\AppData\Local\Temp\VMBuilds\main\Arduino_STM32_genericSTM32F103C\Debug\EEPROM\flash_stm32.c.o
                0x0800372c                FLASH_ProgramHalfWord
 .text.FLASH_Unlock
                0x08003778       0x18 C:\Users\PC\AppData\Local\Temp\VMBuilds\main\Arduino_STM32_genericSTM32F103C\Debug\EEPROM\flash_stm32.c.o
                0x08003778                FLASH_Unlock
 .text._ZN11EEPROMClass12EE_CheckPageEmt
                0x08003790       0x32 C:\Users\PC\AppData\Local\Temp\VMBuilds\main\Arduino_STM32_genericSTM32F103C\Debug\EEPROM\EEPROM.cpp.o
                0x08003790                EEPROMClass::EE_CheckPage(unsigned long, unsigned short)
 .text._ZN11EEPROMClass12EE_ErasePageEm
                0x080037c2       0x3e C:\Users\PC\AppData\Local\Temp\VMBuilds\main\Arduino_STM32_genericSTM32F103C\Debug\EEPROM\EEPROM.cpp.o
                0x080037c2                EEPROMClass::EE_ErasePage(unsigned long)
 .text._ZN11EEPROMClass17EE_CheckErasePageEmt
                0x08003800       0x2a C:\Users\PC\AppData\Local\Temp\VMBuilds\main\Arduino_STM32_genericSTM32F103C\Debug\EEPROM\EEPROM.cpp.o
                0x08003800                EEPROMClass::EE_CheckErasePage(unsigned long, unsigned short)
 .text._ZN11EEPROMClass16EE_FindValidPageEv
                0x0800382a       0x2e C:\Users\PC\AppData\Local\Temp\VMBuilds\main\Arduino_STM32_genericSTM32F103C\Debug\EEPROM\EEPROM.cpp.o
                0x0800382a                EEPROMClass::EE_FindValidPage()
 .text._ZN11EEPROMClass20EE_GetVariablesCountEmt
                0x08003858       0x3a C:\Users\PC\AppData\Local\Temp\VMBuilds\main\Arduino_STM32_genericSTM32F103C\Debug\EEPROM\EEPROM.cpp.o
                0x08003858                EEPROMClass::EE_GetVariablesCount(unsigned long, unsigned short)
 .text._ZN11EEPROMClass15EE_PageTransferEmmt
                0x08003892       0xa0 C:\Users\PC\AppData\Local\Temp\VMBuilds\main\Arduino_STM32_genericSTM32F103C\Debug\EEPROM\EEPROM.cpp.o
                0x08003892                EEPROMClass::EE_PageTransfer(unsigned long, unsigned long, unsigned short)
 .text._ZN11EEPROMClass30EE_VerifyPageFullWriteVariableEtt
                0x08003932       0xe4 C:\Users\PC\AppData\Local\Temp\VMBuilds\main\Arduino_STM32_genericSTM32F103C\Debug\EEPROM\EEPROM.cpp.o
                0x08003932                EEPROMClass::EE_VerifyPageFullWriteVariable(unsigned short, unsigned short)
 .text._ZN11EEPROMClass6formatEv
                0x08003a16       0x3e C:\Users\PC\AppData\Local\Temp\VMBuilds\main\Arduino_STM32_genericSTM32F103C\Debug\EEPROM\EEPROM.cpp.o
                0x08003a16                EEPROMClass::format()
 .text._ZN11EEPROMClass4initEv
                0x08003a54       0xcc C:\Users\PC\AppData\Local\Temp\VMBuilds\main\Arduino_STM32_genericSTM32F103C\Debug\EEPROM\EEPROM.cpp.o
                0x08003a54                EEPROMClass::init()
 .text._ZN11EEPROMClass4readEtPt
                0x08003b20       0x50 C:\Users\PC\AppData\Local\Temp\VMBuilds\main\Arduino_STM32_genericSTM32F103C\Debug\EEPROM\EEPROM.cpp.o
                0x08003b20                EEPROMClass::read(unsigned short, unsigned short*)
 .text._ZN11EEPROMClass5writeEtt
                0x08003b70       0x32 C:\Users\PC\AppData\Local\Temp\VMBuilds\main\Arduino_STM32_genericSTM32F103C\Debug\EEPROM\EEPROM.cpp.o
                0x08003b70                EEPROMClass::write(unsigned short, unsigned short)
 *fill*         0x08003ba2        0x2 
 .text.startup._GLOBAL__sub_I__ZN11EEPROMClass12EE_CheckPageEmt
                0x08003ba4       0x20 C:\Users\PC\AppData\Local\Temp\VMBuilds\main\Arduino_STM32_genericSTM32F103C\Debug\EEPROM\EEPROM.cpp.o
 .text._ZN16VisualMicroDebug16DBG_YieldAndWaitEmb
                0x08003bc4       0x18 C:\Users\PC\AppData\Local\Temp\VMBuilds\main\Arduino_STM32_genericSTM32F103C\Debug\VM_DBG\VM_DBG.cpp.o
                0x08003bc4                VisualMicroDebug::DBG_YieldAndWait(unsigned long, bool)
 .text._ZN16VisualMicroDebug16DBG_YieldAndWaitEm
                0x08003bdc        0x6 C:\Users\PC\AppData\Local\Temp\VMBuilds\main\Arduino_STM32_genericSTM32F103C\Debug\VM_DBG\VM_DBG.cpp.o
                0x08003bdc                VisualMicroDebug::DBG_YieldAndWait(unsigned long)
 *fill*         0x08003be2        0x2 
 .text._ZN16VisualMicroDebug10DBG_MillisEv
                0x08003be4        0xc C:\Users\PC\AppData\Local\Temp\VMBuilds\main\Arduino_STM32_genericSTM32F103C\Debug\VM_DBG\VM_DBG.cpp.o
                0x08003be4                VisualMicroDebug::DBG_Millis()
 .text._ZN16VisualMicroDebug17OnBreakPointBeginEm
                0x08003bf0       0x18 C:\Users\PC\AppData\Local\Temp\VMBuilds\main\Arduino_STM32_genericSTM32F103C\Debug\VM_DBG\VM_DBG.cpp.o
                0x08003bf0                VisualMicroDebug::OnBreakPointBegin(unsigned long)
 .text._ZN16VisualMicroDebug22OnBreakPointPrintBeginEh
                0x08003c08       0x70 C:\Users\PC\AppData\Local\Temp\VMBuilds\main\Arduino_STM32_genericSTM32F103C\Debug\VM_DBG\VM_DBG.cpp.o
                0x08003c08                VisualMicroDebug::OnBreakPointPrintBegin(unsigned char)
 .text._ZN16VisualMicroDebug20OnBreakPointPrintEndEv
                0x08003c78        0xc C:\Users\PC\AppData\Local\Temp\VMBuilds\main\Arduino_STM32_genericSTM32F103C\Debug\VM_DBG\VM_DBG.cpp.o
                0x08003c78                VisualMicroDebug::OnBreakPointPrintEnd()
 .text._ZN16VisualMicroDebug15OnBreakPointEndEv
                0x08003c84        0xc C:\Users\PC\AppData\Local\Temp\VMBuilds\main\Arduino_STM32_genericSTM32F103C\Debug\VM_DBG\VM_DBG.cpp.o
                0x08003c84                VisualMicroDebug::OnBreakPointEnd()
 .text._ZN16VisualMicroDebug14outPacketStartEb
                0x08003c90       0x28 C:\Users\PC\AppData\Local\Temp\VMBuilds\main\Arduino_STM32_genericSTM32F103C\Debug\VM_DBG\VM_DBG.cpp.o
                0x08003c90                VisualMicroDebug::outPacketStart(bool)
 .text._ZN16VisualMicroDebug12outPacketEndEv
                0x08003cb8        0x2 C:\Users\PC\AppData\Local\Temp\VMBuilds\main\Arduino_STM32_genericSTM32F103C\Debug\VM_DBG\VM_DBG.cpp.o
                0x08003cb8                VisualMicroDebug::outPacketEnd()
 .text._ZN16VisualMicroDebug5beginEP9USBSerialm
                0x08003cba       0x2c C:\Users\PC\AppData\Local\Temp\VMBuilds\main\Arduino_STM32_genericSTM32F103C\Debug\VM_DBG\VM_DBG.cpp.o
                0x08003cba                VisualMicroDebug::begin(USBSerial*, unsigned long)
 .text._ZN16VisualMicroDebug4initEm
                0x08003ce6        0xe C:\Users\PC\AppData\Local\Temp\VMBuilds\main\Arduino_STM32_genericSTM32F103C\Debug\VM_DBG\VM_DBG.cpp.o
                0x08003ce6                VisualMicroDebug::init(unsigned long)
 .text._ZN16VisualMicroDebug4readEv
                0x08003cf4        0xe C:\Users\PC\AppData\Local\Temp\VMBuilds\main\Arduino_STM32_genericSTM32F103C\Debug\VM_DBG\VM_DBG.cpp.o
                0x08003cf4                VisualMicroDebug::read()
 .text._ZN16VisualMicroDebug9availableEv
                0x08003d02        0xe C:\Users\PC\AppData\Local\Temp\VMBuilds\main\Arduino_STM32_genericSTM32F103C\Debug\VM_DBG\VM_DBG.cpp.o
                0x08003d02                VisualMicroDebug::available()
 .text._ZN16VisualMicroDebug16sendContinuedACKEh
                0x08003d10       0x40 C:\Users\PC\AppData\Local\Temp\VMBuilds\main\Arduino_STM32_genericSTM32F103C\Debug\VM_DBG\VM_DBG.cpp.o
                0x08003d10                VisualMicroDebug::sendContinuedACK(unsigned char)
 .text._ZN16VisualMicroDebug9breakWaitEh
                0x08003d50       0x54 C:\Users\PC\AppData\Local\Temp\VMBuilds\main\Arduino_STM32_genericSTM32F103C\Debug\VM_DBG\VM_DBG.cpp.o
                0x08003d50                VisualMicroDebug::breakWait(unsigned char)
 .text._ZN16VisualMicroDebug5startEbb
                0x08003da4       0x26 C:\Users\PC\AppData\Local\Temp\VMBuilds\main\Arduino_STM32_genericSTM32F103C\Debug\VM_DBG\VM_DBG.cpp.o
                0x08003da4                VisualMicroDebug::start(bool, bool)
 *fill*         0x08003dca        0x2 
 .text.startup._GLOBAL__sub_I__ZN16VisualMicroDebug16DBG_YieldAndWaitEm
                0x08003dcc       0x14 C:\Users\PC\AppData\Local\Temp\VMBuilds\main\Arduino_STM32_genericSTM32F103C\Debug\VM_DBG\VM_DBG.cpp.o
 .text._Z9boardInitv
                0x08003de0        0x4 C:\Users\PC\AppData\Local\Temp\VMBuilds\main\Arduino_STM32_genericSTM32F103C\Debug\variant\board.cpp.o
                0x08003de0                boardInit()
 .text.startup._GLOBAL__sub_I__Z9boardInitv
                0x08003de4       0x48 C:\Users\PC\AppData\Local\Temp\VMBuilds\main\Arduino_STM32_genericSTM32F103C\Debug\variant\board.cpp.o
 .text._ZL18adc_default_configP7adc_dev
                0x08003e2c       0x1c C:\Users\PC\AppData\Local\Temp\VMBuilds\main\Arduino_STM32_genericSTM32F103C\Debug\variant\boards.cpp.o
 .text._ZL20timer_default_configP9timer_dev
                0x08003e48       0x9e C:\Users\PC\AppData\Local\Temp\VMBuilds\main\Arduino_STM32_genericSTM32F103C\Debug\variant\boards.cpp.o
 *fill*         0x08003ee6        0x2 
 .text._Z4initv
                0x08003ee8       0xbc C:\Users\PC\AppData\Local\Temp\VMBuilds\main\Arduino_STM32_genericSTM32F103C\Debug\variant\boards.cpp.o
                0x08003ee8                init()
 .text._ZN6wirish4priv15board_reset_pllEv
                0x08003fa4        0x2 C:\Users\PC\AppData\Local\Temp\VMBuilds\main\Arduino_STM32_genericSTM32F103C\Debug\variant\boards_setup.cpp.o
                0x08003fa4                wirish::priv::board_reset_pll()
 .text._ZN6wirish4priv28board_setup_clock_prescalersEv
                0x08003fa6       0x2e C:\Users\PC\AppData\Local\Temp\VMBuilds\main\Arduino_STM32_genericSTM32F103C\Debug\variant\boards_setup.cpp.o
                0x08003fa6                wirish::priv::board_setup_clock_prescalers()
 .text._ZN6wirish4priv16board_setup_gpioEv
                0x08003fd4        0x4 C:\Users\PC\AppData\Local\Temp\VMBuilds\main\Arduino_STM32_genericSTM32F103C\Debug\variant\boards_setup.cpp.o
                0x08003fd4                wirish::priv::board_setup_gpio()
 .text._ZN6wirish4priv15board_setup_usbEv
                0x08003fd8       0x54 C:\Users\PC\AppData\Local\Temp\VMBuilds\main\Arduino_STM32_genericSTM32F103C\Debug\variant\boards_setup.cpp.o
                0x08003fd8                wirish::priv::board_setup_usb()
 .text._ZN6wirish4priv11series_initEv
                0x0800402c        0x4 C:\Users\PC\AppData\Local\Temp\VMBuilds\main\Arduino_STM32_genericSTM32F103C\Debug\variant\boards_setup.cpp.o
                0x0800402c                wirish::priv::series_init()
 .text          0x08004030       0x10 C:\Users\PC\AppData\Local\Temp\VMBuilds\main\Arduino_STM32_genericSTM32F103C\Debug\variant\start.S.o
                0x08004030                __start__
 .text.start_c  0x08004040       0x64 C:\Users\PC\AppData\Local\Temp\VMBuilds\main\Arduino_STM32_genericSTM32F103C\Debug\variant\start_c.c.o
                0x08004040                start_c
 .text._sbrk    0x080040a4       0x44 C:\Users\PC\AppData\Local\Temp\VMBuilds\main\Arduino_STM32_genericSTM32F103C\Debug\variant\syscalls.c.o
                0x080040a4                _sbrk
 .text._exit    0x080040e8        0x2 C:\Users\PC\AppData\Local\Temp\VMBuilds\main\Arduino_STM32_genericSTM32F103C\Debug\variant\syscalls.c.o
                0x080040e8                _exit
 *fill*         0x080040ea        0x6 
 .text          0x080040f0       0x60 C:\Users\PC\AppData\Local\Temp\VMBuilds\main\Arduino_STM32_genericSTM32F103C\Debug/core.a(exc.S.o)
                0x080040f0                __exc_nmi
                0x080040f4                __exc_hardfault
                0x080040f8                __exc_memmanage
                0x080040fc                __exc_busfault
                0x08004100                __exc_usagefault
 .text          0x08004150        0x2 C:\Users\PC\AppData\Local\Temp\VMBuilds\main\Arduino_STM32_genericSTM32F103C\Debug/core.a(isrs.S.o)
                0x08004150                __stm32reservedexception9
                0x08004150                __irq_dma1_channel3
                0x08004150                __irq_i2c2_er
                0x08004150                __irq_i2c1_er
                0x08004150                __irq_dma1_channel6
                0x08004150                __exc_debug_monitor
                0x08004150                __irq_dma1_channel1
                0x08004150                __exc_svc
                0x08004150                __irq_dma1_channel4
                0x08004150                __irq_dma1_channel7
                0x08004150                __irq_exti0
                0x08004150                __irq_can_rx1
                0x08004150                __irq_spi2
                0x08004150                __irq_can_sce
                0x08004150                __irq_exti2
                0x08004150                __irq_exti3
                0x08004150                __irq_exti9_5
                0x08004150                __irq_pvd
                0x08004150                __irq_tamper
                0x08004150                __default_handler
                0x08004150                __irq_wwdg
                0x08004150                __stm32reservedexception10
                0x08004150                __irq_flash
                0x08004150                __irq_i2c2_ev
                0x08004150                __irq_dma1_channel2
                0x08004150                __irq_dma1_channel5
                0x08004150                __stm32reservedexception13
                0x08004150                __irq_rtc
                0x08004150                __irq_spi1
                0x08004150                __stm32reservedexception7
                0x08004150                __irq_usb_hp_can_tx
                0x08004150                __irq_exti15_10
                0x08004150                __irq_exti4
                0x08004150                __irq_rtcalarm
                0x08004150                __stm32reservedexception8
                0x08004150                __exc_pendsv
                0x08004150                __irq_i2c1_ev
                0x08004150                __irq_usbwakeup
                0x08004150                __irq_exti1
                0x08004150                __irq_rcc
 .text.adc_init
                0x08004152       0x14 C:\Users\PC\AppData\Local\Temp\VMBuilds\main\Arduino_STM32_genericSTM32F103C\Debug/core.a(adc.c.o)
                0x08004152                adc_init
 .text.adc_set_extsel
                0x08004166       0x12 C:\Users\PC\AppData\Local\Temp\VMBuilds\main\Arduino_STM32_genericSTM32F103C\Debug/core.a(adc.c.o)
                0x08004166                adc_set_extsel
 .text.adc_set_sample_rate
                0x08004178       0x30 C:\Users\PC\AppData\Local\Temp\VMBuilds\main\Arduino_STM32_genericSTM32F103C\Debug/core.a(adc.c.o)
                0x08004178                adc_set_sample_rate
 .text.adc_read
                0x080041a8       0x20 C:\Users\PC\AppData\Local\Temp\VMBuilds\main\Arduino_STM32_genericSTM32F103C\Debug/core.a(adc.c.o)
                0x080041a8                adc_read
 .text.__irq_adc
                0x080041c8       0x50 C:\Users\PC\AppData\Local\Temp\VMBuilds\main\Arduino_STM32_genericSTM32F103C\Debug/core.a(adc_f1.c.o)
                0x080041c8                __irq_adc
 .text.adc_calibrate
                0x08004218       0x24 C:\Users\PC\AppData\Local\Temp\VMBuilds\main\Arduino_STM32_genericSTM32F103C\Debug/core.a(adc_f1.c.o)
                0x08004218                adc_calibrate
 .text.adc_set_prescaler
                0x0800423c        0x8 C:\Users\PC\AppData\Local\Temp\VMBuilds\main\Arduino_STM32_genericSTM32F103C\Debug/core.a(adc_f1.c.o)
                0x0800423c                adc_set_prescaler
 .text.adc_foreach
                0x08004244       0x1c C:\Users\PC\AppData\Local\Temp\VMBuilds\main\Arduino_STM32_genericSTM32F103C\Debug/core.a(adc_f1.c.o)
                0x08004244                adc_foreach
 .text.adc_enable_single_swstart
                0x08004260       0x36 C:\Users\PC\AppData\Local\Temp\VMBuilds\main\Arduino_STM32_genericSTM32F103C\Debug/core.a(adc_f1.c.o)
                0x08004260                adc_enable_single_swstart
 *fill*         0x08004296        0x2 
 .text.flash_set_latency
                0x08004298       0x14 C:\Users\PC\AppData\Local\Temp\VMBuilds\main\Arduino_STM32_genericSTM32F103C\Debug/core.a(flash.c.o)
                0x08004298                flash_set_latency
 .text.gpio_init_all
                0x080042ac       0x30 C:\Users\PC\AppData\Local\Temp\VMBuilds\main\Arduino_STM32_genericSTM32F103C\Debug/core.a(gpio_f1.c.o)
                0x080042ac                gpio_init_all
 .text.gpio_set_mode
                0x080042dc       0x50 C:\Users\PC\AppData\Local\Temp\VMBuilds\main\Arduino_STM32_genericSTM32F103C\Debug/core.a(gpio_f1.c.o)
                0x080042dc                gpio_set_mode
 .text.afio_init
                0x0800432c       0x12 C:\Users\PC\AppData\Local\Temp\VMBuilds\main\Arduino_STM32_genericSTM32F103C\Debug/core.a(gpio_f1.c.o)
                0x0800432c                afio_init
 *fill*         0x0800433e        0x2 
 .text.nvic_irq_set_priority
                0x08004340       0x28 C:\Users\PC\AppData\Local\Temp\VMBuilds\main\Arduino_STM32_genericSTM32F103C\Debug/core.a(nvic.c.o)
                0x08004340                nvic_irq_set_priority
 .text.nvic_init
                0x08004368       0x30 C:\Users\PC\AppData\Local\Temp\VMBuilds\main\Arduino_STM32_genericSTM32F103C\Debug/core.a(nvic.c.o)
                0x08004368                nvic_init
 .text.nvic_sys_reset
                0x08004398       0x1c C:\Users\PC\AppData\Local\Temp\VMBuilds\main\Arduino_STM32_genericSTM32F103C\Debug/core.a(nvic.c.o)
                0x08004398                nvic_sys_reset
 .text.rcc_dev_clk
                0x080043b4        0xc C:\Users\PC\AppData\Local\Temp\VMBuilds\main\Arduino_STM32_genericSTM32F103C\Debug/core.a(rcc.c.o)
                0x080043b4                rcc_dev_clk
 .text.rcc_switch_sysclk
                0x080043c0       0x20 C:\Users\PC\AppData\Local\Temp\VMBuilds\main\Arduino_STM32_genericSTM32F103C\Debug/core.a(rcc.c.o)
                0x080043c0                rcc_switch_sysclk
 .text.rcc_turn_on_clk
                0x080043e0       0x1a C:\Users\PC\AppData\Local\Temp\VMBuilds\main\Arduino_STM32_genericSTM32F103C\Debug/core.a(rcc.c.o)
                0x080043e0                rcc_turn_on_clk
 .text.rcc_turn_off_clk
                0x080043fa       0x1c C:\Users\PC\AppData\Local\Temp\VMBuilds\main\Arduino_STM32_genericSTM32F103C\Debug/core.a(rcc.c.o)
                0x080043fa                rcc_turn_off_clk
 .text.rcc_is_clk_ready
                0x08004416       0x18 C:\Users\PC\AppData\Local\Temp\VMBuilds\main\Arduino_STM32_genericSTM32F103C\Debug/core.a(rcc.c.o)
                0x08004416                rcc_is_clk_ready
 *fill*         0x0800442e        0x2 
 .text.rcc_configure_pll
                0x08004430       0x18 C:\Users\PC\AppData\Local\Temp\VMBuilds\main\Arduino_STM32_genericSTM32F103C\Debug/core.a(rcc_f1.c.o)
                0x08004430                rcc_configure_pll
 .text.rcc_clk_enable
                0x08004448       0x30 C:\Users\PC\AppData\Local\Temp\VMBuilds\main\Arduino_STM32_genericSTM32F103C\Debug/core.a(rcc_f1.c.o)
                0x08004448                rcc_clk_enable
 .text.rcc_reset_dev
                0x08004478       0x34 C:\Users\PC\AppData\Local\Temp\VMBuilds\main\Arduino_STM32_genericSTM32F103C\Debug/core.a(rcc_f1.c.o)
                0x08004478                rcc_reset_dev
 .text.rcc_set_prescaler
                0x080044ac       0x20 C:\Users\PC\AppData\Local\Temp\VMBuilds\main\Arduino_STM32_genericSTM32F103C\Debug/core.a(rcc_f1.c.o)
                0x080044ac                rcc_set_prescaler
 .text.rcc_clk_disable
                0x080044cc       0x30 C:\Users\PC\AppData\Local\Temp\VMBuilds\main\Arduino_STM32_genericSTM32F103C\Debug/core.a(rcc_f1.c.o)
                0x080044cc                rcc_clk_disable
 .text.systick_init
                0x080044fc       0x10 C:\Users\PC\AppData\Local\Temp\VMBuilds\main\Arduino_STM32_genericSTM32F103C\Debug/core.a(systick.c.o)
                0x080044fc                systick_init
 .text.__exc_systick
                0x0800450c       0x1c C:\Users\PC\AppData\Local\Temp\VMBuilds\main\Arduino_STM32_genericSTM32F103C\Debug/core.a(systick.c.o)
                0x0800450c                __exc_systick
 .text.timer_oc_set_mode
                0x08004528       0x3a C:\Users\PC\AppData\Local\Temp\VMBuilds\main\Arduino_STM32_genericSTM32F103C\Debug/core.a(timer.c.o)
 .text.timer_cc_enable
                0x08004562       0x1c C:\Users\PC\AppData\Local\Temp\VMBuilds\main\Arduino_STM32_genericSTM32F103C\Debug/core.a(timer.c.o)
 *fill*         0x0800457e        0x2 
 .text.timer_foreach
                0x08004580       0x28 C:\Users\PC\AppData\Local\Temp\VMBuilds\main\Arduino_STM32_genericSTM32F103C\Debug/core.a(timer.c.o)
                0x08004580                timer_foreach
 .text.timer_init
                0x080045a8       0x14 C:\Users\PC\AppData\Local\Temp\VMBuilds\main\Arduino_STM32_genericSTM32F103C\Debug/core.a(timer.c.o)
                0x080045a8                timer_init
 .text.timer_has_cc_channel
                0x080045bc       0x30 C:\Users\PC\AppData\Local\Temp\VMBuilds\main\Arduino_STM32_genericSTM32F103C\Debug/core.a(timer.c.o)
                0x080045bc                timer_has_cc_channel
 .text.timer_detach_interrupt
                0x080045ec       0x1e C:\Users\PC\AppData\Local\Temp\VMBuilds\main\Arduino_STM32_genericSTM32F103C\Debug/core.a(timer.c.o)
                0x080045ec                timer_detach_interrupt
 .text.input_capture_mode
                0x0800460a       0x1a C:\Users\PC\AppData\Local\Temp\VMBuilds\main\Arduino_STM32_genericSTM32F103C\Debug/core.a(timer.c.o)
                0x0800460a                input_capture_mode
 .text.timer_set_mode
                0x08004624       0x8c C:\Users\PC\AppData\Local\Temp\VMBuilds\main\Arduino_STM32_genericSTM32F103C\Debug/core.a(timer.c.o)
                0x08004624                timer_set_mode
 .text.__irq_tim1_brk
                0x080046b0       0x24 C:\Users\PC\AppData\Local\Temp\VMBuilds\main\Arduino_STM32_genericSTM32F103C\Debug/core.a(timer.c.o)
                0x080046b0                __irq_tim1_brk
 .text.__irq_tim1_up
                0x080046d4       0x24 C:\Users\PC\AppData\Local\Temp\VMBuilds\main\Arduino_STM32_genericSTM32F103C\Debug/core.a(timer.c.o)
                0x080046d4                __irq_tim1_up
 .text.__irq_tim1_trg_com
                0x080046f8       0x38 C:\Users\PC\AppData\Local\Temp\VMBuilds\main\Arduino_STM32_genericSTM32F103C\Debug/core.a(timer.c.o)
                0x080046f8                __irq_tim1_trg_com
 .text.__irq_tim1_cc
                0x08004730       0x54 C:\Users\PC\AppData\Local\Temp\VMBuilds\main\Arduino_STM32_genericSTM32F103C\Debug/core.a(timer.c.o)
                0x08004730                __irq_tim1_cc
 .text.__irq_tim2
                0x08004784       0x70 C:\Users\PC\AppData\Local\Temp\VMBuilds\main\Arduino_STM32_genericSTM32F103C\Debug/core.a(timer.c.o)
                0x08004784                __irq_tim2
 .text.__irq_tim3
                0x080047f4       0x70 C:\Users\PC\AppData\Local\Temp\VMBuilds\main\Arduino_STM32_genericSTM32F103C\Debug/core.a(timer.c.o)
                0x080047f4                __irq_tim3
 .text.__irq_tim4
                0x08004864       0x70 C:\Users\PC\AppData\Local\Temp\VMBuilds\main\Arduino_STM32_genericSTM32F103C\Debug/core.a(timer.c.o)
                0x08004864                __irq_tim4
 .text.rb_remove
                0x080048d4       0x24 C:\Users\PC\AppData\Local\Temp\VMBuilds\main\Arduino_STM32_genericSTM32F103C\Debug/core.a(usart_f1.c.o)
 .text.rb_push_insert
                0x080048f8       0x52 C:\Users\PC\AppData\Local\Temp\VMBuilds\main\Arduino_STM32_genericSTM32F103C\Debug/core.a(usart_f1.c.o)
 .text.usart_config_gpios_async
                0x0800494a       0x4a C:\Users\PC\AppData\Local\Temp\VMBuilds\main\Arduino_STM32_genericSTM32F103C\Debug/core.a(usart_f1.c.o)
                0x0800494a                usart_config_gpios_async
 .text.usart_set_baud_rate
                0x08004994       0x3c C:\Users\PC\AppData\Local\Temp\VMBuilds\main\Arduino_STM32_genericSTM32F103C\Debug/core.a(usart_f1.c.o)
                0x08004994                usart_set_baud_rate
 .text.__irq_usart1
                0x080049d0       0x54 C:\Users\PC\AppData\Local\Temp\VMBuilds\main\Arduino_STM32_genericSTM32F103C\Debug/core.a(usart_f1.c.o)
                0x080049d0                __irq_usart1
 .text.__irq_usart2
                0x08004a24       0x54 C:\Users\PC\AppData\Local\Temp\VMBuilds\main\Arduino_STM32_genericSTM32F103C\Debug/core.a(usart_f1.c.o)
                0x08004a24                __irq_usart2
 .text.__irq_usart3
                0x08004a78       0x54 C:\Users\PC\AppData\Local\Temp\VMBuilds\main\Arduino_STM32_genericSTM32F103C\Debug/core.a(usart_f1.c.o)
                0x08004a78                __irq_usart3
 .text._usart_clock_freq
                0x08004acc       0x24 C:\Users\PC\AppData\Local\Temp\VMBuilds\main\Arduino_STM32_genericSTM32F103C\Debug/core.a(usart_private.c.o)
                0x08004acc                _usart_clock_freq
 .text.throb    0x08004af0       0x4c C:\Users\PC\AppData\Local\Temp\VMBuilds\main\Arduino_STM32_genericSTM32F103C\Debug/core.a(util.c.o)
                0x08004af0                throb
 .text.__error  0x08004b3c       0x14 C:\Users\PC\AppData\Local\Temp\VMBuilds\main\Arduino_STM32_genericSTM32F103C\Debug/core.a(util.c.o)
                0x08004b3c                __error
 .text._ZN14HardwareSerial4readEv
                0x08004b50       0x4e C:\Users\PC\AppData\Local\Temp\VMBuilds\main\Arduino_STM32_genericSTM32F103C\Debug/core.a(HardwareSerial.cpp.o)
                0x08004b50                HardwareSerial::read()
 .text._ZN14HardwareSerial4peekEv
                0x08004b9e       0x22 C:\Users\PC\AppData\Local\Temp\VMBuilds\main\Arduino_STM32_genericSTM32F103C\Debug/core.a(HardwareSerial.cpp.o)
                0x08004b9e                HardwareSerial::peek()
 .text._ZN14HardwareSerial5flushEv
                0x08004bc0       0x1a C:\Users\PC\AppData\Local\Temp\VMBuilds\main\Arduino_STM32_genericSTM32F103C\Debug/core.a(HardwareSerial.cpp.o)
                0x08004bc0                HardwareSerial::flush()
 .text._ZN14HardwareSerial5writeEh
                0x08004bda       0x1e C:\Users\PC\AppData\Local\Temp\VMBuilds\main\Arduino_STM32_genericSTM32F103C\Debug/core.a(HardwareSerial.cpp.o)
                0x08004bda                HardwareSerial::write(unsigned char)
 .text._ZN14HardwareSerial9availableEv
                0x08004bf8       0x26 C:\Users\PC\AppData\Local\Temp\VMBuilds\main\Arduino_STM32_genericSTM32F103C\Debug/core.a(HardwareSerial.cpp.o)
                0x08004bf8                HardwareSerial::available()
 *fill*         0x08004c1e        0x2 
 .text._ZN14HardwareSerialC2EP9usart_devhh
                0x08004c20       0x1c C:\Users\PC\AppData\Local\Temp\VMBuilds\main\Arduino_STM32_genericSTM32F103C\Debug/core.a(HardwareSerial.cpp.o)
                0x08004c20                HardwareSerial::HardwareSerial(usart_dev*, unsigned char, unsigned char)
                0x08004c20                HardwareSerial::HardwareSerial(usart_dev*, unsigned char, unsigned char)
 .text._ZN14HardwareSerial5beginEmh
                0x08004c3c       0x78 C:\Users\PC\AppData\Local\Temp\VMBuilds\main\Arduino_STM32_genericSTM32F103C\Debug/core.a(HardwareSerial.cpp.o)
                0x08004c3c                HardwareSerial::begin(unsigned long, unsigned char)
 .text._ZN14HardwareSerial5beginEm
                0x08004cb4        0x6 C:\Users\PC\AppData\Local\Temp\VMBuilds\main\Arduino_STM32_genericSTM32F103C\Debug/core.a(HardwareSerial.cpp.o)
                0x08004cb4                HardwareSerial::begin(unsigned long)
 .text.startup._Z7premainv
                0x08004cba        0x4 C:\Users\PC\AppData\Local\Temp\VMBuilds\main\Arduino_STM32_genericSTM32F103C\Debug/core.a(main.cpp.o)
                0x08004cba                premain()
 .text.startup.main
                0x08004cbe        0xc C:\Users\PC\AppData\Local\Temp\VMBuilds\main\Arduino_STM32_genericSTM32F103C\Debug/core.a(main.cpp.o)
                0x08004cbe                main
 .text._Znaj    0x08004cca        0x4 C:\Users\PC\AppData\Local\Temp\VMBuilds\main\Arduino_STM32_genericSTM32F103C\Debug/core.a(new.cpp.o)
                0x08004cca                operator new[](unsigned int)
 .text._ZdaPv   0x08004cce        0x4 C:\Users\PC\AppData\Local\Temp\VMBuilds\main\Arduino_STM32_genericSTM32F103C\Debug/core.a(new.cpp.o)
                0x08004cce                operator delete[](void*)
 .text._ZN5Print5writeEPKc
                0x08004cd2       0x1c C:\Users\PC\AppData\Local\Temp\VMBuilds\main\Arduino_STM32_genericSTM32F103C\Debug/core.a(Print.cpp.o)
                0x08004cd2                Print::write(char const*)
 .text._ZN5Print5writeEPKvm
                0x08004cee       0x20 C:\Users\PC\AppData\Local\Temp\VMBuilds\main\Arduino_STM32_genericSTM32F103C\Debug/core.a(Print.cpp.o)
                0x08004cee                Print::write(void const*, unsigned long)
 .text._ZN5Print5printERK6String
                0x08004d0e       0x10 C:\Users\PC\AppData\Local\Temp\VMBuilds\main\Arduino_STM32_genericSTM32F103C\Debug/core.a(Print.cpp.o)
                0x08004d0e                Print::print(String const&)
 .text._ZN5Print5printEc
                0x08004d1e        0xa C:\Users\PC\AppData\Local\Temp\VMBuilds\main\Arduino_STM32_genericSTM32F103C\Debug/core.a(Print.cpp.o)
                0x08004d1e                Print::print(char)
 .text._ZN5Print5printEPKc
                0x08004d28        0xa C:\Users\PC\AppData\Local\Temp\VMBuilds\main\Arduino_STM32_genericSTM32F103C\Debug/core.a(Print.cpp.o)
                0x08004d28                Print::print(char const*)
 .text._ZN5Print7printlnEv
                0x08004d32       0x18 C:\Users\PC\AppData\Local\Temp\VMBuilds\main\Arduino_STM32_genericSTM32F103C\Debug/core.a(Print.cpp.o)
                0x08004d32                Print::println()
 .text._ZN5Print7printlnEPKc
                0x08004d4a       0x14 C:\Users\PC\AppData\Local\Temp\VMBuilds\main\Arduino_STM32_genericSTM32F103C\Debug/core.a(Print.cpp.o)
                0x08004d4a                Print::println(char const*)
 .text._ZN5Print11printNumberEyh
                0x08004d5e       0x84 C:\Users\PC\AppData\Local\Temp\VMBuilds\main\Arduino_STM32_genericSTM32F103C\Debug/core.a(Print.cpp.o)
                0x08004d5e                Print::printNumber(unsigned long long, unsigned char)
 .text._ZN5Print5printExi
                0x08004de2       0x32 C:\Users\PC\AppData\Local\Temp\VMBuilds\main\Arduino_STM32_genericSTM32F103C\Debug/core.a(Print.cpp.o)
                0x08004de2                Print::print(long long, int)
 .text._ZN5Print5printEii
                0x08004e14       0x12 C:\Users\PC\AppData\Local\Temp\VMBuilds\main\Arduino_STM32_genericSTM32F103C\Debug/core.a(Print.cpp.o)
                0x08004e14                Print::print(int, int)
 .text._ZN5Print5printEhi
                0x08004e26       0x14 C:\Users\PC\AppData\Local\Temp\VMBuilds\main\Arduino_STM32_genericSTM32F103C\Debug/core.a(Print.cpp.o)
                0x08004e26                Print::print(unsigned char, int)
 .text._ZN5Print5printEmi
                0x08004e3a       0x14 C:\Users\PC\AppData\Local\Temp\VMBuilds\main\Arduino_STM32_genericSTM32F103C\Debug/core.a(Print.cpp.o)
                0x08004e3a                Print::print(unsigned long, int)
 .text._ZN6Stream10setTimeoutEm
                0x08004e4e        0x4 C:\Users\PC\AppData\Local\Temp\VMBuilds\main\Arduino_STM32_genericSTM32F103C\Debug/core.a(Stream.cpp.o)
                0x08004e4e                Stream::setTimeout(unsigned long)
 .text._ZN9USBSerial9availableEv
                0x08004e52        0x4 C:\Users\PC\AppData\Local\Temp\VMBuilds\main\Arduino_STM32_genericSTM32F103C\Debug/core.a(usb_serial.cpp.o)
                0x08004e52                USBSerial::available()
 .text._ZN9USBSerial4peekEv
                0x08004e56       0x1e C:\Users\PC\AppData\Local\Temp\VMBuilds\main\Arduino_STM32_genericSTM32F103C\Debug/core.a(usb_serial.cpp.o)
                0x08004e56                USBSerial::peek()
 .text._ZN9USBSerial4readEv
                0x08004e74       0x1e C:\Users\PC\AppData\Local\Temp\VMBuilds\main\Arduino_STM32_genericSTM32F103C\Debug/core.a(usb_serial.cpp.o)
                0x08004e74                USBSerial::read()
 *fill*         0x08004e92        0x2 
 .text._ZL14ifaceSetupHookjPv
                0x08004e94       0x50 C:\Users\PC\AppData\Local\Temp\VMBuilds\main\Arduino_STM32_genericSTM32F103C\Debug/core.a(usb_serial.cpp.o)
 .text._ZL6rxHookjPv
                0x08004ee4       0x84 C:\Users\PC\AppData\Local\Temp\VMBuilds\main\Arduino_STM32_genericSTM32F103C\Debug/core.a(usb_serial.cpp.o)
 .text._ZL10wait_resetv
                0x08004f68       0x10 C:\Users\PC\AppData\Local\Temp\VMBuilds\main\Arduino_STM32_genericSTM32F103C\Debug/core.a(usb_serial.cpp.o)
 .text._ZN9USBSerialC2Ev
                0x08004f78       0x14 C:\Users\PC\AppData\Local\Temp\VMBuilds\main\Arduino_STM32_genericSTM32F103C\Debug/core.a(usb_serial.cpp.o)
                0x08004f78                USBSerial::USBSerial()
                0x08004f78                USBSerial::USBSerial()
 .text._ZN9USBSerial5beginEv
                0x08004f8c       0x34 C:\Users\PC\AppData\Local\Temp\VMBuilds\main\Arduino_STM32_genericSTM32F103C\Debug/core.a(usb_serial.cpp.o)
                0x08004f8c                USBSerial::begin()
 .text._ZN9USBSerial5beginEm
                0x08004fc0       0x10 C:\Users\PC\AppData\Local\Temp\VMBuilds\main\Arduino_STM32_genericSTM32F103C\Debug/core.a(usb_serial.cpp.o)
                0x08004fc0                USBSerial::begin(unsigned long)
 .text._ZN9USBSerial4readEPhm
                0x08004fd0       0x1c C:\Users\PC\AppData\Local\Temp\VMBuilds\main\Arduino_STM32_genericSTM32F103C\Debug/core.a(usb_serial.cpp.o)
                0x08004fd0                USBSerial::read(unsigned char*, unsigned long)
 .text._ZN9USBSerial5flushEv
                0x08004fec       0x1c C:\Users\PC\AppData\Local\Temp\VMBuilds\main\Arduino_STM32_genericSTM32F103C\Debug/core.a(usb_serial.cpp.o)
                0x08004fec                USBSerial::flush()
 .text._ZN9USBSerialcvbEv
                0x08005008       0x20 C:\Users\PC\AppData\Local\Temp\VMBuilds\main\Arduino_STM32_genericSTM32F103C\Debug/core.a(usb_serial.cpp.o)
                0x08005008                USBSerial::operator bool()
 .text._ZN9USBSerial5writeEPKhm
                0x08005028       0x24 C:\Users\PC\AppData\Local\Temp\VMBuilds\main\Arduino_STM32_genericSTM32F103C\Debug/core.a(usb_serial.cpp.o)
                0x08005028                USBSerial::write(unsigned char const*, unsigned long)
 .text._ZN9USBSerial5writeEh
                0x0800504c       0x18 C:\Users\PC\AppData\Local\Temp\VMBuilds\main\Arduino_STM32_genericSTM32F103C\Debug/core.a(usb_serial.cpp.o)
                0x0800504c                USBSerial::write(unsigned char)
 .text._ZN9USBSerial5writeEPKc
                0x08005064       0x1a C:\Users\PC\AppData\Local\Temp\VMBuilds\main\Arduino_STM32_genericSTM32F103C\Debug/core.a(usb_serial.cpp.o)
                0x08005064                USBSerial::write(char const*)
 *fill*         0x0800507e        0x2 
 .text.startup._GLOBAL__sub_I__ZN9USBSerial9_hasBegunE
                0x08005080        0xc C:\Users\PC\AppData\Local\Temp\VMBuilds\main\Arduino_STM32_genericSTM32F103C\Debug/core.a(usb_serial.cpp.o)
 .text._Z10analogReadh
                0x0800508c       0x1c C:\Users\PC\AppData\Local\Temp\VMBuilds\main\Arduino_STM32_genericSTM32F103C\Debug/core.a(wirish_analog.cpp.o)
                0x0800508c                analogRead(unsigned char)
 .text._Z12digitalWritehh
                0x080050a8       0x2c C:\Users\PC\AppData\Local\Temp\VMBuilds\main\Arduino_STM32_genericSTM32F103C\Debug/core.a(wirish_digital.cpp.o)
                0x080050a8                digitalWrite(unsigned char, unsigned char)
 .text._Z5delaym
                0x080050d4       0x1c C:\Users\PC\AppData\Local\Temp\VMBuilds\main\Arduino_STM32_genericSTM32F103C\Debug/core.a(wirish_time.cpp.o)
                0x080050d4                delay(unsigned long)
 .text._ZN6StringD2Ev
                0x080050f0        0xe C:\Users\PC\AppData\Local\Temp\VMBuilds\main\Arduino_STM32_genericSTM32F103C\Debug/core.a(WString.cpp.o)
                0x080050f0                String::~String()
                0x080050f0                String::~String()
 .text._ZN6String10invalidateEv
                0x080050fe       0x16 C:\Users\PC\AppData\Local\Temp\VMBuilds\main\Arduino_STM32_genericSTM32F103C\Debug/core.a(WString.cpp.o)
                0x080050fe                String::invalidate()
 .text._ZN6String12changeBufferEj
                0x08005114       0x18 C:\Users\PC\AppData\Local\Temp\VMBuilds\main\Arduino_STM32_genericSTM32F103C\Debug/core.a(WString.cpp.o)
                0x08005114                String::changeBuffer(unsigned int)
 .text._ZN6String7reserveEj
                0x0800512c       0x22 C:\Users\PC\AppData\Local\Temp\VMBuilds\main\Arduino_STM32_genericSTM32F103C\Debug/core.a(WString.cpp.o)
                0x0800512c                String::reserve(unsigned int)
 .text._ZN6String4copyEPKcj
                0x0800514e       0x26 C:\Users\PC\AppData\Local\Temp\VMBuilds\main\Arduino_STM32_genericSTM32F103C\Debug/core.a(WString.cpp.o)
                0x0800514e                String::copy(char const*, unsigned int)
 .text._ZN6StringC2EPKc
                0x08005174       0x24 C:\Users\PC\AppData\Local\Temp\VMBuilds\main\Arduino_STM32_genericSTM32F103C\Debug/core.a(WString.cpp.o)
                0x08005174                String::String(char const*)
                0x08005174                String::String(char const*)
 .text._ZN6StringaSERKS_
                0x08005198       0x1e C:\Users\PC\AppData\Local\Temp\VMBuilds\main\Arduino_STM32_genericSTM32F103C\Debug/core.a(WString.cpp.o)
                0x08005198                String::operator=(String const&)
 .text._ZN6StringC2ERKS_
                0x080051b6       0x14 C:\Users\PC\AppData\Local\Temp\VMBuilds\main\Arduino_STM32_genericSTM32F103C\Debug/core.a(WString.cpp.o)
                0x080051b6                String::String(String const&)
                0x080051b6                String::String(String const&)
 .text._ZN6StringaSEPKc
                0x080051ca       0x22 C:\Users\PC\AppData\Local\Temp\VMBuilds\main\Arduino_STM32_genericSTM32F103C\Debug/core.a(WString.cpp.o)
                0x080051ca                String::operator=(char const*)
 .text._ZN6StringC2Ehh
                0x080051ec       0x22 C:\Users\PC\AppData\Local\Temp\VMBuilds\main\Arduino_STM32_genericSTM32F103C\Debug/core.a(WString.cpp.o)
                0x080051ec                String::String(unsigned char, unsigned char)
                0x080051ec                String::String(unsigned char, unsigned char)
 .text._ZN6StringC2Eih
                0x0800520e       0x24 C:\Users\PC\AppData\Local\Temp\VMBuilds\main\Arduino_STM32_genericSTM32F103C\Debug/core.a(WString.cpp.o)
                0x0800520e                String::String(int, unsigned char)
                0x0800520e                String::String(int, unsigned char)
 .text._ZN6String6concatEPKcj
                0x08005232       0x2e C:\Users\PC\AppData\Local\Temp\VMBuilds\main\Arduino_STM32_genericSTM32F103C\Debug/core.a(WString.cpp.o)
                0x08005232                String::concat(char const*, unsigned int)
 .text._ZN6String6concatEc
                0x08005260       0x1a C:\Users\PC\AppData\Local\Temp\VMBuilds\main\Arduino_STM32_genericSTM32F103C\Debug/core.a(WString.cpp.o)
                0x08005260                String::concat(char)
 .text._ZplRK15StringSumHelperPKc
                0x0800527a       0x24 C:\Users\PC\AppData\Local\Temp\VMBuilds\main\Arduino_STM32_genericSTM32F103C\Debug/core.a(WString.cpp.o)
                0x0800527a                operator+(StringSumHelper const&, char const*)
 .text._ZNK6String7indexOfERKS_j
                0x0800529e       0x1e C:\Users\PC\AppData\Local\Temp\VMBuilds\main\Arduino_STM32_genericSTM32F103C\Debug/core.a(WString.cpp.o)
                0x0800529e                String::indexOf(String const&, unsigned int) const
 .text._ZNK6String7indexOfERKS_
                0x080052bc        0x6 C:\Users\PC\AppData\Local\Temp\VMBuilds\main\Arduino_STM32_genericSTM32F103C\Debug/core.a(WString.cpp.o)
                0x080052bc                String::indexOf(String const&) const
 *fill*         0x080052c2        0x2 
 .text._Z17disableDebugPortsv
                0x080052c4       0x14 C:\Users\PC\AppData\Local\Temp\VMBuilds\main\Arduino_STM32_genericSTM32F103C\Debug/core.a(wirish_debug.cpp.o)
                0x080052c4                disableDebugPorts()
 .text._Z7pinModeh13WiringPinMode
                0x080052d8       0x84 C:\Users\PC\AppData\Local\Temp\VMBuilds\main\Arduino_STM32_genericSTM32F103C\Debug/core.a(wirish_digital_f1.cpp.o)
                0x080052d8                pinMode(unsigned char, WiringPinMode)
 .text.__empty  0x0800535c        0x2 C:\Users\PC\AppData\Local\Temp\VMBuilds\main\Arduino_STM32_genericSTM32F103C\Debug/core.a(hooks.c.o)
                0x0800535c                yield
 .text.ltoa     0x0800535e       0x6e C:\Users\PC\AppData\Local\Temp\VMBuilds\main\Arduino_STM32_genericSTM32F103C\Debug/core.a(itoa.c.o)
                0x0800535e                ltoa
 .text.itoa     0x080053cc        0x4 C:\Users\PC\AppData\Local\Temp\VMBuilds\main\Arduino_STM32_genericSTM32F103C\Debug/core.a(itoa.c.o)
                0x080053cc                itoa
 .text.ultoa    0x080053d0       0x52 C:\Users\PC\AppData\Local\Temp\VMBuilds\main\Arduino_STM32_genericSTM32F103C\Debug/core.a(itoa.c.o)
                0x080053d0                ultoa
 .text.utoa     0x08005422        0x4 C:\Users\PC\AppData\Local\Temp\VMBuilds\main\Arduino_STM32_genericSTM32F103C\Debug/core.a(itoa.c.o)
                0x08005422                utoa
 .text.gpio_init
                0x08005426       0x14 C:\Users\PC\AppData\Local\Temp\VMBuilds\main\Arduino_STM32_genericSTM32F103C\Debug/core.a(gpio.c.o)
                0x08005426                gpio_init
 *fill*         0x0800543a        0x2 
 .text.iwdg_init
                0x0800543c       0x20 C:\Users\PC\AppData\Local\Temp\VMBuilds\main\Arduino_STM32_genericSTM32F103C\Debug/core.a(iwdg.c.o)
                0x0800543c                iwdg_init
 .text.usart_init
                0x0800545c       0x4c C:\Users\PC\AppData\Local\Temp\VMBuilds\main\Arduino_STM32_genericSTM32F103C\Debug/core.a(usart.c.o)
                0x0800545c                usart_init
 .text.usart_enable
                0x080054a8       0x14 C:\Users\PC\AppData\Local\Temp\VMBuilds\main\Arduino_STM32_genericSTM32F103C\Debug/core.a(usart.c.o)
                0x080054a8                usart_enable
 .text.usart_tx
                0x080054bc       0x9c C:\Users\PC\AppData\Local\Temp\VMBuilds\main\Arduino_STM32_genericSTM32F103C\Debug/core.a(usart.c.o)
                0x080054bc                usart_tx
 .text.usb_resume
                0x08005558       0xb4 C:\Users\PC\AppData\Local\Temp\VMBuilds\main\Arduino_STM32_genericSTM32F103C\Debug/core.a(usb.c.o)
 .text.usb_init_usblib
                0x0800560c       0x48 C:\Users\PC\AppData\Local\Temp\VMBuilds\main\Arduino_STM32_genericSTM32F103C\Debug/core.a(usb.c.o)
                0x0800560c                usb_init_usblib
 .text.__irq_usb_lp_can_rx0
                0x08005654      0x1c8 C:\Users\PC\AppData\Local\Temp\VMBuilds\main\Arduino_STM32_genericSTM32F103C\Debug/core.a(usb.c.o)
                0x08005654                __irq_usb_lp_can_rx0
 .text.usb_set_ep_rx_stat
                0x0800581c       0x22 C:\Users\PC\AppData\Local\Temp\VMBuilds\main\Arduino_STM32_genericSTM32F103C\Debug/core.a(usb_cdcacm.c.o)
 *fill*         0x0800583e        0x2 
 .text.vcomGetSetLineCoding
                0x08005840       0x18 C:\Users\PC\AppData\Local\Temp\VMBuilds\main\Arduino_STM32_genericSTM32F103C\Debug/core.a(usb_cdcacm.c.o)
 .text.usbDataSetup
                0x08005858       0x54 C:\Users\PC\AppData\Local\Temp\VMBuilds\main\Arduino_STM32_genericSTM32F103C\Debug/core.a(usb_cdcacm.c.o)
 .text.usbNoDataSetup
                0x080058ac       0x50 C:\Users\PC\AppData\Local\Temp\VMBuilds\main\Arduino_STM32_genericSTM32F103C\Debug/core.a(usb_cdcacm.c.o)
 .text.usbGetInterfaceSetting
                0x080058fc       0x10 C:\Users\PC\AppData\Local\Temp\VMBuilds\main\Arduino_STM32_genericSTM32F103C\Debug/core.a(usb_cdcacm.c.o)
 .text.usbSetConfiguration
                0x0800590c       0x1c C:\Users\PC\AppData\Local\Temp\VMBuilds\main\Arduino_STM32_genericSTM32F103C\Debug/core.a(usb_cdcacm.c.o)
 .text.usbSetDeviceAddress
                0x08005928       0x10 C:\Users\PC\AppData\Local\Temp\VMBuilds\main\Arduino_STM32_genericSTM32F103C\Debug/core.a(usb_cdcacm.c.o)
 .text.usbGetStringDescriptor
                0x08005938       0x20 C:\Users\PC\AppData\Local\Temp\VMBuilds\main\Arduino_STM32_genericSTM32F103C\Debug/core.a(usb_cdcacm.c.o)
 .text.usbGetConfigDescriptor
                0x08005958        0xc C:\Users\PC\AppData\Local\Temp\VMBuilds\main\Arduino_STM32_genericSTM32F103C\Debug/core.a(usb_cdcacm.c.o)
 .text.usbGetDeviceDescriptor
                0x08005964        0xc C:\Users\PC\AppData\Local\Temp\VMBuilds\main\Arduino_STM32_genericSTM32F103C\Debug/core.a(usb_cdcacm.c.o)
 .text.usbInit  0x08005970       0x44 C:\Users\PC\AppData\Local\Temp\VMBuilds\main\Arduino_STM32_genericSTM32F103C\Debug/core.a(usb_cdcacm.c.o)
 .text.vcomDataTxCb
                0x080059b4       0xa0 C:\Users\PC\AppData\Local\Temp\VMBuilds\main\Arduino_STM32_genericSTM32F103C\Debug/core.a(usb_cdcacm.c.o)
 .text.usbReset
                0x08005a54      0x160 C:\Users\PC\AppData\Local\Temp\VMBuilds\main\Arduino_STM32_genericSTM32F103C\Debug/core.a(usb_cdcacm.c.o)
 .text.vcomDataRxCb
                0x08005bb4       0x7c C:\Users\PC\AppData\Local\Temp\VMBuilds\main\Arduino_STM32_genericSTM32F103C\Debug/core.a(usb_cdcacm.c.o)
 .text.usb_cdcacm_set_hooks
                0x08005c30       0x1c C:\Users\PC\AppData\Local\Temp\VMBuilds\main\Arduino_STM32_genericSTM32F103C\Debug/core.a(usb_cdcacm.c.o)
                0x08005c30                usb_cdcacm_set_hooks
 .text.usb_cdcacm_enable
                0x08005c4c       0x38 C:\Users\PC\AppData\Local\Temp\VMBuilds\main\Arduino_STM32_genericSTM32F103C\Debug/core.a(usb_cdcacm.c.o)
                0x08005c4c                usb_cdcacm_enable
 .text.usb_cdcacm_tx
                0x08005c84       0x60 C:\Users\PC\AppData\Local\Temp\VMBuilds\main\Arduino_STM32_genericSTM32F103C\Debug/core.a(usb_cdcacm.c.o)
                0x08005c84                usb_cdcacm_tx
 .text.usb_cdcacm_data_available
                0x08005ce4       0x18 C:\Users\PC\AppData\Local\Temp\VMBuilds\main\Arduino_STM32_genericSTM32F103C\Debug/core.a(usb_cdcacm.c.o)
                0x08005ce4                usb_cdcacm_data_available
 .text.usb_cdcacm_peek
                0x08005cfc       0x38 C:\Users\PC\AppData\Local\Temp\VMBuilds\main\Arduino_STM32_genericSTM32F103C\Debug/core.a(usb_cdcacm.c.o)
                0x08005cfc                usb_cdcacm_peek
 .text.usb_cdcacm_rx
                0x08005d34       0x34 C:\Users\PC\AppData\Local\Temp\VMBuilds\main\Arduino_STM32_genericSTM32F103C\Debug/core.a(usb_cdcacm.c.o)
                0x08005d34                usb_cdcacm_rx
 .text.usb_cdcacm_peek_ex
                0x08005d68       0x40 C:\Users\PC\AppData\Local\Temp\VMBuilds\main\Arduino_STM32_genericSTM32F103C\Debug/core.a(usb_cdcacm.c.o)
                0x08005d68                usb_cdcacm_peek_ex
 .text.usb_cdcacm_get_dtr
                0x08005da8       0x10 C:\Users\PC\AppData\Local\Temp\VMBuilds\main\Arduino_STM32_genericSTM32F103C\Debug/core.a(usb_cdcacm.c.o)
                0x08005da8                usb_cdcacm_get_dtr
 .text.usb_cdcacm_get_baud
                0x08005db8        0xc C:\Users\PC\AppData\Local\Temp\VMBuilds\main\Arduino_STM32_genericSTM32F103C\Debug/core.a(usb_cdcacm.c.o)
                0x08005db8                usb_cdcacm_get_baud
 .text.usb_set_ep_rx_count
                0x08005dc4       0x40 C:\Users\PC\AppData\Local\Temp\VMBuilds\main\Arduino_STM32_genericSTM32F103C\Debug/core.a(usb_reg_map.c.o)
                0x08005dc4                usb_set_ep_rx_count
 .text.Standard_GetConfiguration
                0x08005e04       0x24 C:\Users\PC\AppData\Local\Temp\VMBuilds\main\Arduino_STM32_genericSTM32F103C\Debug/core.a(usb_core.c.o)
                0x08005e04                Standard_GetConfiguration
 .text.Standard_GetInterface
                0x08005e28       0x24 C:\Users\PC\AppData\Local\Temp\VMBuilds\main\Arduino_STM32_genericSTM32F103C\Debug/core.a(usb_core.c.o)
                0x08005e28                Standard_GetInterface
 .text.Standard_GetStatus
                0x08005e4c       0x90 C:\Users\PC\AppData\Local\Temp\VMBuilds\main\Arduino_STM32_genericSTM32F103C\Debug/core.a(usb_core.c.o)
                0x08005e4c                Standard_GetStatus
 .text.DataStageIn
                0x08005edc       0xa8 C:\Users\PC\AppData\Local\Temp\VMBuilds\main\Arduino_STM32_genericSTM32F103C\Debug/core.a(usb_core.c.o)
 .text.Standard_SetConfiguration
                0x08005f84       0x38 C:\Users\PC\AppData\Local\Temp\VMBuilds\main\Arduino_STM32_genericSTM32F103C\Debug/core.a(usb_core.c.o)
                0x08005f84                Standard_SetConfiguration
 .text.Standard_SetInterface
                0x08005fbc       0x48 C:\Users\PC\AppData\Local\Temp\VMBuilds\main\Arduino_STM32_genericSTM32F103C\Debug/core.a(usb_core.c.o)
                0x08005fbc                Standard_SetInterface
 .text.Standard_ClearFeature
                0x08006004       0xd0 C:\Users\PC\AppData\Local\Temp\VMBuilds\main\Arduino_STM32_genericSTM32F103C\Debug/core.a(usb_core.c.o)
                0x08006004                Standard_ClearFeature
 .text.Standard_SetEndPointFeature
                0x080060d4       0x84 C:\Users\PC\AppData\Local\Temp\VMBuilds\main\Arduino_STM32_genericSTM32F103C\Debug/core.a(usb_core.c.o)
                0x080060d4                Standard_SetEndPointFeature
 .text.Standard_SetDeviceFeature
                0x08006158       0x24 C:\Users\PC\AppData\Local\Temp\VMBuilds\main\Arduino_STM32_genericSTM32F103C\Debug/core.a(usb_core.c.o)
                0x08006158                Standard_SetDeviceFeature
 .text.Standard_GetDescriptorData
                0x0800617c       0x1c C:\Users\PC\AppData\Local\Temp\VMBuilds\main\Arduino_STM32_genericSTM32F103C\Debug/core.a(usb_core.c.o)
                0x0800617c                Standard_GetDescriptorData
 .text.Post0_Process
                0x08006198       0x40 C:\Users\PC\AppData\Local\Temp\VMBuilds\main\Arduino_STM32_genericSTM32F103C\Debug/core.a(usb_core.c.o)
                0x08006198                Post0_Process
 .text.Setup0_Process
                0x080061d8      0x2d0 C:\Users\PC\AppData\Local\Temp\VMBuilds\main\Arduino_STM32_genericSTM32F103C\Debug/core.a(usb_core.c.o)
                0x080061d8                Setup0_Process
 .text.Out0_Process
                0x080064a8       0xc8 C:\Users\PC\AppData\Local\Temp\VMBuilds\main\Arduino_STM32_genericSTM32F103C\Debug/core.a(usb_core.c.o)
                0x080064a8                Out0_Process
 .text.SetDeviceAddress
                0x08006570       0x38 C:\Users\PC\AppData\Local\Temp\VMBuilds\main\Arduino_STM32_genericSTM32F103C\Debug/core.a(usb_core.c.o)
                0x08006570                SetDeviceAddress
 .text.In0_Process
                0x080065a8       0x5c C:\Users\PC\AppData\Local\Temp\VMBuilds\main\Arduino_STM32_genericSTM32F103C\Debug/core.a(usb_core.c.o)
                0x080065a8                In0_Process
 .text.NOP_Process
                0x08006604        0x2 C:\Users\PC\AppData\Local\Temp\VMBuilds\main\Arduino_STM32_genericSTM32F103C\Debug/core.a(usb_core.c.o)
                0x08006604                NOP_Process
 .text.UserToPMABufferCopy
                0x08006606       0x30 C:\Users\PC\AppData\Local\Temp\VMBuilds\main\Arduino_STM32_genericSTM32F103C\Debug/core.a(usb_mem.c.o)
                0x08006606                UserToPMABufferCopy
 .text.PMAToUserBufferCopy
                0x08006636       0x24 C:\Users\PC\AppData\Local\Temp\VMBuilds\main\Arduino_STM32_genericSTM32F103C\Debug/core.a(usb_mem.c.o)
                0x08006636                PMAToUserBufferCopy
 .text.SetEPTxStatus
                0x0800665a       0x2a C:\Users\PC\AppData\Local\Temp\VMBuilds\main\Arduino_STM32_genericSTM32F103C\Debug/core.a(usb_regs.c.o)
                0x0800665a                SetEPTxStatus
 .text.ClearDTOG_RX
                0x08006684       0x20 C:\Users\PC\AppData\Local\Temp\VMBuilds\main\Arduino_STM32_genericSTM32F103C\Debug/core.a(usb_regs.c.o)
                0x08006684                ClearDTOG_RX
 .text.ClearDTOG_TX
                0x080066a4       0x20 C:\Users\PC\AppData\Local\Temp\VMBuilds\main\Arduino_STM32_genericSTM32F103C\Debug/core.a(usb_regs.c.o)
                0x080066a4                ClearDTOG_TX
 .text.GetEPTxAddr
                0x080066c4       0x1c C:\Users\PC\AppData\Local\Temp\VMBuilds\main\Arduino_STM32_genericSTM32F103C\Debug/core.a(usb_regs.c.o)
                0x080066c4                GetEPTxAddr
 .text.GetEPRxAddr
                0x080066e0       0x1c C:\Users\PC\AppData\Local\Temp\VMBuilds\main\Arduino_STM32_genericSTM32F103C\Debug/core.a(usb_regs.c.o)
                0x080066e0                GetEPRxAddr
 .text.SetEPTxCount
                0x080066fc       0x1c C:\Users\PC\AppData\Local\Temp\VMBuilds\main\Arduino_STM32_genericSTM32F103C\Debug/core.a(usb_regs.c.o)
                0x080066fc                SetEPTxCount
 .text.SetEPRxCount
                0x08006718       0x40 C:\Users\PC\AppData\Local\Temp\VMBuilds\main\Arduino_STM32_genericSTM32F103C\Debug/core.a(usb_regs.c.o)
                0x08006718                SetEPRxCount
 .text          0x08006758      0x370 c:/users/pc/appdata/local/arduino15/packages/arduino/tools/arm-none-eabi-gcc/4.8.3-2014q1/bin/../lib/gcc/arm-none-eabi/4.8.3/armv7-m\libgcc.a(_arm_addsubdf3.o)
                0x08006758                __aeabi_drsub
                0x08006760                __aeabi_dsub
                0x08006760                __subdf3
                0x08006764                __aeabi_dadd
                0x08006764                __adddf3
                0x080069dc                __floatunsidf
                0x080069dc                __aeabi_ui2d
                0x080069fc                __floatsidf
                0x080069fc                __aeabi_i2d
                0x08006a20                __aeabi_f2d
                0x08006a20                __extendsfdf2
                0x08006a5c                __floatundidf
                0x08006a5c                __aeabi_ul2d
                0x08006a6c                __floatdidf
                0x08006a6c                __aeabi_l2d
 .text          0x08006ac8      0x424 c:/users/pc/appdata/local/arduino15/packages/arduino/tools/arm-none-eabi-gcc/4.8.3-2014q1/bin/../lib/gcc/arm-none-eabi/4.8.3/armv7-m\libgcc.a(_arm_muldivdf3.o)
                0x08006ac8                __aeabi_dmul
                0x08006ac8                __muldf3
                0x08006d1c                __divdf3
                0x08006d1c                __aeabi_ddiv
 .text          0x08006eec       0x40 c:/users/pc/appdata/local/arduino15/packages/arduino/tools/arm-none-eabi-gcc/4.8.3-2014q1/bin/../lib/gcc/arm-none-eabi/4.8.3/armv7-m\libgcc.a(_arm_fixunsdfsi.o)
                0x08006eec                __aeabi_d2uiz
                0x08006eec                __fixunsdfsi
 .text          0x08006f2c      0x21c c:/users/pc/appdata/local/arduino15/packages/arduino/tools/arm-none-eabi-gcc/4.8.3-2014q1/bin/../lib/gcc/arm-none-eabi/4.8.3/armv7-m\libgcc.a(_arm_addsubsf3.o)
                0x08006f2c                __aeabi_frsub
                0x08006f34                __subsf3
                0x08006f34                __aeabi_fsub
                0x08006f38                __aeabi_fadd
                0x08006f38                __addsf3
                0x08007098                __aeabi_ui2f
                0x08007098                __floatunsisf
                0x080070a0                __aeabi_i2f
                0x080070a0                __floatsisf
                0x080070bc                __aeabi_ul2f
                0x080070bc                __floatundisf
                0x080070cc                __aeabi_l2f
                0x080070cc                __floatdisf
 .text          0x08007148       0x2c c:/users/pc/appdata/local/arduino15/packages/arduino/tools/arm-none-eabi-gcc/4.8.3-2014q1/bin/../lib/gcc/arm-none-eabi/4.8.3/armv7-m\libgcc.a(_aeabi_uldivmod.o)
                0x08007148                __aeabi_uldivmod
 .text          0x08007174       0x60 c:/users/pc/appdata/local/arduino15/packages/arduino/tools/arm-none-eabi-gcc/4.8.3-2014q1/bin/../lib/gcc/arm-none-eabi/4.8.3/armv7-m\libgcc.a(bpabi.o)
                0x08007174                __gnu_ldivmod_helper
                0x080071a4                __gnu_uldivmod_helper
 .text          0x080071d4        0x4 c:/users/pc/appdata/local/arduino15/packages/arduino/tools/arm-none-eabi-gcc/4.8.3-2014q1/bin/../lib/gcc/arm-none-eabi/4.8.3/armv7-m\libgcc.a(_dvmd_tls.o)
                0x080071d4                __aeabi_idiv0
                0x080071d4                __aeabi_ldiv0
 .text          0x080071d8      0x2a0 c:/users/pc/appdata/local/arduino15/packages/arduino/tools/arm-none-eabi-gcc/4.8.3-2014q1/bin/../lib/gcc/arm-none-eabi/4.8.3/armv7-m\libgcc.a(_divdi3.o)
                0x080071d8                __divdi3
 .text          0x08007478      0x290 c:/users/pc/appdata/local/arduino15/packages/arduino/tools/arm-none-eabi-gcc/4.8.3-2014q1/bin/../lib/gcc/arm-none-eabi/4.8.3/armv7-m\libgcc.a(_udivdi3.o)
                0x08007478                __udivdi3
 .text.__errno  0x08007708        0xc c:/users/pc/appdata/local/arduino15/packages/arduino/tools/arm-none-eabi-gcc/4.8.3-2014q1/bin/../lib/gcc/arm-none-eabi/4.8.3/../../../../arm-none-eabi/lib/armv7-m\libc.a(lib_a-errno.o)
                0x08007708                __errno
 .text.exit     0x08007714       0x20 c:/users/pc/appdata/local/arduino15/packages/arduino/tools/arm-none-eabi-gcc/4.8.3-2014q1/bin/../lib/gcc/arm-none-eabi/4.8.3/../../../../arm-none-eabi/lib/armv7-m\libc.a(lib_a-exit.o)
                0x08007714                exit
 .text.__libc_init_array
                0x08007734       0x50 c:/users/pc/appdata/local/arduino15/packages/arduino/tools/arm-none-eabi-gcc/4.8.3-2014q1/bin/../lib/gcc/arm-none-eabi/4.8.3/../../../../arm-none-eabi/lib/armv7-m\libc.a(lib_a-init.o)
                0x08007734                __libc_init_array
 .text.malloc   0x08007784       0x10 c:/users/pc/appdata/local/arduino15/packages/arduino/tools/arm-none-eabi-gcc/4.8.3-2014q1/bin/../lib/gcc/arm-none-eabi/4.8.3/../../../../arm-none-eabi/lib/armv7-m\libc.a(lib_a-malloc.o)
                0x08007784                malloc
 .text.free     0x08007794       0x10 c:/users/pc/appdata/local/arduino15/packages/arduino/tools/arm-none-eabi-gcc/4.8.3-2014q1/bin/../lib/gcc/arm-none-eabi/4.8.3/../../../../arm-none-eabi/lib/armv7-m\libc.a(lib_a-malloc.o)
                0x08007794                free
 .text._malloc_r
                0x080077a4      0x538 c:/users/pc/appdata/local/arduino15/packages/arduino/tools/arm-none-eabi-gcc/4.8.3-2014q1/bin/../lib/gcc/arm-none-eabi/4.8.3/../../../../arm-none-eabi/lib/armv7-m\libc.a(lib_a-mallocr.o)
                0x080077a4                _malloc_r
 .text.memmove  0x08007cdc       0xcc c:/users/pc/appdata/local/arduino15/packages/arduino/tools/arm-none-eabi-gcc/4.8.3-2014q1/bin/../lib/gcc/arm-none-eabi/4.8.3/../../../../arm-none-eabi/lib/armv7-m\libc.a(lib_a-memmove.o)
                0x08007cdc                memmove
 .text.memset   0x08007da8       0x94 c:/users/pc/appdata/local/arduino15/packages/arduino/tools/arm-none-eabi-gcc/4.8.3-2014q1/bin/../lib/gcc/arm-none-eabi/4.8.3/../../../../arm-none-eabi/lib/armv7-m\libc.a(lib_a-memset.o)
                0x08007da8                memset
 .text.__malloc_lock
                0x08007e3c        0x4 c:/users/pc/appdata/local/arduino15/packages/arduino/tools/arm-none-eabi-gcc/4.8.3-2014q1/bin/../lib/gcc/arm-none-eabi/4.8.3/../../../../arm-none-eabi/lib/armv7-m\libc.a(lib_a-mlock.o)
                0x08007e3c                __malloc_lock
 .text.__malloc_unlock
                0x08007e40        0x4 c:/users/pc/appdata/local/arduino15/packages/arduino/tools/arm-none-eabi-gcc/4.8.3-2014q1/bin/../lib/gcc/arm-none-eabi/4.8.3/../../../../arm-none-eabi/lib/armv7-m\libc.a(lib_a-mlock.o)
                0x08007e40                __malloc_unlock
 .text.realloc  0x08007e44       0x10 c:/users/pc/appdata/local/arduino15/packages/arduino/tools/arm-none-eabi-gcc/4.8.3-2014q1/bin/../lib/gcc/arm-none-eabi/4.8.3/../../../../arm-none-eabi/lib/armv7-m\libc.a(lib_a-realloc.o)
                0x08007e44                realloc
 .text._realloc_r
                0x08007e54      0x3c0 c:/users/pc/appdata/local/arduino15/packages/arduino/tools/arm-none-eabi-gcc/4.8.3-2014q1/bin/../lib/gcc/arm-none-eabi/4.8.3/../../../../arm-none-eabi/lib/armv7-m\libc.a(lib_a-reallocr.o)
                0x08007e54                _realloc_r
 .text._sbrk_r  0x08008214       0x24 c:/users/pc/appdata/local/arduino15/packages/arduino/tools/arm-none-eabi-gcc/4.8.3-2014q1/bin/../lib/gcc/arm-none-eabi/4.8.3/../../../../arm-none-eabi/lib/armv7-m\libc.a(lib_a-sbrkr.o)
                0x08008214                _sbrk_r
 .text.strchr   0x08008238       0xf4 c:/users/pc/appdata/local/arduino15/packages/arduino/tools/arm-none-eabi-gcc/4.8.3-2014q1/bin/../lib/gcc/arm-none-eabi/4.8.3/../../../../arm-none-eabi/lib/armv7-m\libc.a(lib_a-strchr.o)
                0x08008238                strchr
 .text.strcpy   0x0800832c       0xbc c:/users/pc/appdata/local/arduino15/packages/arduino/tools/arm-none-eabi-gcc/4.8.3-2014q1/bin/../lib/gcc/arm-none-eabi/4.8.3/../../../../arm-none-eabi/lib/armv7-m\libc.a(lib_a-strcpy.o)
                0x0800832c                strcpy
 .text.strlen   0x080083e8       0x60 c:/users/pc/appdata/local/arduino15/packages/arduino/tools/arm-none-eabi-gcc/4.8.3-2014q1/bin/../lib/gcc/arm-none-eabi/4.8.3/../../../../arm-none-eabi/lib/armv7-m\libc.a(lib_a-strlen.o)
                0x080083e8                strlen
 .text.critical_factorization
                0x08008448       0xbc c:/users/pc/appdata/local/arduino15/packages/arduino/tools/arm-none-eabi-gcc/4.8.3-2014q1/bin/../lib/gcc/arm-none-eabi/4.8.3/../../../../arm-none-eabi/lib/armv7-m\libc.a(lib_a-strstr.o)
 .text.two_way_long_needle
                0x08008504      0x1ec c:/users/pc/appdata/local/arduino15/packages/arduino/tools/arm-none-eabi-gcc/4.8.3-2014q1/bin/../lib/gcc/arm-none-eabi/4.8.3/../../../../arm-none-eabi/lib/armv7-m\libc.a(lib_a-strstr.o)
 .text.strstr   0x080086f0      0x200 c:/users/pc/appdata/local/arduino15/packages/arduino/tools/arm-none-eabi-gcc/4.8.3-2014q1/bin/../lib/gcc/arm-none-eabi/4.8.3/../../../../arm-none-eabi/lib/armv7-m\libc.a(lib_a-strstr.o)
                0x080086f0                strstr
 .text.startup.register_fini
                0x080088f0       0x14 c:/users/pc/appdata/local/arduino15/packages/arduino/tools/arm-none-eabi-gcc/4.8.3-2014q1/bin/../lib/gcc/arm-none-eabi/4.8.3/../../../../arm-none-eabi/lib/armv7-m\libc.a(lib_a-__call_atexit.o)
 .text.__call_exitprocs
                0x08008904       0xf0 c:/users/pc/appdata/local/arduino15/packages/arduino/tools/arm-none-eabi-gcc/4.8.3-2014q1/bin/../lib/gcc/arm-none-eabi/4.8.3/../../../../arm-none-eabi/lib/armv7-m\libc.a(lib_a-__call_atexit.o)
                0x08008904                __call_exitprocs
 .text.atexit   0x080089f4        0xc c:/users/pc/appdata/local/arduino15/packages/arduino/tools/arm-none-eabi-gcc/4.8.3-2014q1/bin/../lib/gcc/arm-none-eabi/4.8.3/../../../../arm-none-eabi/lib/armv7-m\libc.a(lib_a-atexit.o)
                0x080089f4                atexit
 .text.__libc_fini_array
                0x08008a00       0x30 c:/users/pc/appdata/local/arduino15/packages/arduino/tools/arm-none-eabi-gcc/4.8.3-2014q1/bin/../lib/gcc/arm-none-eabi/4.8.3/../../../../arm-none-eabi/lib/armv7-m\libc.a(lib_a-fini.o)
                0x08008a00                __libc_fini_array
 .text._malloc_trim_r
                0x08008a30       0x9c c:/users/pc/appdata/local/arduino15/packages/arduino/tools/arm-none-eabi-gcc/4.8.3-2014q1/bin/../lib/gcc/arm-none-eabi/4.8.3/../../../../arm-none-eabi/lib/armv7-m\libc.a(lib_a-freer.o)
                0x08008a30                _malloc_trim_r
 .text._free_r  0x08008acc      0x198 c:/users/pc/appdata/local/arduino15/packages/arduino/tools/arm-none-eabi-gcc/4.8.3-2014q1/bin/../lib/gcc/arm-none-eabi/4.8.3/../../../../arm-none-eabi/lib/armv7-m\libc.a(lib_a-freer.o)
                0x08008acc                _free_r
 .text.memchr   0x08008c64       0x94 c:/users/pc/appdata/local/arduino15/packages/arduino/tools/arm-none-eabi-gcc/4.8.3-2014q1/bin/../lib/gcc/arm-none-eabi/4.8.3/../../../../arm-none-eabi/lib/armv7-m\libc.a(lib_a-memchr-stub.o)
                0x08008c64                memchr
 .text.memcmp   0x08008cf8       0x68 c:/users/pc/appdata/local/arduino15/packages/arduino/tools/arm-none-eabi-gcc/4.8.3-2014q1/bin/../lib/gcc/arm-none-eabi/4.8.3/../../../../arm-none-eabi/lib/armv7-m\libc.a(lib_a-memcmp.o)
                0x08008cf8                memcmp
 .text.__register_exitproc
                0x08008d60       0xa8 c:/users/pc/appdata/local/arduino15/packages/arduino/tools/arm-none-eabi-gcc/4.8.3-2014q1/bin/../lib/gcc/arm-none-eabi/4.8.3/../../../../arm-none-eabi/lib/armv7-m\libc.a(lib_a-__atexit.o)
                0x08008d60                __register_exitproc
 *(.plt)
 *(.gnu.warning)
 *(.glue_7t)
 .glue_7t       0x00000000        0x0 linker stubs
 *(.glue_7)
 .glue_7        0x00000000        0x0 linker stubs
 *(.vfp11_veneer)
 .vfp11_veneer  0x00000000        0x0 linker stubs
 *(.ARM.extab* .gnu.linkonce.armextab.*)
 *(.gcc_except_table)
 *(.eh_frame_hdr)
 *(.eh_frame)
 .eh_frame      0x08008e08        0x0 c:/users/pc/appdata/local/arduino15/packages/arduino/tools/arm-none-eabi-gcc/4.8.3-2014q1/bin/../lib/gcc/arm-none-eabi/4.8.3/armv7-m/crtbegin.o
                0x08008e08                . = ALIGN (0x4)
 *(.init)
 .init          0x08008e08        0x4 c:/users/pc/appdata/local/arduino15/packages/arduino/tools/arm-none-eabi-gcc/4.8.3-2014q1/bin/../lib/gcc/arm-none-eabi/4.8.3/armv7-m/crti.o
                0x08008e08                _init
 .init          0x08008e0c        0x8 c:/users/pc/appdata/local/arduino15/packages/arduino/tools/arm-none-eabi-gcc/4.8.3-2014q1/bin/../lib/gcc/arm-none-eabi/4.8.3/armv7-m/crtn.o
                0x08008e14                . = ALIGN (0x4)
                0x08008e14                __preinit_array_start = .
 *(.preinit_array)
                0x08008e14                __preinit_array_end = .
                0x08008e14                . = ALIGN (0x4)
                0x08008e14                __init_array_start = .
 *(SORT(.init_array.*))
 .init_array.00000
                0x08008e14        0x4 c:/users/pc/appdata/local/arduino15/packages/arduino/tools/arm-none-eabi-gcc/4.8.3-2014q1/bin/../lib/gcc/arm-none-eabi/4.8.3/../../../../arm-none-eabi/lib/armv7-m\libc.a(lib_a-__call_atexit.o)
 .init_array.00101
                0x08008e18        0x4 C:\Users\PC\AppData\Local\Temp\VMBuilds\main\Arduino_STM32_genericSTM32F103C\Debug/core.a(main.cpp.o)
 *(.init_array)
 .init_array    0x08008e1c        0x4 c:/users/pc/appdata/local/arduino15/packages/arduino/tools/arm-none-eabi-gcc/4.8.3-2014q1/bin/../lib/gcc/arm-none-eabi/4.8.3/armv7-m/crtbegin.o
 .init_array    0x08008e20        0x4 C:\Users\PC\AppData\Local\Temp\VMBuilds\main\Arduino_STM32_genericSTM32F103C\Debug\main.cpp.o
 .init_array    0x08008e24        0x4 C:\Users\PC\AppData\Local\Temp\VMBuilds\main\Arduino_STM32_genericSTM32F103C\Debug\EEPROM\EEPROM.cpp.o
 .init_array    0x08008e28        0x4 C:\Users\PC\AppData\Local\Temp\VMBuilds\main\Arduino_STM32_genericSTM32F103C\Debug\VM_DBG\VM_DBG.cpp.o
 .init_array    0x08008e2c        0x4 C:\Users\PC\AppData\Local\Temp\VMBuilds\main\Arduino_STM32_genericSTM32F103C\Debug\variant\board.cpp.o
 .init_array    0x08008e30        0x4 C:\Users\PC\AppData\Local\Temp\VMBuilds\main\Arduino_STM32_genericSTM32F103C\Debug/core.a(usb_serial.cpp.o)
                0x08008e34                __init_array_end = .
                0x08008e34                . = ALIGN (0x4)
 *crtbegin.o(.ctors)
 *(EXCLUDE_FILE(*crtend.o) .ctors)
 *(SORT(.ctors.*))
 *crtend.o(.ctors)
                0x08008e34                . = ALIGN (0x4)
 *(.fini)
 .fini          0x08008e34        0x4 c:/users/pc/appdata/local/arduino15/packages/arduino/tools/arm-none-eabi-gcc/4.8.3-2014q1/bin/../lib/gcc/arm-none-eabi/4.8.3/armv7-m/crti.o
                0x08008e34                _fini
 .fini          0x08008e38        0x8 c:/users/pc/appdata/local/arduino15/packages/arduino/tools/arm-none-eabi-gcc/4.8.3-2014q1/bin/../lib/gcc/arm-none-eabi/4.8.3/armv7-m/crtn.o
                0x08008e40                . = ALIGN (0x4)
                0x08008e40                __fini_array_start = .
 *(.fini_array)
 .fini_array    0x08008e40        0x4 c:/users/pc/appdata/local/arduino15/packages/arduino/tools/arm-none-eabi-gcc/4.8.3-2014q1/bin/../lib/gcc/arm-none-eabi/4.8.3/armv7-m/crtbegin.o
 *(SORT(.fini_array.*))
                0x08008e44                __fini_array_end = .
 *crtbegin.o(.dtors)
 *(EXCLUDE_FILE(*crtend.o) .dtors)
 *(SORT(.dtors.*))
 *crtend.o(.dtors)

.v4_bx          0x08008e44        0x0
 .v4_bx         0x00000000        0x0 linker stubs

.iplt           0x08008e44        0x0
 .iplt          0x00000000        0x0 c:/users/pc/appdata/local/arduino15/packages/arduino/tools/arm-none-eabi-gcc/4.8.3-2014q1/bin/../lib/gcc/arm-none-eabi/4.8.3/armv7-m/crtbegin.o

.text.align     0x08008e44        0x4
                0x08008e48                . = ALIGN (0x8)
 *fill*         0x08008e44        0x4 
                0x08008e48                __text_end__ = .
                0x08008e48                __exidx_start = .

.ARM.exidx      0x08008e48        0x8
 *(.ARM.exidx* .gnu.linkonce.armexidx.*)
 .ARM.exidx     0x08008e48        0x8 C:\Users\PC\AppData\Local\Temp\VMBuilds\main\Arduino_STM32_genericSTM32F103C\Debug\variant\start.S.o
 .ARM.exidx     0x08008e50        0x0 c:/users/pc/appdata/local/arduino15/packages/arduino/tools/arm-none-eabi-gcc/4.8.3-2014q1/bin/../lib/gcc/arm-none-eabi/4.8.3/armv7-m\libgcc.a(_divdi3.o)
                                  0x8 (size before relaxing)
 .ARM.exidx     0x08008e50        0x0 c:/users/pc/appdata/local/arduino15/packages/arduino/tools/arm-none-eabi-gcc/4.8.3-2014q1/bin/../lib/gcc/arm-none-eabi/4.8.3/armv7-m\libgcc.a(_udivdi3.o)
                                  0x8 (size before relaxing)
                0x08008e50                __exidx_end = .

.data           0x20000000      0xbf8 load address 0x08008e50
                0x20000000                __data_start__ = .
                0x20000000        0x4 LONG 0x0
                0x20000008                . = ALIGN (0x8)
 *fill*         0x20000004        0x4 
 *(.got.plt)
 *(.got)
 *(.data .data.* .gnu.linkonce.d.*)
 .data.local_analog_pin
                0x20000008        0x7 C:\Users\PC\AppData\Local\Temp\VMBuilds\main\Arduino_STM32_genericSTM32F103C\Debug\main.cpp.o
                0x20000008                local_analog_pin
 *fill*         0x2000000f        0x1 
 .data._ZN6wirish4privL8pll_dataE
                0x20000010        0x4 C:\Users\PC\AppData\Local\Temp\VMBuilds\main\Arduino_STM32_genericSTM32F103C\Debug\variant\boards_setup.cpp.o
 .data._ZN6wirish4priv9w_adc_smpE
                0x20000014        0x1 C:\Users\PC\AppData\Local\Temp\VMBuilds\main\Arduino_STM32_genericSTM32F103C\Debug\variant\boards_setup.cpp.o
                0x20000014                wirish::priv::w_adc_smp
 *fill*         0x20000015        0x1 
 .data._ZN6wirish4priv9w_adc_preE
                0x20000016        0x2 C:\Users\PC\AppData\Local\Temp\VMBuilds\main\Arduino_STM32_genericSTM32F103C\Debug\variant\boards_setup.cpp.o
                0x20000016                wirish::priv::w_adc_pre
 .data._ZN6wirish4priv15w_board_pll_cfgE
                0x20000018        0x8 C:\Users\PC\AppData\Local\Temp\VMBuilds\main\Arduino_STM32_genericSTM32F103C\Debug\variant\boards_setup.cpp.o
                0x20000018                wirish::priv::w_board_pll_cfg
 .data.adc2     0x20000020        0x8 C:\Users\PC\AppData\Local\Temp\VMBuilds\main\Arduino_STM32_genericSTM32F103C\Debug/core.a(adc_f1.c.o)
                0x20000020                adc2
 .data.adc1     0x20000028       0x18 C:\Users\PC\AppData\Local\Temp\VMBuilds\main\Arduino_STM32_genericSTM32F103C\Debug/core.a(adc_f1.c.o)
                0x20000028                adc1
 .data.ADC2     0x20000040        0x4 C:\Users\PC\AppData\Local\Temp\VMBuilds\main\Arduino_STM32_genericSTM32F103C\Debug/core.a(adc_f1.c.o)
                0x20000040                ADC2
 .data.ADC1     0x20000044        0x4 C:\Users\PC\AppData\Local\Temp\VMBuilds\main\Arduino_STM32_genericSTM32F103C\Debug/core.a(adc_f1.c.o)
                0x20000044                ADC1
 .data.gpioa    0x20000048        0x8 C:\Users\PC\AppData\Local\Temp\VMBuilds\main\Arduino_STM32_genericSTM32F103C\Debug/core.a(gpio_f1.c.o)
                0x20000048                gpioa
 .data.gpiob    0x20000050        0x8 C:\Users\PC\AppData\Local\Temp\VMBuilds\main\Arduino_STM32_genericSTM32F103C\Debug/core.a(gpio_f1.c.o)
                0x20000050                gpiob
 .data.gpioc    0x20000058        0x8 C:\Users\PC\AppData\Local\Temp\VMBuilds\main\Arduino_STM32_genericSTM32F103C\Debug/core.a(gpio_f1.c.o)
                0x20000058                gpioc
 .data.gpiod    0x20000060        0x8 C:\Users\PC\AppData\Local\Temp\VMBuilds\main\Arduino_STM32_genericSTM32F103C\Debug/core.a(gpio_f1.c.o)
                0x20000060                gpiod
 .data.enable_regs.4411
                0x20000068        0xc C:\Users\PC\AppData\Local\Temp\VMBuilds\main\Arduino_STM32_genericSTM32F103C\Debug/core.a(rcc_f1.c.o)
 .data.reset_regs.4415
                0x20000074        0x8 C:\Users\PC\AppData\Local\Temp\VMBuilds\main\Arduino_STM32_genericSTM32F103C\Debug/core.a(rcc_f1.c.o)
 .data.enable_regs.4424
                0x2000007c        0xc C:\Users\PC\AppData\Local\Temp\VMBuilds\main\Arduino_STM32_genericSTM32F103C\Debug/core.a(rcc_f1.c.o)
 .data.timer3   0x20000088       0x24 C:\Users\PC\AppData\Local\Temp\VMBuilds\main\Arduino_STM32_genericSTM32F103C\Debug/core.a(timer.c.o)
                0x20000088                timer3
 .data.timer4   0x200000ac       0x24 C:\Users\PC\AppData\Local\Temp\VMBuilds\main\Arduino_STM32_genericSTM32F103C\Debug/core.a(timer.c.o)
                0x200000ac                timer4
 .data.timer1   0x200000d0       0x28 C:\Users\PC\AppData\Local\Temp\VMBuilds\main\Arduino_STM32_genericSTM32F103C\Debug/core.a(timer.c.o)
                0x200000d0                timer1
 .data.timer2   0x200000f8       0x24 C:\Users\PC\AppData\Local\Temp\VMBuilds\main\Arduino_STM32_genericSTM32F103C\Debug/core.a(timer.c.o)
                0x200000f8                timer2
 .data.USART1   0x2000011c        0x4 C:\Users\PC\AppData\Local\Temp\VMBuilds\main\Arduino_STM32_genericSTM32F103C\Debug/core.a(usart_f1.c.o)
                0x2000011c                USART1
 .data.USART2   0x20000120        0x4 C:\Users\PC\AppData\Local\Temp\VMBuilds\main\Arduino_STM32_genericSTM32F103C\Debug/core.a(usart_f1.c.o)
                0x20000120                USART2
 .data.USART3   0x20000124        0x4 C:\Users\PC\AppData\Local\Temp\VMBuilds\main\Arduino_STM32_genericSTM32F103C\Debug/core.a(usart_f1.c.o)
                0x20000124                USART3
 .data.usart1   0x20000128       0x94 C:\Users\PC\AppData\Local\Temp\VMBuilds\main\Arduino_STM32_genericSTM32F103C\Debug/core.a(usart_f1.c.o)
 .data.usart2   0x200001bc       0x94 C:\Users\PC\AppData\Local\Temp\VMBuilds\main\Arduino_STM32_genericSTM32F103C\Debug/core.a(usart_f1.c.o)
 .data.usart3   0x20000250       0x94 C:\Users\PC\AppData\Local\Temp\VMBuilds\main\Arduino_STM32_genericSTM32F103C\Debug/core.a(usart_f1.c.o)
 .data.USBLIB   0x200002e4        0x4 C:\Users\PC\AppData\Local\Temp\VMBuilds\main\Arduino_STM32_genericSTM32F103C\Debug/core.a(usb.c.o)
                0x200002e4                USBLIB
 .data.usblib   0x200002e8       0x10 C:\Users\PC\AppData\Local\Temp\VMBuilds\main\Arduino_STM32_genericSTM32F103C\Debug/core.a(usb.c.o)
 .data.Config_Descriptor
                0x200002f8        0x8 C:\Users\PC\AppData\Local\Temp\VMBuilds\main\Arduino_STM32_genericSTM32F103C\Debug/core.a(usb_cdcacm.c.o)
 .data.Device_Property
                0x20000300       0x30 C:\Users\PC\AppData\Local\Temp\VMBuilds\main\Arduino_STM32_genericSTM32F103C\Debug/core.a(usb_cdcacm.c.o)
                0x20000300                Device_Property
 .data.ep_int_in
                0x20000330       0x1c C:\Users\PC\AppData\Local\Temp\VMBuilds\main\Arduino_STM32_genericSTM32F103C\Debug/core.a(usb_cdcacm.c.o)
 .data.String_Descriptor
                0x2000034c       0x18 C:\Users\PC\AppData\Local\Temp\VMBuilds\main\Arduino_STM32_genericSTM32F103C\Debug/core.a(usb_cdcacm.c.o)
 .data.ep_int_out
                0x20000364       0x1c C:\Users\PC\AppData\Local\Temp\VMBuilds\main\Arduino_STM32_genericSTM32F103C\Debug/core.a(usb_cdcacm.c.o)
 .data.line_coding
                0x20000380        0x7 C:\Users\PC\AppData\Local\Temp\VMBuilds\main\Arduino_STM32_genericSTM32F103C\Debug/core.a(usb_cdcacm.c.o)
 *fill*         0x20000387        0x1 
 .data.User_Standard_Requests
                0x20000388       0x24 C:\Users\PC\AppData\Local\Temp\VMBuilds\main\Arduino_STM32_genericSTM32F103C\Debug/core.a(usb_cdcacm.c.o)
                0x20000388                User_Standard_Requests
 .data.Device_Descriptor
                0x200003ac        0x8 C:\Users\PC\AppData\Local\Temp\VMBuilds\main\Arduino_STM32_genericSTM32F103C\Debug/core.a(usb_cdcacm.c.o)
 .data.Device_Table
                0x200003b4        0x2 C:\Users\PC\AppData\Local\Temp\VMBuilds\main\Arduino_STM32_genericSTM32F103C\Debug/core.a(usb_cdcacm.c.o)
                0x200003b4                Device_Table
 *fill*         0x200003b6        0x2 
 .data.impure_data
                0x200003b8      0x428 c:/users/pc/appdata/local/arduino15/packages/arduino/tools/arm-none-eabi-gcc/4.8.3-2014q1/bin/../lib/gcc/arm-none-eabi/4.8.3/../../../../arm-none-eabi/lib/armv7-m\libc.a(lib_a-impure.o)
 .data._impure_ptr
                0x200007e0        0x4 c:/users/pc/appdata/local/arduino15/packages/arduino/tools/arm-none-eabi-gcc/4.8.3-2014q1/bin/../lib/gcc/arm-none-eabi/4.8.3/../../../../arm-none-eabi/lib/armv7-m\libc.a(lib_a-impure.o)
                0x200007e0                _impure_ptr
 .data.__malloc_av_
                0x200007e4      0x408 c:/users/pc/appdata/local/arduino15/packages/arduino/tools/arm-none-eabi-gcc/4.8.3-2014q1/bin/../lib/gcc/arm-none-eabi/4.8.3/../../../../arm-none-eabi/lib/armv7-m\libc.a(lib_a-mallocr.o)
                0x200007e4                __malloc_av_
 .data.__malloc_trim_threshold
                0x20000bec        0x4 c:/users/pc/appdata/local/arduino15/packages/arduino/tools/arm-none-eabi-gcc/4.8.3-2014q1/bin/../lib/gcc/arm-none-eabi/4.8.3/../../../../arm-none-eabi/lib/armv7-m\libc.a(lib_a-mallocr.o)
                0x20000bec                __malloc_trim_threshold
 .data.__malloc_sbrk_base
                0x20000bf0        0x4 c:/users/pc/appdata/local/arduino15/packages/arduino/tools/arm-none-eabi-gcc/4.8.3-2014q1/bin/../lib/gcc/arm-none-eabi/4.8.3/../../../../arm-none-eabi/lib/armv7-m\libc.a(lib_a-mallocr.o)
                0x20000bf0                __malloc_sbrk_base
                0x20000bf8                . = ALIGN (0x8)
 *fill*         0x20000bf4        0x4 
                0x20000bf8                __data_end__ = .

.jcr            0x20000bf8        0x0 load address 0x08009a48